Archive member included to satisfy reference by file (symbol)

c:/nxp/s32ds_arm_v2.2/s32ds/build_tools/gcc_v6.3/gcc-6.3-arm32-eabi/bin/../lib/gcc/arm-none-eabi/6.3.1/thumb/v6-m\libgcc.a(_udivsi3.o)
                              ./SDK/platform/devices/S32K118/startup/system_S32K118.o (__aeabi_uidiv)
c:/nxp/s32ds_arm_v2.2/s32ds/build_tools/gcc_v6.3/gcc-6.3-arm32-eabi/bin/../lib/gcc/arm-none-eabi/6.3.1/thumb/v6-m\libgcc.a(_dvmd_tls.o)
                              c:/nxp/s32ds_arm_v2.2/s32ds/build_tools/gcc_v6.3/gcc-6.3-arm32-eabi/bin/../lib/gcc/arm-none-eabi/6.3.1/thumb/v6-m\libgcc.a(_udivsi3.o) (__aeabi_idiv0)
c:/nxp/s32ds_arm_v2.2/s32ds/build_tools/gcc_v6.3/gcc-6.3-arm32-eabi/bin/../lib/gcc/arm-none-eabi/6.3.1/thumb/v6-m\libgcc.a(_aeabi_uldivmod.o)
                              ./SDK/platform/drivers/src/lpit/lpit_driver.o (__aeabi_uldivmod)
c:/nxp/s32ds_arm_v2.2/s32ds/build_tools/gcc_v6.3/gcc-6.3-arm32-eabi/bin/../lib/gcc/arm-none-eabi/6.3.1/thumb/v6-m\libgcc.a(_muldi3.o)
                              ./SDK/platform/drivers/src/lpit/lpit_driver.o (__aeabi_lmul)
c:/nxp/s32ds_arm_v2.2/s32ds/build_tools/gcc_v6.3/gcc-6.3-arm32-eabi/bin/../lib/gcc/arm-none-eabi/6.3.1/thumb/v6-m\libgcc.a(_udivmoddi4.o)
                              c:/nxp/s32ds_arm_v2.2/s32ds/build_tools/gcc_v6.3/gcc-6.3-arm32-eabi/bin/../lib/gcc/arm-none-eabi/6.3.1/thumb/v6-m\libgcc.a(_aeabi_uldivmod.o) (__udivmoddi4)
c:/nxp/s32ds_arm_v2.2/s32ds/build_tools/gcc_v6.3/gcc-6.3-arm32-eabi/bin/../lib/gcc/arm-none-eabi/6.3.1/thumb/v6-m\libgcc.a(_clzdi2.o)
                              c:/nxp/s32ds_arm_v2.2/s32ds/build_tools/gcc_v6.3/gcc-6.3-arm32-eabi/bin/../lib/gcc/arm-none-eabi/6.3.1/thumb/v6-m\libgcc.a(_udivmoddi4.o) (__clzdi2)
c:/nxp/s32ds_arm_v2.2/s32ds/build_tools/gcc_v6.3/gcc-6.3-arm32-eabi/bin/../lib/gcc/arm-none-eabi/6.3.1/thumb/v6-m\libgcc.a(_clzsi2.o)
                              c:/nxp/s32ds_arm_v2.2/s32ds/build_tools/gcc_v6.3/gcc-6.3-arm32-eabi/bin/../lib/gcc/arm-none-eabi/6.3.1/thumb/v6-m\libgcc.a(_clzdi2.o) (__clzsi2)
C:/NXP/S32DS_ARM_v2.2/S32DS/build_tools/gcc_v6.3/gcc-6.3-arm32-eabi/arm-none-eabi/newlib/lib/thumb/v6-m\libc_nano.a(lib_a-exit.o)
                              C:/NXP/S32DS_ARM_v2.2/S32DS/build_tools/gcc_v6.3/gcc-6.3-arm32-eabi/arm-none-eabi/newlib/lib/thumb/v6-m/crt0.o (exit)
C:/NXP/S32DS_ARM_v2.2/S32DS/build_tools/gcc_v6.3/gcc-6.3-arm32-eabi/arm-none-eabi/newlib/lib/thumb/v6-m\libc_nano.a(lib_a-impure.o)
                              C:/NXP/S32DS_ARM_v2.2/S32DS/build_tools/gcc_v6.3/gcc-6.3-arm32-eabi/arm-none-eabi/newlib/lib/thumb/v6-m\libc_nano.a(lib_a-exit.o) (_global_impure_ptr)
C:/NXP/S32DS_ARM_v2.2/S32DS/build_tools/gcc_v6.3/gcc-6.3-arm32-eabi/arm-none-eabi/newlib/lib/thumb/v6-m\libc_nano.a(lib_a-init.o)
                              C:/NXP/S32DS_ARM_v2.2/S32DS/build_tools/gcc_v6.3/gcc-6.3-arm32-eabi/arm-none-eabi/newlib/lib/thumb/v6-m/crt0.o (__libc_init_array)
C:/NXP/S32DS_ARM_v2.2/S32DS/build_tools/gcc_v6.3/gcc-6.3-arm32-eabi/arm-none-eabi/newlib/lib/thumb/v6-m\libc_nano.a(lib_a-memset.o)
                              C:/NXP/S32DS_ARM_v2.2/S32DS/build_tools/gcc_v6.3/gcc-6.3-arm32-eabi/arm-none-eabi/newlib/lib/thumb/v6-m/crt0.o (memset)
C:/NXP/S32DS_ARM_v2.2/S32DS/build_tools/gcc_v6.3/gcc-6.3-arm32-eabi/arm-none-eabi/newlib/lib/thumb/v6-m\libnosys.a(_exit.o)
                              C:/NXP/S32DS_ARM_v2.2/S32DS/build_tools/gcc_v6.3/gcc-6.3-arm32-eabi/arm-none-eabi/newlib/lib/thumb/v6-m\libc_nano.a(lib_a-exit.o) (_exit)

Allocating common symbols
Common symbol       size              file

g_xtal0ClkFreq      0x4               ./SDK/platform/drivers/src/clock/S32K1xx/clock_S32K1xx.o
g_RtcClkInFreq      0x4               ./SDK/platform/drivers/src/clock/S32K1xx/clock_S32K1xx.o
g_TClkFreq          0xc               ./SDK/platform/drivers/src/clock/S32K1xx/clock_S32K1xx.o

Discarded input sections

 .text          0x00000000        0x0 c:/nxp/s32ds_arm_v2.2/s32ds/build_tools/gcc_v6.3/gcc-6.3-arm32-eabi/bin/../lib/gcc/arm-none-eabi/6.3.1/thumb/v6-m/crti.o
 .data          0x00000000        0x0 c:/nxp/s32ds_arm_v2.2/s32ds/build_tools/gcc_v6.3/gcc-6.3-arm32-eabi/bin/../lib/gcc/arm-none-eabi/6.3.1/thumb/v6-m/crti.o
 .bss           0x00000000        0x0 c:/nxp/s32ds_arm_v2.2/s32ds/build_tools/gcc_v6.3/gcc-6.3-arm32-eabi/bin/../lib/gcc/arm-none-eabi/6.3.1/thumb/v6-m/crti.o
 .text          0x00000000       0xb4 c:/nxp/s32ds_arm_v2.2/s32ds/build_tools/gcc_v6.3/gcc-6.3-arm32-eabi/bin/../lib/gcc/arm-none-eabi/6.3.1/thumb/v6-m/crtbegin.o
 .data          0x00000000        0x4 c:/nxp/s32ds_arm_v2.2/s32ds/build_tools/gcc_v6.3/gcc-6.3-arm32-eabi/bin/../lib/gcc/arm-none-eabi/6.3.1/thumb/v6-m/crtbegin.o
 .bss           0x00000000       0x1c c:/nxp/s32ds_arm_v2.2/s32ds/build_tools/gcc_v6.3/gcc-6.3-arm32-eabi/bin/../lib/gcc/arm-none-eabi/6.3.1/thumb/v6-m/crtbegin.o
 .init_array    0x00000000        0x4 c:/nxp/s32ds_arm_v2.2/s32ds/build_tools/gcc_v6.3/gcc-6.3-arm32-eabi/bin/../lib/gcc/arm-none-eabi/6.3.1/thumb/v6-m/crtbegin.o
 .fini_array    0x00000000        0x4 c:/nxp/s32ds_arm_v2.2/s32ds/build_tools/gcc_v6.3/gcc-6.3-arm32-eabi/bin/../lib/gcc/arm-none-eabi/6.3.1/thumb/v6-m/crtbegin.o
 .eh_frame      0x00000000        0x0 c:/nxp/s32ds_arm_v2.2/s32ds/build_tools/gcc_v6.3/gcc-6.3-arm32-eabi/bin/../lib/gcc/arm-none-eabi/6.3.1/thumb/v6-m/crtbegin.o
 .jcr           0x00000000        0x0 c:/nxp/s32ds_arm_v2.2/s32ds/build_tools/gcc_v6.3/gcc-6.3-arm32-eabi/bin/../lib/gcc/arm-none-eabi/6.3.1/thumb/v6-m/crtbegin.o
 .tm_clone_table
                0x00000000        0x0 c:/nxp/s32ds_arm_v2.2/s32ds/build_tools/gcc_v6.3/gcc-6.3-arm32-eabi/bin/../lib/gcc/arm-none-eabi/6.3.1/thumb/v6-m/crtbegin.o
 .comment       0x00000000       0xa1 c:/nxp/s32ds_arm_v2.2/s32ds/build_tools/gcc_v6.3/gcc-6.3-arm32-eabi/bin/../lib/gcc/arm-none-eabi/6.3.1/thumb/v6-m/crtbegin.o
 .ARM.attributes
                0x00000000       0x2c c:/nxp/s32ds_arm_v2.2/s32ds/build_tools/gcc_v6.3/gcc-6.3-arm32-eabi/bin/../lib/gcc/arm-none-eabi/6.3.1/thumb/v6-m/crtbegin.o
 .text          0x00000000       0x78 C:/NXP/S32DS_ARM_v2.2/S32DS/build_tools/gcc_v6.3/gcc-6.3-arm32-eabi/arm-none-eabi/newlib/lib/thumb/v6-m/crt0.o
 .data          0x00000000        0x0 C:/NXP/S32DS_ARM_v2.2/S32DS/build_tools/gcc_v6.3/gcc-6.3-arm32-eabi/arm-none-eabi/newlib/lib/thumb/v6-m/crt0.o
 .bss           0x00000000        0x0 C:/NXP/S32DS_ARM_v2.2/S32DS/build_tools/gcc_v6.3/gcc-6.3-arm32-eabi/arm-none-eabi/newlib/lib/thumb/v6-m/crt0.o
 .ARM.extab     0x00000000        0x0 C:/NXP/S32DS_ARM_v2.2/S32DS/build_tools/gcc_v6.3/gcc-6.3-arm32-eabi/arm-none-eabi/newlib/lib/thumb/v6-m/crt0.o
 .ARM.exidx     0x00000000        0x8 C:/NXP/S32DS_ARM_v2.2/S32DS/build_tools/gcc_v6.3/gcc-6.3-arm32-eabi/arm-none-eabi/newlib/lib/thumb/v6-m/crt0.o
 .ARM.attributes
                0x00000000       0x1b C:/NXP/S32DS_ARM_v2.2/S32DS/build_tools/gcc_v6.3/gcc-6.3-arm32-eabi/arm-none-eabi/newlib/lib/thumb/v6-m/crt0.o
 .group         0x00000000        0x8 ./Generated_Code/Cpu.o
 .group         0x00000000        0x8 ./Generated_Code/Cpu.o
 .group         0x00000000        0x8 ./Generated_Code/Cpu.o
 .group         0x00000000        0x8 ./Generated_Code/Cpu.o
 .group         0x00000000        0x8 ./Generated_Code/Cpu.o
 .group         0x00000000        0x8 ./Generated_Code/Cpu.o
 .group         0x00000000        0x8 ./Generated_Code/Cpu.o
 .group         0x00000000        0x8 ./Generated_Code/Cpu.o
 .group         0x00000000        0x8 ./Generated_Code/Cpu.o
 .group         0x00000000        0x8 ./Generated_Code/Cpu.o
 .group         0x00000000        0x8 ./Generated_Code/Cpu.o
 .group         0x00000000        0x8 ./Generated_Code/Cpu.o
 .group         0x00000000        0x8 ./Generated_Code/Cpu.o
 .group         0x00000000        0x8 ./Generated_Code/Cpu.o
 .group         0x00000000        0x8 ./Generated_Code/Cpu.o
 .group         0x00000000        0x8 ./Generated_Code/Cpu.o
 .group         0x00000000        0x8 ./Generated_Code/Cpu.o
 .group         0x00000000        0x8 ./Generated_Code/Cpu.o
 .text          0x00000000        0x0 ./Generated_Code/Cpu.o
 .data          0x00000000        0x0 ./Generated_Code/Cpu.o
 .bss           0x00000000        0x0 ./Generated_Code/Cpu.o
 .debug_info    0x00000000     0x15a1 ./Generated_Code/Cpu.o
 .debug_abbrev  0x00000000      0x123 ./Generated_Code/Cpu.o
 .debug_aranges
                0x00000000       0x18 ./Generated_Code/Cpu.o
 .debug_macro   0x00000000      0x142 ./Generated_Code/Cpu.o
 .debug_macro   0x00000000      0x8c2 ./Generated_Code/Cpu.o
 .debug_macro   0x00000000       0x10 ./Generated_Code/Cpu.o
 .debug_macro   0x00000000       0x73 ./Generated_Code/Cpu.o
 .debug_macro   0x00000000       0x16 ./Generated_Code/Cpu.o
 .debug_macro   0x00000000       0x22 ./Generated_Code/Cpu.o
 .debug_macro   0x00000000       0x4f ./Generated_Code/Cpu.o
 .debug_macro   0x00000000       0x51 ./Generated_Code/Cpu.o
 .debug_macro   0x00000000       0xef ./Generated_Code/Cpu.o
 .debug_macro   0x00000000       0x6a ./Generated_Code/Cpu.o
 .debug_macro   0x00000000      0x1df ./Generated_Code/Cpu.o
 .debug_macro   0x00000000     0xc7f2 ./Generated_Code/Cpu.o
 .debug_macro   0x00000000      0x9c9 ./Generated_Code/Cpu.o
 .debug_macro   0x00000000       0x22 ./Generated_Code/Cpu.o
 .debug_macro   0x00000000       0x83 ./Generated_Code/Cpu.o
 .debug_macro   0x00000000      0x16d ./Generated_Code/Cpu.o
 .debug_macro   0x00000000       0x16 ./Generated_Code/Cpu.o
 .debug_macro   0x00000000       0x22 ./Generated_Code/Cpu.o
 .debug_macro   0x00000000       0x16 ./Generated_Code/Cpu.o
 .debug_line    0x00000000      0x554 ./Generated_Code/Cpu.o
 .debug_str     0x00000000    0x5a5c2 ./Generated_Code/Cpu.o
 .comment       0x00000000       0xa1 ./Generated_Code/Cpu.o
 .ARM.attributes
                0x00000000       0x32 ./Generated_Code/Cpu.o
 .group         0x00000000        0x8 ./Generated_Code/clockMan1.o
 .group         0x00000000        0x8 ./Generated_Code/clockMan1.o
 .group         0x00000000        0x8 ./Generated_Code/clockMan1.o
 .group         0x00000000        0x8 ./Generated_Code/clockMan1.o
 .group         0x00000000        0x8 ./Generated_Code/clockMan1.o
 .group         0x00000000        0x8 ./Generated_Code/clockMan1.o
 .group         0x00000000        0x8 ./Generated_Code/clockMan1.o
 .group         0x00000000        0x8 ./Generated_Code/clockMan1.o
 .group         0x00000000        0x8 ./Generated_Code/clockMan1.o
 .group         0x00000000        0x8 ./Generated_Code/clockMan1.o
 .group         0x00000000        0x8 ./Generated_Code/clockMan1.o
 .group         0x00000000        0x8 ./Generated_Code/clockMan1.o
 .group         0x00000000        0x8 ./Generated_Code/clockMan1.o
 .group         0x00000000        0x8 ./Generated_Code/clockMan1.o
 .group         0x00000000        0x8 ./Generated_Code/clockMan1.o
 .group         0x00000000        0x8 ./Generated_Code/clockMan1.o
 .group         0x00000000        0x8 ./Generated_Code/clockMan1.o
 .group         0x00000000        0x8 ./Generated_Code/clockMan1.o
 .text          0x00000000        0x0 ./Generated_Code/clockMan1.o
 .data          0x00000000        0x0 ./Generated_Code/clockMan1.o
 .bss           0x00000000        0x0 ./Generated_Code/clockMan1.o
 .debug_macro   0x00000000      0x8c2 ./Generated_Code/clockMan1.o
 .debug_macro   0x00000000       0x22 ./Generated_Code/clockMan1.o
 .debug_macro   0x00000000       0x22 ./Generated_Code/clockMan1.o
 .debug_macro   0x00000000       0x4f ./Generated_Code/clockMan1.o
 .debug_macro   0x00000000       0x51 ./Generated_Code/clockMan1.o
 .debug_macro   0x00000000       0xef ./Generated_Code/clockMan1.o
 .debug_macro   0x00000000       0x6a ./Generated_Code/clockMan1.o
 .debug_macro   0x00000000      0x1df ./Generated_Code/clockMan1.o
 .debug_macro   0x00000000       0x10 ./Generated_Code/clockMan1.o
 .debug_macro   0x00000000       0x73 ./Generated_Code/clockMan1.o
 .debug_macro   0x00000000      0x9c9 ./Generated_Code/clockMan1.o
 .debug_macro   0x00000000       0x83 ./Generated_Code/clockMan1.o
 .debug_macro   0x00000000      0x16d ./Generated_Code/clockMan1.o
 .debug_macro   0x00000000       0x16 ./Generated_Code/clockMan1.o
 .debug_macro   0x00000000       0x22 ./Generated_Code/clockMan1.o
 .debug_macro   0x00000000       0x16 ./Generated_Code/clockMan1.o
 .group         0x00000000        0x8 ./Generated_Code/lpit1.o
 .group         0x00000000        0x8 ./Generated_Code/lpit1.o
 .group         0x00000000        0x8 ./Generated_Code/lpit1.o
 .group         0x00000000        0x8 ./Generated_Code/lpit1.o
 .group         0x00000000        0x8 ./Generated_Code/lpit1.o
 .group         0x00000000        0x8 ./Generated_Code/lpit1.o
 .group         0x00000000        0x8 ./Generated_Code/lpit1.o
 .group         0x00000000        0x8 ./Generated_Code/lpit1.o
 .group         0x00000000        0x8 ./Generated_Code/lpit1.o
 .group         0x00000000        0x8 ./Generated_Code/lpit1.o
 .group         0x00000000        0x8 ./Generated_Code/lpit1.o
 .group         0x00000000        0x8 ./Generated_Code/lpit1.o
 .group         0x00000000        0x8 ./Generated_Code/lpit1.o
 .group         0x00000000        0x8 ./Generated_Code/lpit1.o
 .group         0x00000000        0x8 ./Generated_Code/lpit1.o
 .group         0x00000000        0x8 ./Generated_Code/lpit1.o
 .group         0x00000000        0x8 ./Generated_Code/lpit1.o
 .group         0x00000000        0x8 ./Generated_Code/lpit1.o
 .text          0x00000000        0x0 ./Generated_Code/lpit1.o
 .data          0x00000000        0x0 ./Generated_Code/lpit1.o
 .bss           0x00000000        0x0 ./Generated_Code/lpit1.o
 .debug_macro   0x00000000      0x8c2 ./Generated_Code/lpit1.o
 .debug_macro   0x00000000       0x22 ./Generated_Code/lpit1.o
 .debug_macro   0x00000000       0x22 ./Generated_Code/lpit1.o
 .debug_macro   0x00000000       0x4f ./Generated_Code/lpit1.o
 .debug_macro   0x00000000       0x51 ./Generated_Code/lpit1.o
 .debug_macro   0x00000000       0xef ./Generated_Code/lpit1.o
 .debug_macro   0x00000000       0x6a ./Generated_Code/lpit1.o
 .debug_macro   0x00000000      0x1df ./Generated_Code/lpit1.o
 .debug_macro   0x00000000       0x10 ./Generated_Code/lpit1.o
 .debug_macro   0x00000000       0x73 ./Generated_Code/lpit1.o
 .debug_macro   0x00000000     0xc804 ./Generated_Code/lpit1.o
 .debug_macro   0x00000000      0x9c9 ./Generated_Code/lpit1.o
 .debug_macro   0x00000000       0x10 ./Generated_Code/lpit1.o
 .debug_macro   0x00000000       0x83 ./Generated_Code/lpit1.o
 .debug_macro   0x00000000      0x16d ./Generated_Code/lpit1.o
 .debug_macro   0x00000000       0x16 ./Generated_Code/lpit1.o
 .debug_macro   0x00000000       0x22 ./Generated_Code/lpit1.o
 .debug_macro   0x00000000       0x16 ./Generated_Code/lpit1.o
 .group         0x00000000        0x8 ./Generated_Code/pin_mux.o
 .group         0x00000000        0x8 ./Generated_Code/pin_mux.o
 .group         0x00000000        0x8 ./Generated_Code/pin_mux.o
 .group         0x00000000        0x8 ./Generated_Code/pin_mux.o
 .group         0x00000000        0x8 ./Generated_Code/pin_mux.o
 .group         0x00000000        0x8 ./Generated_Code/pin_mux.o
 .group         0x00000000        0x8 ./Generated_Code/pin_mux.o
 .group         0x00000000        0x8 ./Generated_Code/pin_mux.o
 .group         0x00000000        0x8 ./Generated_Code/pin_mux.o
 .group         0x00000000        0x8 ./Generated_Code/pin_mux.o
 .group         0x00000000        0x8 ./Generated_Code/pin_mux.o
 .group         0x00000000        0x8 ./Generated_Code/pin_mux.o
 .group         0x00000000        0x8 ./Generated_Code/pin_mux.o
 .group         0x00000000        0x8 ./Generated_Code/pin_mux.o
 .text          0x00000000        0x0 ./Generated_Code/pin_mux.o
 .data          0x00000000        0x0 ./Generated_Code/pin_mux.o
 .bss           0x00000000        0x0 ./Generated_Code/pin_mux.o
 .debug_macro   0x00000000      0x8c2 ./Generated_Code/pin_mux.o
 .debug_macro   0x00000000       0x10 ./Generated_Code/pin_mux.o
 .debug_macro   0x00000000       0x73 ./Generated_Code/pin_mux.o
 .debug_macro   0x00000000       0x16 ./Generated_Code/pin_mux.o
 .debug_macro   0x00000000       0x22 ./Generated_Code/pin_mux.o
 .debug_macro   0x00000000       0x4f ./Generated_Code/pin_mux.o
 .debug_macro   0x00000000       0x51 ./Generated_Code/pin_mux.o
 .debug_macro   0x00000000       0xef ./Generated_Code/pin_mux.o
 .debug_macro   0x00000000       0x6a ./Generated_Code/pin_mux.o
 .debug_macro   0x00000000      0x1df ./Generated_Code/pin_mux.o
 .debug_macro   0x00000000     0xc7f2 ./Generated_Code/pin_mux.o
 .debug_macro   0x00000000      0x9c9 ./Generated_Code/pin_mux.o
 .debug_macro   0x00000000       0x22 ./Generated_Code/pin_mux.o
 .debug_macro   0x00000000      0x16d ./Generated_Code/pin_mux.o
 .data          0x00000000        0x0 ./Project_Settings/Startup_Code/startup_S32K118.o
 .bss           0x00000000        0x0 ./Project_Settings/Startup_Code/startup_S32K118.o
 .group         0x00000000        0x8 ./SDK/platform/devices/S32K118/startup/system_S32K118.o
 .group         0x00000000        0x8 ./SDK/platform/devices/S32K118/startup/system_S32K118.o
 .group         0x00000000        0x8 ./SDK/platform/devices/S32K118/startup/system_S32K118.o
 .group         0x00000000        0x8 ./SDK/platform/devices/S32K118/startup/system_S32K118.o
 .group         0x00000000        0x8 ./SDK/platform/devices/S32K118/startup/system_S32K118.o
 .group         0x00000000        0x8 ./SDK/platform/devices/S32K118/startup/system_S32K118.o
 .group         0x00000000        0x8 ./SDK/platform/devices/S32K118/startup/system_S32K118.o
 .group         0x00000000        0x8 ./SDK/platform/devices/S32K118/startup/system_S32K118.o
 .group         0x00000000        0x8 ./SDK/platform/devices/S32K118/startup/system_S32K118.o
 .group         0x00000000        0x8 ./SDK/platform/devices/S32K118/startup/system_S32K118.o
 .group         0x00000000        0x8 ./SDK/platform/devices/S32K118/startup/system_S32K118.o
 .group         0x00000000        0x8 ./SDK/platform/devices/S32K118/startup/system_S32K118.o
 .group         0x00000000        0x8 ./SDK/platform/devices/S32K118/startup/system_S32K118.o
 .group         0x00000000        0x8 ./SDK/platform/devices/S32K118/startup/system_S32K118.o
 .text          0x00000000        0x0 ./SDK/platform/devices/S32K118/startup/system_S32K118.o
 .data          0x00000000        0x0 ./SDK/platform/devices/S32K118/startup/system_S32K118.o
 .bss           0x00000000        0x0 ./SDK/platform/devices/S32K118/startup/system_S32K118.o
 .text.SystemCoreClockUpdate
                0x00000000       0x5c ./SDK/platform/devices/S32K118/startup/system_S32K118.o
 .text.SystemSoftwareReset
                0x00000000       0x20 ./SDK/platform/devices/S32K118/startup/system_S32K118.o
 .data.SystemCoreClock
                0x00000000        0x4 ./SDK/platform/devices/S32K118/startup/system_S32K118.o
 .debug_macro   0x00000000      0x8c2 ./SDK/platform/devices/S32K118/startup/system_S32K118.o
 .debug_macro   0x00000000       0x10 ./SDK/platform/devices/S32K118/startup/system_S32K118.o
 .debug_macro   0x00000000       0x73 ./SDK/platform/devices/S32K118/startup/system_S32K118.o
 .debug_macro   0x00000000       0x16 ./SDK/platform/devices/S32K118/startup/system_S32K118.o
 .debug_macro   0x00000000       0x22 ./SDK/platform/devices/S32K118/startup/system_S32K118.o
 .debug_macro   0x00000000       0x4f ./SDK/platform/devices/S32K118/startup/system_S32K118.o
 .debug_macro   0x00000000       0x51 ./SDK/platform/devices/S32K118/startup/system_S32K118.o
 .debug_macro   0x00000000       0xef ./SDK/platform/devices/S32K118/startup/system_S32K118.o
 .debug_macro   0x00000000       0x6a ./SDK/platform/devices/S32K118/startup/system_S32K118.o
 .debug_macro   0x00000000      0x1df ./SDK/platform/devices/S32K118/startup/system_S32K118.o
 .debug_macro   0x00000000     0xc7f2 ./SDK/platform/devices/S32K118/startup/system_S32K118.o
 .debug_macro   0x00000000      0x9c9 ./SDK/platform/devices/S32K118/startup/system_S32K118.o
 .debug_macro   0x00000000       0x22 ./SDK/platform/devices/S32K118/startup/system_S32K118.o
 .debug_macro   0x00000000       0x22 ./SDK/platform/devices/S32K118/startup/system_S32K118.o
 .group         0x00000000        0x8 ./SDK/platform/devices/startup.o
 .group         0x00000000        0x8 ./SDK/platform/devices/startup.o
 .group         0x00000000        0x8 ./SDK/platform/devices/startup.o
 .group         0x00000000        0x8 ./SDK/platform/devices/startup.o
 .group         0x00000000        0x8 ./SDK/platform/devices/startup.o
 .group         0x00000000        0x8 ./SDK/platform/devices/startup.o
 .group         0x00000000        0x8 ./SDK/platform/devices/startup.o
 .group         0x00000000        0x8 ./SDK/platform/devices/startup.o
 .group         0x00000000        0x8 ./SDK/platform/devices/startup.o
 .group         0x00000000        0x8 ./SDK/platform/devices/startup.o
 .group         0x00000000        0x8 ./SDK/platform/devices/startup.o
 .group         0x00000000        0x8 ./SDK/platform/devices/startup.o
 .group         0x00000000        0x8 ./SDK/platform/devices/startup.o
 .text          0x00000000        0x0 ./SDK/platform/devices/startup.o
 .data          0x00000000        0x0 ./SDK/platform/devices/startup.o
 .bss           0x00000000        0x0 ./SDK/platform/devices/startup.o
 .debug_macro   0x00000000      0x8c2 ./SDK/platform/devices/startup.o
 .debug_macro   0x00000000       0x22 ./SDK/platform/devices/startup.o
 .debug_macro   0x00000000       0x4f ./SDK/platform/devices/startup.o
 .debug_macro   0x00000000       0x51 ./SDK/platform/devices/startup.o
 .debug_macro   0x00000000       0xef ./SDK/platform/devices/startup.o
 .debug_macro   0x00000000       0x6a ./SDK/platform/devices/startup.o
 .debug_macro   0x00000000      0x1df ./SDK/platform/devices/startup.o
 .debug_macro   0x00000000       0x10 ./SDK/platform/devices/startup.o
 .debug_macro   0x00000000       0x73 ./SDK/platform/devices/startup.o
 .debug_macro   0x00000000     0xc804 ./SDK/platform/devices/startup.o
 .debug_macro   0x00000000      0x9c9 ./SDK/platform/devices/startup.o
 .debug_macro   0x00000000       0x22 ./SDK/platform/devices/startup.o
 .group         0x00000000        0x8 ./SDK/platform/drivers/src/clock/S32K1xx/clock_S32K1xx.o
 .group         0x00000000        0x8 ./SDK/platform/drivers/src/clock/S32K1xx/clock_S32K1xx.o
 .group         0x00000000        0x8 ./SDK/platform/drivers/src/clock/S32K1xx/clock_S32K1xx.o
 .group         0x00000000        0x8 ./SDK/platform/drivers/src/clock/S32K1xx/clock_S32K1xx.o
 .group         0x00000000        0x8 ./SDK/platform/drivers/src/clock/S32K1xx/clock_S32K1xx.o
 .group         0x00000000        0x8 ./SDK/platform/drivers/src/clock/S32K1xx/clock_S32K1xx.o
 .group         0x00000000        0x8 ./SDK/platform/drivers/src/clock/S32K1xx/clock_S32K1xx.o
 .group         0x00000000        0x8 ./SDK/platform/drivers/src/clock/S32K1xx/clock_S32K1xx.o
 .group         0x00000000        0x8 ./SDK/platform/drivers/src/clock/S32K1xx/clock_S32K1xx.o
 .group         0x00000000        0x8 ./SDK/platform/drivers/src/clock/S32K1xx/clock_S32K1xx.o
 .group         0x00000000        0x8 ./SDK/platform/drivers/src/clock/S32K1xx/clock_S32K1xx.o
 .group         0x00000000        0x8 ./SDK/platform/drivers/src/clock/S32K1xx/clock_S32K1xx.o
 .group         0x00000000        0x8 ./SDK/platform/drivers/src/clock/S32K1xx/clock_S32K1xx.o
 .group         0x00000000        0x8 ./SDK/platform/drivers/src/clock/S32K1xx/clock_S32K1xx.o
 .group         0x00000000        0x8 ./SDK/platform/drivers/src/clock/S32K1xx/clock_S32K1xx.o
 .text          0x00000000        0x0 ./SDK/platform/drivers/src/clock/S32K1xx/clock_S32K1xx.o
 .data          0x00000000        0x0 ./SDK/platform/drivers/src/clock/S32K1xx/clock_S32K1xx.o
 .bss           0x00000000        0x0 ./SDK/platform/drivers/src/clock/S32K1xx/clock_S32K1xx.o
 .text.CLOCK_SYS_TransitionToTmpSysClk
                0x00000000       0x9e ./SDK/platform/drivers/src/clock/S32K1xx/clock_S32K1xx.o
 .text.CLOCK_SYS_GetCurrentSysClkConfig
                0x00000000       0x54 ./SDK/platform/drivers/src/clock/S32K1xx/clock_S32K1xx.o
 .text.CLOCK_SYS_ConvertAsyncDividerValue
                0x00000000       0x30 ./SDK/platform/drivers/src/clock/S32K1xx/clock_S32K1xx.o
 .rodata.CLOCK_SYS_ConvertAsyncDividerValue
                0x00000000      0x104 ./SDK/platform/drivers/src/clock/S32K1xx/clock_S32K1xx.o
 .text.CLOCK_DRV_SetModuleClock
                0x00000000      0x184 ./SDK/platform/drivers/src/clock/S32K1xx/clock_S32K1xx.o
 .rodata.CLOCK_DRV_SetModuleClock
                0x00000000       0x14 ./SDK/platform/drivers/src/clock/S32K1xx/clock_S32K1xx.o
 .text.CLOCK_DRV_SetSystemClock
                0x00000000      0x140 ./SDK/platform/drivers/src/clock/S32K1xx/clock_S32K1xx.o
 .text.CLOCK_DRV_GetSystemClockSource
                0x00000000       0x50 ./SDK/platform/drivers/src/clock/S32K1xx/clock_S32K1xx.o
 .text.CLOCK_DRV_SetClockSource
                0x00000000      0x200 ./SDK/platform/drivers/src/clock/S32K1xx/clock_S32K1xx.o
 .text.CLOCK_SYS_GetCurrentConfiguration
                0x00000000        0xc ./SDK/platform/drivers/src/clock/S32K1xx/clock_S32K1xx.o
 .text.CLOCK_SYS_GetErrorCallback
                0x00000000       0x1c ./SDK/platform/drivers/src/clock/S32K1xx/clock_S32K1xx.o
 .text.CLOCK_SYS_SetConfiguration
                0x00000000        0x8 ./SDK/platform/drivers/src/clock/S32K1xx/clock_S32K1xx.o
 .rodata.sysClkDivMappings.6174
                0x00000000       0x10 ./SDK/platform/drivers/src/clock/S32K1xx/clock_S32K1xx.o
 .rodata.sysClkDivMappings.6249
                0x00000000       0x11 ./SDK/platform/drivers/src/clock/S32K1xx/clock_S32K1xx.o
 .debug_macro   0x00000000      0x8c2 ./SDK/platform/drivers/src/clock/S32K1xx/clock_S32K1xx.o
 .debug_macro   0x00000000       0x10 ./SDK/platform/drivers/src/clock/S32K1xx/clock_S32K1xx.o
 .debug_macro   0x00000000       0x73 ./SDK/platform/drivers/src/clock/S32K1xx/clock_S32K1xx.o
 .debug_macro   0x00000000       0x16 ./SDK/platform/drivers/src/clock/S32K1xx/clock_S32K1xx.o
 .debug_macro   0x00000000       0x22 ./SDK/platform/drivers/src/clock/S32K1xx/clock_S32K1xx.o
 .debug_macro   0x00000000       0x4f ./SDK/platform/drivers/src/clock/S32K1xx/clock_S32K1xx.o
 .debug_macro   0x00000000       0x51 ./SDK/platform/drivers/src/clock/S32K1xx/clock_S32K1xx.o
 .debug_macro   0x00000000       0xef ./SDK/platform/drivers/src/clock/S32K1xx/clock_S32K1xx.o
 .debug_macro   0x00000000       0x6a ./SDK/platform/drivers/src/clock/S32K1xx/clock_S32K1xx.o
 .debug_macro   0x00000000      0x1df ./SDK/platform/drivers/src/clock/S32K1xx/clock_S32K1xx.o
 .debug_macro   0x00000000     0xc7f2 ./SDK/platform/drivers/src/clock/S32K1xx/clock_S32K1xx.o
 .debug_macro   0x00000000      0x9c9 ./SDK/platform/drivers/src/clock/S32K1xx/clock_S32K1xx.o
 .debug_macro   0x00000000       0x22 ./SDK/platform/drivers/src/clock/S32K1xx/clock_S32K1xx.o
 .debug_macro   0x00000000      0x16d ./SDK/platform/drivers/src/clock/S32K1xx/clock_S32K1xx.o
 .debug_macro   0x00000000       0x83 ./SDK/platform/drivers/src/clock/S32K1xx/clock_S32K1xx.o
 .group         0x00000000        0x8 ./SDK/platform/drivers/src/interrupt/interrupt_manager.o
 .group         0x00000000        0x8 ./SDK/platform/drivers/src/interrupt/interrupt_manager.o
 .group         0x00000000        0x8 ./SDK/platform/drivers/src/interrupt/interrupt_manager.o
 .group         0x00000000        0x8 ./SDK/platform/drivers/src/interrupt/interrupt_manager.o
 .group         0x00000000        0x8 ./SDK/platform/drivers/src/interrupt/interrupt_manager.o
 .group         0x00000000        0x8 ./SDK/platform/drivers/src/interrupt/interrupt_manager.o
 .group         0x00000000        0x8 ./SDK/platform/drivers/src/interrupt/interrupt_manager.o
 .group         0x00000000        0x8 ./SDK/platform/drivers/src/interrupt/interrupt_manager.o
 .group         0x00000000        0x8 ./SDK/platform/drivers/src/interrupt/interrupt_manager.o
 .group         0x00000000        0x8 ./SDK/platform/drivers/src/interrupt/interrupt_manager.o
 .group         0x00000000        0x8 ./SDK/platform/drivers/src/interrupt/interrupt_manager.o
 .group         0x00000000        0x8 ./SDK/platform/drivers/src/interrupt/interrupt_manager.o
 .group         0x00000000        0x8 ./SDK/platform/drivers/src/interrupt/interrupt_manager.o
 .group         0x00000000        0x8 ./SDK/platform/drivers/src/interrupt/interrupt_manager.o
 .text          0x00000000        0x0 ./SDK/platform/drivers/src/interrupt/interrupt_manager.o
 .data          0x00000000        0x0 ./SDK/platform/drivers/src/interrupt/interrupt_manager.o
 .bss           0x00000000        0x0 ./SDK/platform/drivers/src/interrupt/interrupt_manager.o
 .text.INT_SYS_DisableIRQ
                0x00000000       0x34 ./SDK/platform/drivers/src/interrupt/interrupt_manager.o
 .text.INT_SYS_SetPriority
                0x00000000       0xb4 ./SDK/platform/drivers/src/interrupt/interrupt_manager.o
 .text.INT_SYS_GetPriority
                0x00000000       0x7c ./SDK/platform/drivers/src/interrupt/interrupt_manager.o
 .text.INT_SYS_ClearPending
                0x00000000       0x34 ./SDK/platform/drivers/src/interrupt/interrupt_manager.o
 .text.INT_SYS_SetPending
                0x00000000       0x34 ./SDK/platform/drivers/src/interrupt/interrupt_manager.o
 .text.INT_SYS_GetPending
                0x00000000       0x38 ./SDK/platform/drivers/src/interrupt/interrupt_manager.o
 .debug_macro   0x00000000      0x8c2 ./SDK/platform/drivers/src/interrupt/interrupt_manager.o
 .debug_macro   0x00000000       0x10 ./SDK/platform/drivers/src/interrupt/interrupt_manager.o
 .debug_macro   0x00000000       0x73 ./SDK/platform/drivers/src/interrupt/interrupt_manager.o
 .debug_macro   0x00000000       0x16 ./SDK/platform/drivers/src/interrupt/interrupt_manager.o
 .debug_macro   0x00000000       0x22 ./SDK/platform/drivers/src/interrupt/interrupt_manager.o
 .debug_macro   0x00000000       0x4f ./SDK/platform/drivers/src/interrupt/interrupt_manager.o
 .debug_macro   0x00000000       0x51 ./SDK/platform/drivers/src/interrupt/interrupt_manager.o
 .debug_macro   0x00000000       0xef ./SDK/platform/drivers/src/interrupt/interrupt_manager.o
 .debug_macro   0x00000000       0x6a ./SDK/platform/drivers/src/interrupt/interrupt_manager.o
 .debug_macro   0x00000000      0x1df ./SDK/platform/drivers/src/interrupt/interrupt_manager.o
 .debug_macro   0x00000000     0xc7f2 ./SDK/platform/drivers/src/interrupt/interrupt_manager.o
 .debug_macro   0x00000000      0x9c9 ./SDK/platform/drivers/src/interrupt/interrupt_manager.o
 .debug_macro   0x00000000       0x22 ./SDK/platform/drivers/src/interrupt/interrupt_manager.o
 .debug_macro   0x00000000       0x40 ./SDK/platform/drivers/src/interrupt/interrupt_manager.o
 .group         0x00000000        0x8 ./SDK/platform/drivers/src/lpit/lpit_driver.o
 .group         0x00000000        0x8 ./SDK/platform/drivers/src/lpit/lpit_driver.o
 .group         0x00000000        0x8 ./SDK/platform/drivers/src/lpit/lpit_driver.o
 .group         0x00000000        0x8 ./SDK/platform/drivers/src/lpit/lpit_driver.o
 .group         0x00000000        0x8 ./SDK/platform/drivers/src/lpit/lpit_driver.o
 .group         0x00000000        0x8 ./SDK/platform/drivers/src/lpit/lpit_driver.o
 .group         0x00000000        0x8 ./SDK/platform/drivers/src/lpit/lpit_driver.o
 .group         0x00000000        0x8 ./SDK/platform/drivers/src/lpit/lpit_driver.o
 .group         0x00000000        0x8 ./SDK/platform/drivers/src/lpit/lpit_driver.o
 .group         0x00000000        0x8 ./SDK/platform/drivers/src/lpit/lpit_driver.o
 .group         0x00000000        0x8 ./SDK/platform/drivers/src/lpit/lpit_driver.o
 .group         0x00000000        0x8 ./SDK/platform/drivers/src/lpit/lpit_driver.o
 .group         0x00000000        0x8 ./SDK/platform/drivers/src/lpit/lpit_driver.o
 .group         0x00000000        0x8 ./SDK/platform/drivers/src/lpit/lpit_driver.o
 .group         0x00000000        0x8 ./SDK/platform/drivers/src/lpit/lpit_driver.o
 .group         0x00000000        0x8 ./SDK/platform/drivers/src/lpit/lpit_driver.o
 .text          0x00000000        0x0 ./SDK/platform/drivers/src/lpit/lpit_driver.o
 .data          0x00000000        0x0 ./SDK/platform/drivers/src/lpit/lpit_driver.o
 .bss           0x00000000        0x0 ./SDK/platform/drivers/src/lpit/lpit_driver.o
 .text.LPIT_DRV_GetDefaultConfig
                0x00000000       0x10 ./SDK/platform/drivers/src/lpit/lpit_driver.o
 .text.LPIT_DRV_GetDefaultChanConfig
                0x00000000       0x28 ./SDK/platform/drivers/src/lpit/lpit_driver.o
 .text.LPIT_DRV_Deinit
                0x00000000       0x18 ./SDK/platform/drivers/src/lpit/lpit_driver.o
 .text.LPIT_DRV_StopTimerChannels
                0x00000000       0x28 ./SDK/platform/drivers/src/lpit/lpit_driver.o
 .text.LPIT_DRV_SetTimerPeriodInDual16ModeByUs
                0x00000000       0xd4 ./SDK/platform/drivers/src/lpit/lpit_driver.o
 .text.LPIT_DRV_GetTimerPeriodByUs
                0x00000000      0x148 ./SDK/platform/drivers/src/lpit/lpit_driver.o
 .text.LPIT_DRV_GetCurrentTimerUs
                0x00000000      0x10c ./SDK/platform/drivers/src/lpit/lpit_driver.o
 .text.LPIT_DRV_SetTimerPeriodInDual16ModeByCount
                0x00000000       0x30 ./SDK/platform/drivers/src/lpit/lpit_driver.o
 .text.LPIT_DRV_GetTimerPeriodByCount
                0x00000000       0x40 ./SDK/platform/drivers/src/lpit/lpit_driver.o
 .text.LPIT_DRV_GetCurrentTimerCount
                0x00000000       0x48 ./SDK/platform/drivers/src/lpit/lpit_driver.o
 .text.LPIT_DRV_EnableTimerChannelInterrupt
                0x00000000       0x28 ./SDK/platform/drivers/src/lpit/lpit_driver.o
 .text.LPIT_DRV_DisableTimerChannelInterrupt
                0x00000000       0x28 ./SDK/platform/drivers/src/lpit/lpit_driver.o
 .debug_macro   0x00000000      0x8c2 ./SDK/platform/drivers/src/lpit/lpit_driver.o
 .debug_macro   0x00000000      0x16d ./SDK/platform/drivers/src/lpit/lpit_driver.o
 .debug_macro   0x00000000       0x22 ./SDK/platform/drivers/src/lpit/lpit_driver.o
 .debug_macro   0x00000000       0x4f ./SDK/platform/drivers/src/lpit/lpit_driver.o
 .debug_macro   0x00000000       0x51 ./SDK/platform/drivers/src/lpit/lpit_driver.o
 .debug_macro   0x00000000       0xef ./SDK/platform/drivers/src/lpit/lpit_driver.o
 .debug_macro   0x00000000       0x6a ./SDK/platform/drivers/src/lpit/lpit_driver.o
 .debug_macro   0x00000000      0x1df ./SDK/platform/drivers/src/lpit/lpit_driver.o
 .debug_macro   0x00000000       0x22 ./SDK/platform/drivers/src/lpit/lpit_driver.o
 .debug_macro   0x00000000       0x16 ./SDK/platform/drivers/src/lpit/lpit_driver.o
 .debug_macro   0x00000000       0x10 ./SDK/platform/drivers/src/lpit/lpit_driver.o
 .debug_macro   0x00000000       0x73 ./SDK/platform/drivers/src/lpit/lpit_driver.o
 .debug_macro   0x00000000     0xc804 ./SDK/platform/drivers/src/lpit/lpit_driver.o
 .debug_macro   0x00000000      0x9c9 ./SDK/platform/drivers/src/lpit/lpit_driver.o
 .debug_macro   0x00000000       0x10 ./SDK/platform/drivers/src/lpit/lpit_driver.o
 .debug_macro   0x00000000       0x83 ./SDK/platform/drivers/src/lpit/lpit_driver.o
 .group         0x00000000        0x8 ./SDK/platform/drivers/src/pins/pins_driver.o
 .group         0x00000000        0x8 ./SDK/platform/drivers/src/pins/pins_driver.o
 .group         0x00000000        0x8 ./SDK/platform/drivers/src/pins/pins_driver.o
 .group         0x00000000        0x8 ./SDK/platform/drivers/src/pins/pins_driver.o
 .group         0x00000000        0x8 ./SDK/platform/drivers/src/pins/pins_driver.o
 .group         0x00000000        0x8 ./SDK/platform/drivers/src/pins/pins_driver.o
 .group         0x00000000        0x8 ./SDK/platform/drivers/src/pins/pins_driver.o
 .group         0x00000000        0x8 ./SDK/platform/drivers/src/pins/pins_driver.o
 .group         0x00000000        0x8 ./SDK/platform/drivers/src/pins/pins_driver.o
 .group         0x00000000        0x8 ./SDK/platform/drivers/src/pins/pins_driver.o
 .group         0x00000000        0x8 ./SDK/platform/drivers/src/pins/pins_driver.o
 .group         0x00000000        0x8 ./SDK/platform/drivers/src/pins/pins_driver.o
 .group         0x00000000        0x8 ./SDK/platform/drivers/src/pins/pins_driver.o
 .group         0x00000000        0x8 ./SDK/platform/drivers/src/pins/pins_driver.o
 .text          0x00000000        0x0 ./SDK/platform/drivers/src/pins/pins_driver.o
 .data          0x00000000        0x0 ./SDK/platform/drivers/src/pins/pins_driver.o
 .bss           0x00000000        0x0 ./SDK/platform/drivers/src/pins/pins_driver.o
 .text.PINS_DRV_SetPullSel
                0x00000000       0x52 ./SDK/platform/drivers/src/pins/pins_driver.o
 .text.PINS_DRV_SetMuxModeSel
                0x00000000        0x8 ./SDK/platform/drivers/src/pins/pins_driver.o
 .text.PINS_DRV_SetPinIntSel
                0x00000000       0x34 ./SDK/platform/drivers/src/pins/pins_driver.o
 .text.PINS_DRV_GetPinIntSel
                0x00000000       0x1c ./SDK/platform/drivers/src/pins/pins_driver.o
 .text.PINS_DRV_ClearPinIntFlagCmd
                0x00000000       0x2c ./SDK/platform/drivers/src/pins/pins_driver.o
 .text.PINS_DRV_EnableDigitalFilter
                0x00000000       0x22 ./SDK/platform/drivers/src/pins/pins_driver.o
 .text.PINS_DRV_DisableDigitalFilter
                0x00000000       0x22 ./SDK/platform/drivers/src/pins/pins_driver.o
 .text.PINS_DRV_ConfigDigitalFilter
                0x00000000       0x2c ./SDK/platform/drivers/src/pins/pins_driver.o
 .text.PINS_DRV_GetPortIntFlag
                0x00000000        0x6 ./SDK/platform/drivers/src/pins/pins_driver.o
 .text.PINS_DRV_ClearPortIntFlagCmd
                0x00000000        0xa ./SDK/platform/drivers/src/pins/pins_driver.o
 .text.PINS_DRV_GetPinsDirection
                0x00000000        0x4 ./SDK/platform/drivers/src/pins/pins_driver.o
 .text.PINS_DRV_SetPinDirection
                0x00000000       0x12 ./SDK/platform/drivers/src/pins/pins_driver.o
 .text.PINS_DRV_SetGlobalPinControl
                0x00000000        0x8 ./SDK/platform/drivers/src/pins/pins_driver.o
 .text.PINS_DRV_SetGlobalIntControl
                0x00000000        0x8 ./SDK/platform/drivers/src/pins/pins_driver.o
 .text.PINS_DRV_WritePin
                0x00000000       0x12 ./SDK/platform/drivers/src/pins/pins_driver.o
 .text.PINS_DRV_WritePins
                0x00000000        0x4 ./SDK/platform/drivers/src/pins/pins_driver.o
 .text.PINS_DRV_GetPinsOutput
                0x00000000        0x4 ./SDK/platform/drivers/src/pins/pins_driver.o
 .text.PINS_DRV_SetPins
                0x00000000        0x4 ./SDK/platform/drivers/src/pins/pins_driver.o
 .text.PINS_DRV_ReadPins
                0x00000000        0x4 ./SDK/platform/drivers/src/pins/pins_driver.o
 .debug_macro   0x00000000      0x8c2 ./SDK/platform/drivers/src/pins/pins_driver.o
 .debug_macro   0x00000000       0x10 ./SDK/platform/drivers/src/pins/pins_driver.o
 .debug_macro   0x00000000       0x73 ./SDK/platform/drivers/src/pins/pins_driver.o
 .debug_macro   0x00000000       0x16 ./SDK/platform/drivers/src/pins/pins_driver.o
 .debug_macro   0x00000000       0x22 ./SDK/platform/drivers/src/pins/pins_driver.o
 .debug_macro   0x00000000       0x4f ./SDK/platform/drivers/src/pins/pins_driver.o
 .debug_macro   0x00000000       0x51 ./SDK/platform/drivers/src/pins/pins_driver.o
 .debug_macro   0x00000000       0xef ./SDK/platform/drivers/src/pins/pins_driver.o
 .debug_macro   0x00000000       0x6a ./SDK/platform/drivers/src/pins/pins_driver.o
 .debug_macro   0x00000000      0x1df ./SDK/platform/drivers/src/pins/pins_driver.o
 .debug_macro   0x00000000     0xc7f2 ./SDK/platform/drivers/src/pins/pins_driver.o
 .debug_macro   0x00000000      0x9c9 ./SDK/platform/drivers/src/pins/pins_driver.o
 .debug_macro   0x00000000       0x22 ./SDK/platform/drivers/src/pins/pins_driver.o
 .debug_macro   0x00000000      0x16d ./SDK/platform/drivers/src/pins/pins_driver.o
 .group         0x00000000        0x8 ./SDK/platform/drivers/src/pins/pins_port_hw_access.o
 .group         0x00000000        0x8 ./SDK/platform/drivers/src/pins/pins_port_hw_access.o
 .group         0x00000000        0x8 ./SDK/platform/drivers/src/pins/pins_port_hw_access.o
 .group         0x00000000        0x8 ./SDK/platform/drivers/src/pins/pins_port_hw_access.o
 .group         0x00000000        0x8 ./SDK/platform/drivers/src/pins/pins_port_hw_access.o
 .group         0x00000000        0x8 ./SDK/platform/drivers/src/pins/pins_port_hw_access.o
 .group         0x00000000        0x8 ./SDK/platform/drivers/src/pins/pins_port_hw_access.o
 .group         0x00000000        0x8 ./SDK/platform/drivers/src/pins/pins_port_hw_access.o
 .group         0x00000000        0x8 ./SDK/platform/drivers/src/pins/pins_port_hw_access.o
 .group         0x00000000        0x8 ./SDK/platform/drivers/src/pins/pins_port_hw_access.o
 .group         0x00000000        0x8 ./SDK/platform/drivers/src/pins/pins_port_hw_access.o
 .group         0x00000000        0x8 ./SDK/platform/drivers/src/pins/pins_port_hw_access.o
 .group         0x00000000        0x8 ./SDK/platform/drivers/src/pins/pins_port_hw_access.o
 .group         0x00000000        0x8 ./SDK/platform/drivers/src/pins/pins_port_hw_access.o
 .text          0x00000000        0x0 ./SDK/platform/drivers/src/pins/pins_port_hw_access.o
 .data          0x00000000        0x0 ./SDK/platform/drivers/src/pins/pins_port_hw_access.o
 .bss           0x00000000        0x0 ./SDK/platform/drivers/src/pins/pins_port_hw_access.o
 .text.PINS_SetMuxModeSel
                0x00000000       0x34 ./SDK/platform/drivers/src/pins/pins_port_hw_access.o
 .text.PINS_SetGlobalPinControl
                0x00000000       0x2c ./SDK/platform/drivers/src/pins/pins_port_hw_access.o
 .text.PINS_SetGlobalIntControl
                0x00000000       0x26 ./SDK/platform/drivers/src/pins/pins_port_hw_access.o
 .debug_macro   0x00000000      0x8c2 ./SDK/platform/drivers/src/pins/pins_port_hw_access.o
 .debug_macro   0x00000000      0x16d ./SDK/platform/drivers/src/pins/pins_port_hw_access.o
 .debug_macro   0x00000000       0x10 ./SDK/platform/drivers/src/pins/pins_port_hw_access.o
 .debug_macro   0x00000000       0x73 ./SDK/platform/drivers/src/pins/pins_port_hw_access.o
 .debug_macro   0x00000000       0x16 ./SDK/platform/drivers/src/pins/pins_port_hw_access.o
 .debug_macro   0x00000000       0x22 ./SDK/platform/drivers/src/pins/pins_port_hw_access.o
 .debug_macro   0x00000000       0x4f ./SDK/platform/drivers/src/pins/pins_port_hw_access.o
 .debug_macro   0x00000000       0x51 ./SDK/platform/drivers/src/pins/pins_port_hw_access.o
 .debug_macro   0x00000000       0xef ./SDK/platform/drivers/src/pins/pins_port_hw_access.o
 .debug_macro   0x00000000       0x6a ./SDK/platform/drivers/src/pins/pins_port_hw_access.o
 .debug_macro   0x00000000      0x1df ./SDK/platform/drivers/src/pins/pins_port_hw_access.o
 .debug_macro   0x00000000     0xc7f2 ./SDK/platform/drivers/src/pins/pins_port_hw_access.o
 .debug_macro   0x00000000      0x9c9 ./SDK/platform/drivers/src/pins/pins_port_hw_access.o
 .debug_macro   0x00000000       0x22 ./SDK/platform/drivers/src/pins/pins_port_hw_access.o
 .group         0x00000000        0x8 ./Sources/main.o
 .group         0x00000000        0x8 ./Sources/main.o
 .group         0x00000000        0x8 ./Sources/main.o
 .group         0x00000000        0x8 ./Sources/main.o
 .group         0x00000000        0x8 ./Sources/main.o
 .group         0x00000000        0x8 ./Sources/main.o
 .group         0x00000000        0x8 ./Sources/main.o
 .group         0x00000000        0x8 ./Sources/main.o
 .group         0x00000000        0x8 ./Sources/main.o
 .group         0x00000000        0x8 ./Sources/main.o
 .group         0x00000000        0x8 ./Sources/main.o
 .group         0x00000000        0x8 ./Sources/main.o
 .group         0x00000000        0x8 ./Sources/main.o
 .group         0x00000000        0x8 ./Sources/main.o
 .group         0x00000000        0x8 ./Sources/main.o
 .group         0x00000000        0x8 ./Sources/main.o
 .group         0x00000000        0x8 ./Sources/main.o
 .group         0x00000000        0x8 ./Sources/main.o
 .text          0x00000000        0x0 ./Sources/main.o
 .data          0x00000000        0x0 ./Sources/main.o
 .bss           0x00000000        0x0 ./Sources/main.o
 .debug_macro   0x00000000      0x8c2 ./Sources/main.o
 .debug_macro   0x00000000       0x10 ./Sources/main.o
 .debug_macro   0x00000000       0x73 ./Sources/main.o
 .debug_macro   0x00000000       0x16 ./Sources/main.o
 .debug_macro   0x00000000       0x22 ./Sources/main.o
 .debug_macro   0x00000000       0x4f ./Sources/main.o
 .debug_macro   0x00000000       0x51 ./Sources/main.o
 .debug_macro   0x00000000       0xef ./Sources/main.o
 .debug_macro   0x00000000       0x6a ./Sources/main.o
 .debug_macro   0x00000000      0x1df ./Sources/main.o
 .debug_macro   0x00000000     0xc7f2 ./Sources/main.o
 .debug_macro   0x00000000      0x9c9 ./Sources/main.o
 .debug_macro   0x00000000       0x22 ./Sources/main.o
 .debug_macro   0x00000000       0x83 ./Sources/main.o
 .debug_macro   0x00000000      0x16d ./Sources/main.o
 .debug_macro   0x00000000       0x16 ./Sources/main.o
 .debug_macro   0x00000000       0x22 ./Sources/main.o
 .debug_macro   0x00000000       0x16 ./Sources/main.o
 .data          0x00000000        0x0 c:/nxp/s32ds_arm_v2.2/s32ds/build_tools/gcc_v6.3/gcc-6.3-arm32-eabi/bin/../lib/gcc/arm-none-eabi/6.3.1/thumb/v6-m\libgcc.a(_udivsi3.o)
 .bss           0x00000000        0x0 c:/nxp/s32ds_arm_v2.2/s32ds/build_tools/gcc_v6.3/gcc-6.3-arm32-eabi/bin/../lib/gcc/arm-none-eabi/6.3.1/thumb/v6-m\libgcc.a(_udivsi3.o)
 .data          0x00000000        0x0 c:/nxp/s32ds_arm_v2.2/s32ds/build_tools/gcc_v6.3/gcc-6.3-arm32-eabi/bin/../lib/gcc/arm-none-eabi/6.3.1/thumb/v6-m\libgcc.a(_dvmd_tls.o)
 .bss           0x00000000        0x0 c:/nxp/s32ds_arm_v2.2/s32ds/build_tools/gcc_v6.3/gcc-6.3-arm32-eabi/bin/../lib/gcc/arm-none-eabi/6.3.1/thumb/v6-m\libgcc.a(_dvmd_tls.o)
 .data          0x00000000        0x0 c:/nxp/s32ds_arm_v2.2/s32ds/build_tools/gcc_v6.3/gcc-6.3-arm32-eabi/bin/../lib/gcc/arm-none-eabi/6.3.1/thumb/v6-m\libgcc.a(_aeabi_uldivmod.o)
 .bss           0x00000000        0x0 c:/nxp/s32ds_arm_v2.2/s32ds/build_tools/gcc_v6.3/gcc-6.3-arm32-eabi/bin/../lib/gcc/arm-none-eabi/6.3.1/thumb/v6-m\libgcc.a(_aeabi_uldivmod.o)
 .data          0x00000000        0x0 c:/nxp/s32ds_arm_v2.2/s32ds/build_tools/gcc_v6.3/gcc-6.3-arm32-eabi/bin/../lib/gcc/arm-none-eabi/6.3.1/thumb/v6-m\libgcc.a(_muldi3.o)
 .bss           0x00000000        0x0 c:/nxp/s32ds_arm_v2.2/s32ds/build_tools/gcc_v6.3/gcc-6.3-arm32-eabi/bin/../lib/gcc/arm-none-eabi/6.3.1/thumb/v6-m\libgcc.a(_muldi3.o)
 .data          0x00000000        0x0 c:/nxp/s32ds_arm_v2.2/s32ds/build_tools/gcc_v6.3/gcc-6.3-arm32-eabi/bin/../lib/gcc/arm-none-eabi/6.3.1/thumb/v6-m\libgcc.a(_udivmoddi4.o)
 .bss           0x00000000        0x0 c:/nxp/s32ds_arm_v2.2/s32ds/build_tools/gcc_v6.3/gcc-6.3-arm32-eabi/bin/../lib/gcc/arm-none-eabi/6.3.1/thumb/v6-m\libgcc.a(_udivmoddi4.o)
 .ARM.extab     0x00000000        0x0 c:/nxp/s32ds_arm_v2.2/s32ds/build_tools/gcc_v6.3/gcc-6.3-arm32-eabi/bin/../lib/gcc/arm-none-eabi/6.3.1/thumb/v6-m\libgcc.a(_udivmoddi4.o)
 .data          0x00000000        0x0 c:/nxp/s32ds_arm_v2.2/s32ds/build_tools/gcc_v6.3/gcc-6.3-arm32-eabi/bin/../lib/gcc/arm-none-eabi/6.3.1/thumb/v6-m\libgcc.a(_clzdi2.o)
 .bss           0x00000000        0x0 c:/nxp/s32ds_arm_v2.2/s32ds/build_tools/gcc_v6.3/gcc-6.3-arm32-eabi/bin/../lib/gcc/arm-none-eabi/6.3.1/thumb/v6-m\libgcc.a(_clzdi2.o)
 .data          0x00000000        0x0 c:/nxp/s32ds_arm_v2.2/s32ds/build_tools/gcc_v6.3/gcc-6.3-arm32-eabi/bin/../lib/gcc/arm-none-eabi/6.3.1/thumb/v6-m\libgcc.a(_clzsi2.o)
 .bss           0x00000000        0x0 c:/nxp/s32ds_arm_v2.2/s32ds/build_tools/gcc_v6.3/gcc-6.3-arm32-eabi/bin/../lib/gcc/arm-none-eabi/6.3.1/thumb/v6-m\libgcc.a(_clzsi2.o)
 .text          0x00000000        0x0 C:/NXP/S32DS_ARM_v2.2/S32DS/build_tools/gcc_v6.3/gcc-6.3-arm32-eabi/arm-none-eabi/newlib/lib/thumb/v6-m\libc_nano.a(lib_a-exit.o)
 .data          0x00000000        0x0 C:/NXP/S32DS_ARM_v2.2/S32DS/build_tools/gcc_v6.3/gcc-6.3-arm32-eabi/arm-none-eabi/newlib/lib/thumb/v6-m\libc_nano.a(lib_a-exit.o)
 .bss           0x00000000        0x0 C:/NXP/S32DS_ARM_v2.2/S32DS/build_tools/gcc_v6.3/gcc-6.3-arm32-eabi/arm-none-eabi/newlib/lib/thumb/v6-m\libc_nano.a(lib_a-exit.o)
 .text.exit     0x00000000       0x2c C:/NXP/S32DS_ARM_v2.2/S32DS/build_tools/gcc_v6.3/gcc-6.3-arm32-eabi/arm-none-eabi/newlib/lib/thumb/v6-m\libc_nano.a(lib_a-exit.o)
 .debug_frame   0x00000000       0x28 C:/NXP/S32DS_ARM_v2.2/S32DS/build_tools/gcc_v6.3/gcc-6.3-arm32-eabi/arm-none-eabi/newlib/lib/thumb/v6-m\libc_nano.a(lib_a-exit.o)
 .ARM.attributes
                0x00000000       0x2c C:/NXP/S32DS_ARM_v2.2/S32DS/build_tools/gcc_v6.3/gcc-6.3-arm32-eabi/arm-none-eabi/newlib/lib/thumb/v6-m\libc_nano.a(lib_a-exit.o)
 .text          0x00000000        0x0 C:/NXP/S32DS_ARM_v2.2/S32DS/build_tools/gcc_v6.3/gcc-6.3-arm32-eabi/arm-none-eabi/newlib/lib/thumb/v6-m\libc_nano.a(lib_a-impure.o)
 .data          0x00000000        0x0 C:/NXP/S32DS_ARM_v2.2/S32DS/build_tools/gcc_v6.3/gcc-6.3-arm32-eabi/arm-none-eabi/newlib/lib/thumb/v6-m\libc_nano.a(lib_a-impure.o)
 .bss           0x00000000        0x0 C:/NXP/S32DS_ARM_v2.2/S32DS/build_tools/gcc_v6.3/gcc-6.3-arm32-eabi/arm-none-eabi/newlib/lib/thumb/v6-m\libc_nano.a(lib_a-impure.o)
 .data._impure_ptr
                0x00000000        0x4 C:/NXP/S32DS_ARM_v2.2/S32DS/build_tools/gcc_v6.3/gcc-6.3-arm32-eabi/arm-none-eabi/newlib/lib/thumb/v6-m\libc_nano.a(lib_a-impure.o)
 .data.impure_data
                0x00000000       0x60 C:/NXP/S32DS_ARM_v2.2/S32DS/build_tools/gcc_v6.3/gcc-6.3-arm32-eabi/arm-none-eabi/newlib/lib/thumb/v6-m\libc_nano.a(lib_a-impure.o)
 .rodata._global_impure_ptr
                0x00000000        0x4 C:/NXP/S32DS_ARM_v2.2/S32DS/build_tools/gcc_v6.3/gcc-6.3-arm32-eabi/arm-none-eabi/newlib/lib/thumb/v6-m\libc_nano.a(lib_a-impure.o)
 .ARM.attributes
                0x00000000       0x2c C:/NXP/S32DS_ARM_v2.2/S32DS/build_tools/gcc_v6.3/gcc-6.3-arm32-eabi/arm-none-eabi/newlib/lib/thumb/v6-m\libc_nano.a(lib_a-impure.o)
 .text          0x00000000        0x0 C:/NXP/S32DS_ARM_v2.2/S32DS/build_tools/gcc_v6.3/gcc-6.3-arm32-eabi/arm-none-eabi/newlib/lib/thumb/v6-m\libc_nano.a(lib_a-init.o)
 .data          0x00000000        0x0 C:/NXP/S32DS_ARM_v2.2/S32DS/build_tools/gcc_v6.3/gcc-6.3-arm32-eabi/arm-none-eabi/newlib/lib/thumb/v6-m\libc_nano.a(lib_a-init.o)
 .bss           0x00000000        0x0 C:/NXP/S32DS_ARM_v2.2/S32DS/build_tools/gcc_v6.3/gcc-6.3-arm32-eabi/arm-none-eabi/newlib/lib/thumb/v6-m\libc_nano.a(lib_a-init.o)
 .text.__libc_init_array
                0x00000000       0x48 C:/NXP/S32DS_ARM_v2.2/S32DS/build_tools/gcc_v6.3/gcc-6.3-arm32-eabi/arm-none-eabi/newlib/lib/thumb/v6-m\libc_nano.a(lib_a-init.o)
 .debug_frame   0x00000000       0x2c C:/NXP/S32DS_ARM_v2.2/S32DS/build_tools/gcc_v6.3/gcc-6.3-arm32-eabi/arm-none-eabi/newlib/lib/thumb/v6-m\libc_nano.a(lib_a-init.o)
 .ARM.attributes
                0x00000000       0x2c C:/NXP/S32DS_ARM_v2.2/S32DS/build_tools/gcc_v6.3/gcc-6.3-arm32-eabi/arm-none-eabi/newlib/lib/thumb/v6-m\libc_nano.a(lib_a-init.o)
 .text          0x00000000        0x0 C:/NXP/S32DS_ARM_v2.2/S32DS/build_tools/gcc_v6.3/gcc-6.3-arm32-eabi/arm-none-eabi/newlib/lib/thumb/v6-m\libc_nano.a(lib_a-memset.o)
 .data          0x00000000        0x0 C:/NXP/S32DS_ARM_v2.2/S32DS/build_tools/gcc_v6.3/gcc-6.3-arm32-eabi/arm-none-eabi/newlib/lib/thumb/v6-m\libc_nano.a(lib_a-memset.o)
 .bss           0x00000000        0x0 C:/NXP/S32DS_ARM_v2.2/S32DS/build_tools/gcc_v6.3/gcc-6.3-arm32-eabi/arm-none-eabi/newlib/lib/thumb/v6-m\libc_nano.a(lib_a-memset.o)
 .text.memset   0x00000000       0x10 C:/NXP/S32DS_ARM_v2.2/S32DS/build_tools/gcc_v6.3/gcc-6.3-arm32-eabi/arm-none-eabi/newlib/lib/thumb/v6-m\libc_nano.a(lib_a-memset.o)
 .debug_frame   0x00000000       0x20 C:/NXP/S32DS_ARM_v2.2/S32DS/build_tools/gcc_v6.3/gcc-6.3-arm32-eabi/arm-none-eabi/newlib/lib/thumb/v6-m\libc_nano.a(lib_a-memset.o)
 .ARM.attributes
                0x00000000       0x2c C:/NXP/S32DS_ARM_v2.2/S32DS/build_tools/gcc_v6.3/gcc-6.3-arm32-eabi/arm-none-eabi/newlib/lib/thumb/v6-m\libc_nano.a(lib_a-memset.o)
 .text          0x00000000        0x0 C:/NXP/S32DS_ARM_v2.2/S32DS/build_tools/gcc_v6.3/gcc-6.3-arm32-eabi/arm-none-eabi/newlib/lib/thumb/v6-m\libnosys.a(_exit.o)
 .data          0x00000000        0x0 C:/NXP/S32DS_ARM_v2.2/S32DS/build_tools/gcc_v6.3/gcc-6.3-arm32-eabi/arm-none-eabi/newlib/lib/thumb/v6-m\libnosys.a(_exit.o)
 .bss           0x00000000        0x0 C:/NXP/S32DS_ARM_v2.2/S32DS/build_tools/gcc_v6.3/gcc-6.3-arm32-eabi/arm-none-eabi/newlib/lib/thumb/v6-m\libnosys.a(_exit.o)
 .text._exit    0x00000000        0x2 C:/NXP/S32DS_ARM_v2.2/S32DS/build_tools/gcc_v6.3/gcc-6.3-arm32-eabi/arm-none-eabi/newlib/lib/thumb/v6-m\libnosys.a(_exit.o)
 .debug_frame   0x00000000       0x20 C:/NXP/S32DS_ARM_v2.2/S32DS/build_tools/gcc_v6.3/gcc-6.3-arm32-eabi/arm-none-eabi/newlib/lib/thumb/v6-m\libnosys.a(_exit.o)
 .ARM.attributes
                0x00000000       0x2c C:/NXP/S32DS_ARM_v2.2/S32DS/build_tools/gcc_v6.3/gcc-6.3-arm32-eabi/arm-none-eabi/newlib/lib/thumb/v6-m\libnosys.a(_exit.o)
 .text          0x00000000        0x0 c:/nxp/s32ds_arm_v2.2/s32ds/build_tools/gcc_v6.3/gcc-6.3-arm32-eabi/bin/../lib/gcc/arm-none-eabi/6.3.1/thumb/v6-m/crtend.o
 .data          0x00000000        0x0 c:/nxp/s32ds_arm_v2.2/s32ds/build_tools/gcc_v6.3/gcc-6.3-arm32-eabi/bin/../lib/gcc/arm-none-eabi/6.3.1/thumb/v6-m/crtend.o
 .bss           0x00000000        0x0 c:/nxp/s32ds_arm_v2.2/s32ds/build_tools/gcc_v6.3/gcc-6.3-arm32-eabi/bin/../lib/gcc/arm-none-eabi/6.3.1/thumb/v6-m/crtend.o
 .eh_frame      0x00000000        0x4 c:/nxp/s32ds_arm_v2.2/s32ds/build_tools/gcc_v6.3/gcc-6.3-arm32-eabi/bin/../lib/gcc/arm-none-eabi/6.3.1/thumb/v6-m/crtend.o
 .jcr           0x00000000        0x4 c:/nxp/s32ds_arm_v2.2/s32ds/build_tools/gcc_v6.3/gcc-6.3-arm32-eabi/bin/../lib/gcc/arm-none-eabi/6.3.1/thumb/v6-m/crtend.o
 .tm_clone_table
                0x00000000        0x0 c:/nxp/s32ds_arm_v2.2/s32ds/build_tools/gcc_v6.3/gcc-6.3-arm32-eabi/bin/../lib/gcc/arm-none-eabi/6.3.1/thumb/v6-m/crtend.o
 .comment       0x00000000       0xa1 c:/nxp/s32ds_arm_v2.2/s32ds/build_tools/gcc_v6.3/gcc-6.3-arm32-eabi/bin/../lib/gcc/arm-none-eabi/6.3.1/thumb/v6-m/crtend.o
 .ARM.attributes
                0x00000000       0x2c c:/nxp/s32ds_arm_v2.2/s32ds/build_tools/gcc_v6.3/gcc-6.3-arm32-eabi/bin/../lib/gcc/arm-none-eabi/6.3.1/thumb/v6-m/crtend.o
 .text          0x00000000        0x0 c:/nxp/s32ds_arm_v2.2/s32ds/build_tools/gcc_v6.3/gcc-6.3-arm32-eabi/bin/../lib/gcc/arm-none-eabi/6.3.1/thumb/v6-m/crtn.o
 .data          0x00000000        0x0 c:/nxp/s32ds_arm_v2.2/s32ds/build_tools/gcc_v6.3/gcc-6.3-arm32-eabi/bin/../lib/gcc/arm-none-eabi/6.3.1/thumb/v6-m/crtn.o
 .bss           0x00000000        0x0 c:/nxp/s32ds_arm_v2.2/s32ds/build_tools/gcc_v6.3/gcc-6.3-arm32-eabi/bin/../lib/gcc/arm-none-eabi/6.3.1/thumb/v6-m/crtn.o
 .init          0x00000000        0x8 c:/nxp/s32ds_arm_v2.2/s32ds/build_tools/gcc_v6.3/gcc-6.3-arm32-eabi/bin/../lib/gcc/arm-none-eabi/6.3.1/thumb/v6-m/crtn.o
 .fini          0x00000000        0x8 c:/nxp/s32ds_arm_v2.2/s32ds/build_tools/gcc_v6.3/gcc-6.3-arm32-eabi/bin/../lib/gcc/arm-none-eabi/6.3.1/thumb/v6-m/crtn.o
 .ARM.attributes
                0x00000000       0x1e c:/nxp/s32ds_arm_v2.2/s32ds/build_tools/gcc_v6.3/gcc-6.3-arm32-eabi/bin/../lib/gcc/arm-none-eabi/6.3.1/thumb/v6-m/crtn.o

Memory Configuration

Name             Origin             Length             Attributes
m_interrupts     0x00000000         0x000000c0         xr
m_flash_config   0x00000400         0x00000010         xr
m_text           0x00000410         0x0003fbf0         xr
m_custom         0x1ffffc00         0x00000400         rw
m_data           0x20000000         0x000030c0         rw
m_data_2         0x200030c0         0x00002740         rw
*default*        0x00000000         0xffffffff

Linker script and memory map

LOAD c:/nxp/s32ds_arm_v2.2/s32ds/build_tools/gcc_v6.3/gcc-6.3-arm32-eabi/bin/../lib/gcc/arm-none-eabi/6.3.1/thumb/v6-m/crti.o
LOAD c:/nxp/s32ds_arm_v2.2/s32ds/build_tools/gcc_v6.3/gcc-6.3-arm32-eabi/bin/../lib/gcc/arm-none-eabi/6.3.1/thumb/v6-m/crtbegin.o
LOAD C:/NXP/S32DS_ARM_v2.2/S32DS/build_tools/gcc_v6.3/gcc-6.3-arm32-eabi/arm-none-eabi/newlib/lib/thumb/v6-m/crt0.o
LOAD ./Generated_Code/Cpu.o
LOAD ./Generated_Code/clockMan1.o
LOAD ./Generated_Code/lpit1.o
LOAD ./Generated_Code/pin_mux.o
LOAD ./Project_Settings/Startup_Code/startup_S32K118.o
LOAD ./SDK/platform/devices/S32K118/startup/system_S32K118.o
LOAD ./SDK/platform/devices/startup.o
LOAD ./SDK/platform/drivers/src/clock/S32K1xx/clock_S32K1xx.o
LOAD ./SDK/platform/drivers/src/interrupt/interrupt_manager.o
LOAD ./SDK/platform/drivers/src/lpit/lpit_driver.o
LOAD ./SDK/platform/drivers/src/pins/pins_driver.o
LOAD ./SDK/platform/drivers/src/pins/pins_port_hw_access.o
LOAD ./Sources/main.o
START GROUP
LOAD c:/nxp/s32ds_arm_v2.2/s32ds/build_tools/gcc_v6.3/gcc-6.3-arm32-eabi/bin/../lib/gcc/arm-none-eabi/6.3.1/thumb/v6-m\libgcc.a
LOAD C:/NXP/S32DS_ARM_v2.2/S32DS/build_tools/gcc_v6.3/gcc-6.3-arm32-eabi/arm-none-eabi/newlib/lib/thumb/v6-m\libc_nano.a
END GROUP
START GROUP
LOAD c:/nxp/s32ds_arm_v2.2/s32ds/build_tools/gcc_v6.3/gcc-6.3-arm32-eabi/bin/../lib/gcc/arm-none-eabi/6.3.1/thumb/v6-m\libgcc.a
LOAD C:/NXP/S32DS_ARM_v2.2/S32DS/build_tools/gcc_v6.3/gcc-6.3-arm32-eabi/arm-none-eabi/newlib/lib/thumb/v6-m\libc_nano.a
LOAD C:/NXP/S32DS_ARM_v2.2/S32DS/build_tools/gcc_v6.3/gcc-6.3-arm32-eabi/arm-none-eabi/newlib/lib/thumb/v6-m\libnosys.a
END GROUP
START GROUP
LOAD c:/nxp/s32ds_arm_v2.2/s32ds/build_tools/gcc_v6.3/gcc-6.3-arm32-eabi/bin/../lib/gcc/arm-none-eabi/6.3.1/thumb/v6-m\libgcc.a
LOAD C:/NXP/S32DS_ARM_v2.2/S32DS/build_tools/gcc_v6.3/gcc-6.3-arm32-eabi/arm-none-eabi/newlib/lib/thumb/v6-m\libc_nano.a
LOAD C:/NXP/S32DS_ARM_v2.2/S32DS/build_tools/gcc_v6.3/gcc-6.3-arm32-eabi/arm-none-eabi/newlib/lib/thumb/v6-m\libnosys.a
END GROUP
LOAD c:/nxp/s32ds_arm_v2.2/s32ds/build_tools/gcc_v6.3/gcc-6.3-arm32-eabi/bin/../lib/gcc/arm-none-eabi/6.3.1/thumb/v6-m/crtend.o
LOAD c:/nxp/s32ds_arm_v2.2/s32ds/build_tools/gcc_v6.3/gcc-6.3-arm32-eabi/bin/../lib/gcc/arm-none-eabi/6.3.1/thumb/v6-m/crtn.o
                0x00000200                HEAP_SIZE = DEFINED (__heap_size__)?__heap_size__:0x200
                0x00000200                STACK_SIZE = DEFINED (__stack_size__)?__stack_size__:0x200
                0x000000c0                M_VECTOR_RAM_SIZE = DEFINED (__flash_vector_table__)?0x0:0xc0

.interrupts     0x00000000       0xc0
                0x00000000                __VECTOR_TABLE = .
                0x00000000                __interrupts_start__ = .
                0x00000000                . = ALIGN (0x4)
 *(.isr_vector)
 .isr_vector    0x00000000       0xc0 ./Project_Settings/Startup_Code/startup_S32K118.o
                0x00000000                __isr_vector
                0x000000c0                __interrupts_end__ = .
                0x000000c0                . = ALIGN (0x4)

.flash_config   0x00000400       0x10
                0x00000400                . = ALIGN (0x4)
 *(.FlashConfig)
 .FlashConfig   0x00000400       0x10 ./Project_Settings/Startup_Code/startup_S32K118.o
                0x00000410                . = ALIGN (0x4)

.text           0x00000410     0x1ee0
                0x00000410                . = ALIGN (0x4)
 *(.text)
 .text          0x00000410       0x60 ./Project_Settings/Startup_Code/startup_S32K118.o
                0x00000410                Reset_Handler
                0x0000046c                SysTick_Handler
                0x0000046c                ERM_fault_IRQHandler
                0x0000046c                PendSV_Handler
                0x0000046c                NMI_Handler
                0x0000046c                DMA2_IRQHandler
                0x0000046c                LPIT0_IRQHandler
                0x0000046c                ADC0_IRQHandler
                0x0000046c                FTM0_Ovf_Reload_IRQHandler
                0x0000046c                FTM1_Ch0_7_IRQHandler
                0x0000046c                DefaultISR
                0x0000046c                SCG_CMU_LVD_LVWSCG_IRQHandler
                0x0000046c                FTM0_Ch0_7_IRQHandler
                0x0000046c                RTC_IRQHandler
                0x0000046c                PDB0_IRQHandler
                0x0000046c                HardFault_Handler
                0x0000046c                CAN0_ORed_Err_Wakeup_IRQHandler
                0x0000046c                LPSPI1_IRQHandler
                0x0000046c                LPUART1_RxTx_IRQHandler
                0x0000046c                RTC_Seconds_IRQHandler
                0x0000046c                CAN0_ORed_0_31_MB_IRQHandler
                0x0000046c                FTFC_IRQHandler
                0x0000046c                LPSPI0_IRQHandler
                0x0000046c                FTM0_Fault_IRQHandler
                0x0000046c                SVC_Handler
                0x0000046c                RCM_IRQHandler
                0x0000046c                DMA3_IRQHandler
                0x0000046c                DMA0_IRQHandler
                0x0000046c                FTM1_Fault_IRQHandler
                0x0000046c                DMA_Error_IRQHandler
                0x0000046c                LPI2C0_Master_Slave_IRQHandler
                0x0000046c                LPUART0_RxTx_IRQHandler
                0x0000046c                WDOG_IRQHandler
                0x0000046c                LPTMR0_IRQHandler
                0x0000046c                FTM1_Ovf_Reload_IRQHandler
                0x0000046c                CMP0_IRQHandler
                0x0000046c                PORT_IRQHandler
                0x0000046c                FLEXIO_IRQHandler
                0x0000046c                DMA1_IRQHandler
 .text          0x00000470      0x114 c:/nxp/s32ds_arm_v2.2/s32ds/build_tools/gcc_v6.3/gcc-6.3-arm32-eabi/bin/../lib/gcc/arm-none-eabi/6.3.1/thumb/v6-m\libgcc.a(_udivsi3.o)
                0x00000470                __aeabi_uidiv
                0x00000470                __udivsi3
                0x0000057c                __aeabi_uidivmod
 .text          0x00000584        0x4 c:/nxp/s32ds_arm_v2.2/s32ds/build_tools/gcc_v6.3/gcc-6.3-arm32-eabi/bin/../lib/gcc/arm-none-eabi/6.3.1/thumb/v6-m\libgcc.a(_dvmd_tls.o)
                0x00000584                __aeabi_idiv0
                0x00000584                __aeabi_ldiv0
 .text          0x00000588       0x40 c:/nxp/s32ds_arm_v2.2/s32ds/build_tools/gcc_v6.3/gcc-6.3-arm32-eabi/bin/../lib/gcc/arm-none-eabi/6.3.1/thumb/v6-m\libgcc.a(_aeabi_uldivmod.o)
                0x00000588                __aeabi_uldivmod
 .text          0x000005c8       0x54 c:/nxp/s32ds_arm_v2.2/s32ds/build_tools/gcc_v6.3/gcc-6.3-arm32-eabi/bin/../lib/gcc/arm-none-eabi/6.3.1/thumb/v6-m\libgcc.a(_muldi3.o)
                0x000005c8                __muldi3
                0x000005c8                __aeabi_lmul
 .text          0x0000061c      0x180 c:/nxp/s32ds_arm_v2.2/s32ds/build_tools/gcc_v6.3/gcc-6.3-arm32-eabi/bin/../lib/gcc/arm-none-eabi/6.3.1/thumb/v6-m\libgcc.a(_udivmoddi4.o)
                0x0000061c                __udivmoddi4
 .text          0x0000079c       0x18 c:/nxp/s32ds_arm_v2.2/s32ds/build_tools/gcc_v6.3/gcc-6.3-arm32-eabi/bin/../lib/gcc/arm-none-eabi/6.3.1/thumb/v6-m\libgcc.a(_clzdi2.o)
                0x0000079c                __clzdi2
 .text          0x000007b4       0x3c c:/nxp/s32ds_arm_v2.2/s32ds/build_tools/gcc_v6.3/gcc-6.3-arm32-eabi/bin/../lib/gcc/arm-none-eabi/6.3.1/thumb/v6-m\libgcc.a(_clzsi2.o)
                0x000007b4                __clzsi2
 *(.text*)
 .text.SystemInit
                0x000007f0       0x24 ./SDK/platform/devices/S32K118/startup/system_S32K118.o
                0x000007f0                SystemInit
 .text.init_data_bss
                0x00000814       0xdc ./SDK/platform/devices/startup.o
                0x00000814                init_data_bss
 .text.CLOCK_SYS_GetCurrentRunMode
                0x000008f0       0x28 ./SDK/platform/drivers/src/clock/S32K1xx/clock_S32K1xx.o
 .text.CLOCK_SYS_GetSysOscFreq
                0x00000918       0x1c ./SDK/platform/drivers/src/clock/S32K1xx/clock_S32K1xx.o
 .text.CLOCK_SYS_ConfigureSOSC
                0x00000934      0x128 ./SDK/platform/drivers/src/clock/S32K1xx/clock_S32K1xx.o
 .text.CLOCK_SYS_GetSircFreq
                0x00000a5c       0x28 ./SDK/platform/drivers/src/clock/S32K1xx/clock_S32K1xx.o
 .text.CLOCK_SYS_ConfigureSIRC
                0x00000a84       0xc4 ./SDK/platform/drivers/src/clock/S32K1xx/clock_S32K1xx.o
 .text.CLOCK_SYS_GetFircFreq
                0x00000b48       0x24 ./SDK/platform/drivers/src/clock/S32K1xx/clock_S32K1xx.o
 .text.CLOCK_SYS_ConfigureFIRC
                0x00000b6c       0xb4 ./SDK/platform/drivers/src/clock/S32K1xx/clock_S32K1xx.o
 .text.CLOCK_SYS_SetSystemClockConfig
                0x00000c20      0x140 ./SDK/platform/drivers/src/clock/S32K1xx/clock_S32K1xx.o
 .text.CLOCK_SYS_TransitionSystemClock
                0x00000d60       0x54 ./SDK/platform/drivers/src/clock/S32K1xx/clock_S32K1xx.o
 .text.CLOCK_SYS_GetSystemClockFreq
                0x00000db4       0x80 ./SDK/platform/drivers/src/clock/S32K1xx/clock_S32K1xx.o
 .text.CLOCK_SYS_GetScgClkOutFreq
                0x00000e34       0x3c ./SDK/platform/drivers/src/clock/S32K1xx/clock_S32K1xx.o
 .text.CLOCK_SYS_GetSysAsyncFreq
                0x00000e70       0xac ./SDK/platform/drivers/src/clock/S32K1xx/clock_S32K1xx.o
 .text.CLOCK_SYS_GetSimRtcClkFreq
                0x00000f1c       0x50 ./SDK/platform/drivers/src/clock/S32K1xx/clock_S32K1xx.o
 .text.CLOCK_SYS_GetPeripheralClock
                0x00000f6c       0x68 ./SDK/platform/drivers/src/clock/S32K1xx/clock_S32K1xx.o
 .text.CLOCK_SYS_GetLpoFreq
                0x00000fd4       0x54 ./SDK/platform/drivers/src/clock/S32K1xx/clock_S32K1xx.o
 .text.CLOCK_SYS_GetSimClkOutFreq
                0x00001028       0x80 ./SDK/platform/drivers/src/clock/S32K1xx/clock_S32K1xx.o
 .text.CLOCK_DRV_Init
                0x000010a8      0x530 ./SDK/platform/drivers/src/clock/S32K1xx/clock_S32K1xx.o
                0x000010a8                CLOCK_DRV_Init
 .text.CLOCK_DRV_GetFreq
                0x000015d8      0x2f8 ./SDK/platform/drivers/src/clock/S32K1xx/clock_S32K1xx.o
                0x000015d8                CLOCK_DRV_GetFreq
 .text.CLOCK_SYS_Init
                0x000018d0       0x28 ./SDK/platform/drivers/src/clock/S32K1xx/clock_S32K1xx.o
                0x000018d0                CLOCK_SYS_Init
 .text.CLOCK_SYS_UpdateConfiguration
                0x000018f8      0x100 ./SDK/platform/drivers/src/clock/S32K1xx/clock_S32K1xx.o
                0x000018f8                CLOCK_SYS_UpdateConfiguration
 .text.CLOCK_SYS_GetFreq
                0x000019f8        0x8 ./SDK/platform/drivers/src/clock/S32K1xx/clock_S32K1xx.o
                0x000019f8                CLOCK_SYS_GetFreq
 .text.INT_SYS_InstallHandler
                0x00001a00       0x78 ./SDK/platform/drivers/src/interrupt/interrupt_manager.o
                0x00001a00                INT_SYS_InstallHandler
 .text.INT_SYS_EnableIRQ
                0x00001a78       0x34 ./SDK/platform/drivers/src/interrupt/interrupt_manager.o
                0x00001a78                INT_SYS_EnableIRQ
 .text.INT_SYS_EnableIRQGlobal
                0x00001aac       0x1c ./SDK/platform/drivers/src/interrupt/interrupt_manager.o
                0x00001aac                INT_SYS_EnableIRQGlobal
 .text.INT_SYS_DisableIRQGlobal
                0x00001ac8       0x10 ./SDK/platform/drivers/src/interrupt/interrupt_manager.o
                0x00001ac8                INT_SYS_DisableIRQGlobal
 .text.LPIT_DRV_Init
                0x00001ad8       0xd4 ./SDK/platform/drivers/src/lpit/lpit_driver.o
                0x00001ad8                LPIT_DRV_Init
 .text.LPIT_DRV_StartTimerChannels
                0x00001bac       0x28 ./SDK/platform/drivers/src/lpit/lpit_driver.o
                0x00001bac                LPIT_DRV_StartTimerChannels
 .text.LPIT_DRV_SetTimerPeriodByUs
                0x00001bd4       0xec ./SDK/platform/drivers/src/lpit/lpit_driver.o
                0x00001bd4                LPIT_DRV_SetTimerPeriodByUs
 .text.LPIT_DRV_SetTimerPeriodByCount
                0x00001cc0       0x28 ./SDK/platform/drivers/src/lpit/lpit_driver.o
                0x00001cc0                LPIT_DRV_SetTimerPeriodByCount
 .text.LPIT_DRV_InitChannel
                0x00001ce8      0x184 ./SDK/platform/drivers/src/lpit/lpit_driver.o
                0x00001ce8                LPIT_DRV_InitChannel
 .text.LPIT_DRV_GetInterruptFlagTimerChannels
                0x00001e6c       0x28 ./SDK/platform/drivers/src/lpit/lpit_driver.o
                0x00001e6c                LPIT_DRV_GetInterruptFlagTimerChannels
 .text.LPIT_DRV_ClearInterruptFlagTimerChannels
                0x00001e94       0x24 ./SDK/platform/drivers/src/lpit/lpit_driver.o
                0x00001e94                LPIT_DRV_ClearInterruptFlagTimerChannels
 .text.PINS_DRV_Init
                0x00001eb8       0x1c ./SDK/platform/drivers/src/pins/pins_driver.o
                0x00001eb8                PINS_DRV_Init
 .text.PINS_DRV_SetPinsDirection
                0x00001ed4        0x4 ./SDK/platform/drivers/src/pins/pins_driver.o
                0x00001ed4                PINS_DRV_SetPinsDirection
 .text.PINS_DRV_ClearPins
                0x00001ed8        0x4 ./SDK/platform/drivers/src/pins/pins_driver.o
                0x00001ed8                PINS_DRV_ClearPins
 .text.PINS_DRV_TogglePins
                0x00001edc        0x4 ./SDK/platform/drivers/src/pins/pins_driver.o
                0x00001edc                PINS_DRV_TogglePins
 .text.PINS_Init
                0x00001ee0      0x12c ./SDK/platform/drivers/src/pins/pins_port_hw_access.o
                0x00001ee0                PINS_Init
 .text.LPIT_ISR
                0x0000200c       0x28 ./Sources/main.o
                0x0000200c                LPIT_ISR
 .text.main     0x00002034       0x84 ./Sources/main.o
                0x00002034                main
 *(.rodata)
 *(.rodata*)
 .rodata.lpit1_InitConfig
                0x000020b8        0x2 ./Generated_Code/lpit1.o
                0x000020b8                lpit1_InitConfig
 *fill*         0x000020ba        0x2 
 .rodata.CLOCK_SYS_GetSimClkOutFreq
                0x000020bc       0x3c ./SDK/platform/drivers/src/clock/S32K1xx/clock_S32K1xx.o
 .rodata.CLOCK_DRV_GetFreq
                0x000020f8       0x74 ./SDK/platform/drivers/src/clock/S32K1xx/clock_S32K1xx.o
 .rodata.clockNameMappings
                0x0000216c       0x8c ./SDK/platform/drivers/src/clock/S32K1xx/clock_S32K1xx.o
                0x0000216c                clockNameMappings
 .rodata.maxSysClksInRUN.6114
                0x000021f8       0x54 ./SDK/platform/drivers/src/clock/S32K1xx/clock_S32K1xx.o
 .rodata.maxSysClksInVLPR.6113
                0x0000224c       0x54 ./SDK/platform/drivers/src/clock/S32K1xx/clock_S32K1xx.o
 .rodata.peripheralFeaturesList
                0x000022a0       0x46 ./SDK/platform/drivers/src/clock/S32K1xx/clock_S32K1xx.o
                0x000022a0                peripheralFeaturesList
 *(.init)
 *fill*         0x000022e6        0x2 
 .init          0x000022e8        0x4 c:/nxp/s32ds_arm_v2.2/s32ds/build_tools/gcc_v6.3/gcc-6.3-arm32-eabi/bin/../lib/gcc/arm-none-eabi/6.3.1/thumb/v6-m/crti.o
                0x000022e8                _init
 *(.fini)
 .fini          0x000022ec        0x4 c:/nxp/s32ds_arm_v2.2/s32ds/build_tools/gcc_v6.3/gcc-6.3-arm32-eabi/bin/../lib/gcc/arm-none-eabi/6.3.1/thumb/v6-m/crti.o
                0x000022ec                _fini
 *(.eh_frame)
                0x000022f0                . = ALIGN (0x4)

.glue_7         0x000022f0        0x0
 .glue_7        0x000022f0        0x0 linker stubs

.glue_7t        0x000022f0        0x0
 .glue_7t       0x000022f0        0x0 linker stubs

.vfp11_veneer   0x000022f0        0x0
 .vfp11_veneer  0x000022f0        0x0 linker stubs

.v4_bx          0x000022f0        0x0
 .v4_bx         0x000022f0        0x0 linker stubs

.iplt           0x000022f0        0x0
 .iplt          0x000022f0        0x0 c:/nxp/s32ds_arm_v2.2/s32ds/build_tools/gcc_v6.3/gcc-6.3-arm32-eabi/bin/../lib/gcc/arm-none-eabi/6.3.1/thumb/v6-m/crtbegin.o

.ARM            0x000022f0        0x8
                0x000022f0                __exidx_start = .
 *(.ARM.exidx*)
 .ARM.exidx     0x000022f0        0x8 c:/nxp/s32ds_arm_v2.2/s32ds/build_tools/gcc_v6.3/gcc-6.3-arm32-eabi/bin/../lib/gcc/arm-none-eabi/6.3.1/thumb/v6-m\libgcc.a(_udivmoddi4.o)
                0x000022f8                __exidx_end = .
                0x000022f8                __etext = .
                0x000022f8                __DATA_ROM = .

.rel.dyn        0x000022f8        0x0
 .rel.iplt      0x000022f8        0x0 c:/nxp/s32ds_arm_v2.2/s32ds/build_tools/gcc_v6.3/gcc-6.3-arm32-eabi/bin/../lib/gcc/arm-none-eabi/6.3.1/thumb/v6-m/crtbegin.o

.interrupts_ram
                0x20000000       0xc0
                0x20000000                . = ALIGN (0x4)
                0x20000000                __VECTOR_RAM__ = .
                0x20000000                __RAM_START = .
                0x20000000                __interrupts_ram_start__ = .
 *(.m_interrupts_ram)
                0x200000c0                . = (. + M_VECTOR_RAM_SIZE)
 *fill*         0x20000000       0xc0 
                0x200000c0                . = ALIGN (0x4)
                0x200000c0                __interrupts_ram_end__ = .
                0x20000000                __VECTOR_RAM = DEFINED (__flash_vector_table__)?ORIGIN (m_interrupts):__VECTOR_RAM__
                0x000000c0                __RAM_VECTOR_TABLE_SIZE = DEFINED (__flash_vector_table__)?0x0:(__interrupts_ram_end__ - __interrupts_ram_start__)

.data           0x200000c0      0x158 load address 0x000022f8
                0x200000c0                . = ALIGN (0x4)
                0x200000c0                __DATA_RAM = .
                0x200000c0                __data_start__ = .
 *(.data)
 *(.data*)
 .data.clockMan1_InitConfig0
                0x200000c0       0x78 ./Generated_Code/clockMan1.o
                0x200000c0                clockMan1_InitConfig0
 .data.g_clockManConfigsArr
                0x20000138        0x4 ./Generated_Code/clockMan1.o
                0x20000138                g_clockManConfigsArr
 .data.peripheralClockConfig0
                0x2000013c       0x1e ./Generated_Code/clockMan1.o
                0x2000013c                peripheralClockConfig0
 *fill*         0x2000015a        0x2 
 .data.lpit1_ChnConfig0
                0x2000015c       0x18 ./Generated_Code/lpit1.o
                0x2000015c                lpit1_ChnConfig0
 .data.g_pin_mux_InitConfigArr
                0x20000174       0x30 ./Generated_Code/pin_mux.o
                0x20000174                g_pin_mux_InitConfigArr
 .data.peripheralClockConfig.5905
                0x200001a4       0x73 ./SDK/platform/drivers/src/clock/S32K1xx/clock_S32K1xx.o
                0x20000218                . = ALIGN (0x4)
 *fill*         0x20000217        0x1 
                0x20000218                __data_end__ = .
                0x00002450                __DATA_END = (__DATA_ROM + (__data_end__ - __data_start__))
                0x00002450                __CODE_ROM = __DATA_END

.igot.plt       0x20000218        0x0 load address 0x00002450
 .igot.plt      0x20000218        0x0 c:/nxp/s32ds_arm_v2.2/s32ds/build_tools/gcc_v6.3/gcc-6.3-arm32-eabi/bin/../lib/gcc/arm-none-eabi/6.3.1/thumb/v6-m/crtbegin.o

.code           0x20000218        0x0 load address 0x00002450
                0x20000218                . = ALIGN (0x4)
                0x20000218                __CODE_RAM = .
                0x20000218                __code_start__ = .
                0x20000218                __code_ram_start__ = .
 *(.code_ram)
                0x20000218                . = ALIGN (0x4)
                0x20000218                __code_end__ = .
                0x20000218                __code_ram_end__ = .
                0x00002450                __CODE_END = (__CODE_ROM + (__code_end__ - __code_start__))
                0x00002450                __CUSTOM_ROM = __CODE_END

.customSectionBlock
                0x1ffffc00        0x0 load address 0x00002450
                0x1ffffc00                __customSectionStart = .
                0x1ffffc00                __customSection_start__ = .
 *(.customSection)
                0x1ffffc00                __customSection_end__ = .
                0x00002450                __CUSTOM_END = (__CUSTOM_ROM + (__customSection_end__ - __customSection_start__))
                0x00002450                __rom_end = __CUSTOM_END

.bss            0x200030c0       0x34
                0x200030c0                . = ALIGN (0x4)
                0x200030c0                __BSS_START = .
                0x200030c0                __bss_start__ = .
 *(.bss)
 *(.bss*)
 .bss.g_clockManCallbacksArr
                0x200030c0        0x4 ./Generated_Code/clockMan1.o
                0x200030c0                g_clockManCallbacksArr
 .bss.g_clockState
                0x200030c4       0x10 ./SDK/platform/drivers/src/clock/S32K1xx/clock_S32K1xx.o
 .bss.g_interruptDisableCount
                0x200030d4        0x4 ./SDK/platform/drivers/src/interrupt/interrupt_manager.o
 .bss.s_lpitSourceClockFrequency
                0x200030d8        0x4 ./SDK/platform/drivers/src/lpit/lpit_driver.o
 .bss.exit_code
                0x200030dc        0x4 ./Sources/main.o
                0x200030dc                exit_code
 *(COMMON)
 COMMON         0x200030e0       0x14 ./SDK/platform/drivers/src/clock/S32K1xx/clock_S32K1xx.o
                0x200030e0                g_xtal0ClkFreq
                0x200030e4                g_RtcClkInFreq
                0x200030e8                g_TClkFreq
                0x200030f4                . = ALIGN (0x4)
                0x200030f4                __bss_end__ = .
                0x200030f4                __BSS_END = .

.heap           0x200030f4      0x204
                0x200030f8                . = ALIGN (0x8)
 *fill*         0x200030f4        0x4 
                0x200030f8                __end__ = .
                0x200030f8                __heap_start__ = .
                [!provide]                PROVIDE (end, .)
                [!provide]                PROVIDE (_end, .)
                [!provide]                PROVIDE (__end, .)
                0x200030f8                __HeapBase = .
                0x200032f8                . = (. + HEAP_SIZE)
 *fill*         0x200030f8      0x200 
                0x200032f8                __HeapLimit = .
                0x200032f8                __heap_limit = .
                0x200032f8                __heap_end__ = .
                0x20005800                __StackTop = (ORIGIN (m_data_2) + LENGTH (m_data_2))
                0x20005600                __StackLimit = (__StackTop - STACK_SIZE)
                0x20005800                PROVIDE (__stack, __StackTop)
                0x20005800                __RAM_END = __StackTop

.stack          0x20005600      0x200
                0x20005600                . = ALIGN (0x8)
                0x20005600                __stack_start__ = .
                0x20005800                . = (. + STACK_SIZE)
 *fill*         0x20005600      0x200 
                0x20005800                __stack_end__ = .

.ARM.attributes
                0x00000000       0x28
 *(.ARM.attributes)
 .ARM.attributes
                0x00000000       0x1e c:/nxp/s32ds_arm_v2.2/s32ds/build_tools/gcc_v6.3/gcc-6.3-arm32-eabi/bin/../lib/gcc/arm-none-eabi/6.3.1/thumb/v6-m/crti.o
 .ARM.attributes
                0x0000001e       0x32 ./Generated_Code/clockMan1.o
 .ARM.attributes
                0x00000050       0x32 ./Generated_Code/lpit1.o
 .ARM.attributes
                0x00000082       0x32 ./Generated_Code/pin_mux.o
 .ARM.attributes
                0x000000b4       0x1b ./Project_Settings/Startup_Code/startup_S32K118.o
 .ARM.attributes
                0x000000cf       0x32 ./SDK/platform/devices/S32K118/startup/system_S32K118.o
 .ARM.attributes
                0x00000101       0x32 ./SDK/platform/devices/startup.o
 .ARM.attributes
                0x00000133       0x32 ./SDK/platform/drivers/src/clock/S32K1xx/clock_S32K1xx.o
 .ARM.attributes
                0x00000165       0x32 ./SDK/platform/drivers/src/interrupt/interrupt_manager.o
 .ARM.attributes
                0x00000197       0x32 ./SDK/platform/drivers/src/lpit/lpit_driver.o
 .ARM.attributes
                0x000001c9       0x32 ./SDK/platform/drivers/src/pins/pins_driver.o
 .ARM.attributes
                0x000001fb       0x32 ./SDK/platform/drivers/src/pins/pins_port_hw_access.o
 .ARM.attributes
                0x0000022d       0x32 ./Sources/main.o
 .ARM.attributes
                0x0000025f       0x1e c:/nxp/s32ds_arm_v2.2/s32ds/build_tools/gcc_v6.3/gcc-6.3-arm32-eabi/bin/../lib/gcc/arm-none-eabi/6.3.1/thumb/v6-m\libgcc.a(_udivsi3.o)
 .ARM.attributes
                0x0000027d       0x1e c:/nxp/s32ds_arm_v2.2/s32ds/build_tools/gcc_v6.3/gcc-6.3-arm32-eabi/bin/../lib/gcc/arm-none-eabi/6.3.1/thumb/v6-m\libgcc.a(_dvmd_tls.o)
 .ARM.attributes
                0x0000029b       0x1e c:/nxp/s32ds_arm_v2.2/s32ds/build_tools/gcc_v6.3/gcc-6.3-arm32-eabi/bin/../lib/gcc/arm-none-eabi/6.3.1/thumb/v6-m\libgcc.a(_aeabi_uldivmod.o)
 .ARM.attributes
                0x000002b9       0x2c c:/nxp/s32ds_arm_v2.2/s32ds/build_tools/gcc_v6.3/gcc-6.3-arm32-eabi/bin/../lib/gcc/arm-none-eabi/6.3.1/thumb/v6-m\libgcc.a(_muldi3.o)
 .ARM.attributes
                0x000002e5       0x2c c:/nxp/s32ds_arm_v2.2/s32ds/build_tools/gcc_v6.3/gcc-6.3-arm32-eabi/bin/../lib/gcc/arm-none-eabi/6.3.1/thumb/v6-m\libgcc.a(_udivmoddi4.o)
 .ARM.attributes
                0x00000311       0x1e c:/nxp/s32ds_arm_v2.2/s32ds/build_tools/gcc_v6.3/gcc-6.3-arm32-eabi/bin/../lib/gcc/arm-none-eabi/6.3.1/thumb/v6-m\libgcc.a(_clzdi2.o)
 .ARM.attributes
                0x0000032f       0x1e c:/nxp/s32ds_arm_v2.2/s32ds/build_tools/gcc_v6.3/gcc-6.3-arm32-eabi/bin/../lib/gcc/arm-none-eabi/6.3.1/thumb/v6-m\libgcc.a(_clzsi2.o)
                0x00000001                ASSERT ((__rom_end <= (ORIGIN (m_text) + LENGTH (m_text))), Region m_text overflowed!)
                0x00000001                ASSERT ((__StackLimit >= __HeapLimit), region m_data_2 overflowed with stack and heap)
OUTPUT(lpit_periodic_interrupt_s32k118.elf elf32-littlearm)

.debug_info     0x00000000     0xea64
 .debug_info    0x00000000     0x15d5 ./Generated_Code/clockMan1.o
 .debug_info    0x000015d5     0x15bb ./Generated_Code/lpit1.o
 .debug_info    0x00002b90      0x404 ./Generated_Code/pin_mux.o
 .debug_info    0x00002f94       0x26 ./Project_Settings/Startup_Code/startup_S32K118.o
 .debug_info    0x00002fba      0x3f3 ./SDK/platform/devices/S32K118/startup/system_S32K118.o
 .debug_info    0x000033ad      0x295 ./SDK/platform/devices/startup.o
 .debug_info    0x00003642     0x565c ./SDK/platform/drivers/src/clock/S32K1xx/clock_S32K1xx.o
 .debug_info    0x00008c9e      0xa7c ./SDK/platform/drivers/src/interrupt/interrupt_manager.o
 .debug_info    0x0000971a     0x1f90 ./SDK/platform/drivers/src/lpit/lpit_driver.o
 .debug_info    0x0000b6aa     0x13f0 ./SDK/platform/drivers/src/pins/pins_driver.o
 .debug_info    0x0000ca9a      0x72c ./SDK/platform/drivers/src/pins/pins_port_hw_access.o
 .debug_info    0x0000d1c6     0x189e ./Sources/main.o

.debug_abbrev   0x00000000     0x1653
 .debug_abbrev  0x00000000      0x130 ./Generated_Code/clockMan1.o
 .debug_abbrev  0x00000130      0x130 ./Generated_Code/lpit1.o
 .debug_abbrev  0x00000260       0xcd ./Generated_Code/pin_mux.o
 .debug_abbrev  0x0000032d       0x14 ./Project_Settings/Startup_Code/startup_S32K118.o
 .debug_abbrev  0x00000341      0x14c ./SDK/platform/devices/S32K118/startup/system_S32K118.o
 .debug_abbrev  0x0000048d       0xe1 ./SDK/platform/devices/startup.o
 .debug_abbrev  0x0000056e      0x423 ./SDK/platform/drivers/src/clock/S32K1xx/clock_S32K1xx.o
 .debug_abbrev  0x00000991      0x269 ./SDK/platform/drivers/src/interrupt/interrupt_manager.o
 .debug_abbrev  0x00000bfa      0x3a8 ./SDK/platform/drivers/src/lpit/lpit_driver.o
 .debug_abbrev  0x00000fa2      0x2fc ./SDK/platform/drivers/src/pins/pins_driver.o
 .debug_abbrev  0x0000129e      0x1f1 ./SDK/platform/drivers/src/pins/pins_port_hw_access.o
 .debug_abbrev  0x0000148f      0x1c4 ./Sources/main.o

.debug_aranges  0x00000000      0x410
 .debug_aranges
                0x00000000       0x18 ./Generated_Code/clockMan1.o
 .debug_aranges
                0x00000018       0x18 ./Generated_Code/lpit1.o
 .debug_aranges
                0x00000030       0x18 ./Generated_Code/pin_mux.o
 .debug_aranges
                0x00000048       0x20 ./Project_Settings/Startup_Code/startup_S32K118.o
 .debug_aranges
                0x00000068       0x30 ./SDK/platform/devices/S32K118/startup/system_S32K118.o
 .debug_aranges
                0x00000098       0x20 ./SDK/platform/devices/startup.o
 .debug_aranges
                0x000000b8      0x110 ./SDK/platform/drivers/src/clock/S32K1xx/clock_S32K1xx.o
 .debug_aranges
                0x000001c8       0x68 ./SDK/platform/drivers/src/interrupt/interrupt_manager.o
 .debug_aranges
                0x00000230       0xb0 ./SDK/platform/drivers/src/lpit/lpit_driver.o
 .debug_aranges
                0x000002e0       0xd0 ./SDK/platform/drivers/src/pins/pins_driver.o
 .debug_aranges
                0x000003b0       0x38 ./SDK/platform/drivers/src/pins/pins_port_hw_access.o
 .debug_aranges
                0x000003e8       0x28 ./Sources/main.o

.debug_macro    0x00000000     0xd473
 .debug_macro   0x00000000      0x13a ./Generated_Code/clockMan1.o
 .debug_macro   0x0000013a     0xc804 ./Generated_Code/clockMan1.o
 .debug_macro   0x0000c93e       0x10 ./Generated_Code/clockMan1.o
 .debug_macro   0x0000c94e      0x13a ./Generated_Code/lpit1.o
 .debug_macro   0x0000ca88       0xdc ./Generated_Code/pin_mux.o
 .debug_macro   0x0000cb64       0xb5 ./SDK/platform/devices/S32K118/startup/system_S32K118.o
 .debug_macro   0x0000cc19       0xb6 ./SDK/platform/devices/startup.o
 .debug_macro   0x0000cccf       0x40 ./SDK/platform/devices/startup.o
 .debug_macro   0x0000cd0f      0x284 ./SDK/platform/drivers/src/clock/S32K1xx/clock_S32K1xx.o
 .debug_macro   0x0000cf93       0xc9 ./SDK/platform/drivers/src/interrupt/interrupt_manager.o
 .debug_macro   0x0000d05c       0xf7 ./SDK/platform/drivers/src/lpit/lpit_driver.o
 .debug_macro   0x0000d153       0xdd ./SDK/platform/drivers/src/pins/pins_driver.o
 .debug_macro   0x0000d230       0xdd ./SDK/platform/drivers/src/pins/pins_port_hw_access.o
 .debug_macro   0x0000d30d      0x166 ./Sources/main.o

.debug_line     0x00000000     0x4e0b
 .debug_line    0x00000000      0x55a ./Generated_Code/clockMan1.o
 .debug_line    0x0000055a      0x556 ./Generated_Code/lpit1.o
 .debug_line    0x00000ab0      0x41b ./Generated_Code/pin_mux.o
 .debug_line    0x00000ecb       0xd4 ./Project_Settings/Startup_Code/startup_S32K118.o
 .debug_line    0x00000f9f      0x448 ./SDK/platform/devices/S32K118/startup/system_S32K118.o
 .debug_line    0x000013e7      0x3cd ./SDK/platform/devices/startup.o
 .debug_line    0x000017b4     0x131a ./SDK/platform/drivers/src/clock/S32K1xx/clock_S32K1xx.o
 .debug_line    0x00002ace      0x649 ./SDK/platform/drivers/src/interrupt/interrupt_manager.o
 .debug_line    0x00003117      0xa17 ./SDK/platform/drivers/src/lpit/lpit_driver.o
 .debug_line    0x00003b2e      0x763 ./SDK/platform/drivers/src/pins/pins_driver.o
 .debug_line    0x00004291      0x5a2 ./SDK/platform/drivers/src/pins/pins_port_hw_access.o
 .debug_line    0x00004833      0x5d8 ./Sources/main.o

.debug_str      0x00000000    0x5dade
 .debug_str     0x00000000    0x5a390 ./Generated_Code/clockMan1.o
                              0x5a5c8 (size before relaxing)
 .debug_str     0x0005a390       0x1a ./Generated_Code/lpit1.o
                              0x5a5c4 (size before relaxing)
 .debug_str     0x0005a3aa       0x1c ./Generated_Code/pin_mux.o
                              0x584d4 (size before relaxing)
 .debug_str     0x0005a3c6       0x81 ./Project_Settings/Startup_Code/startup_S32K118.o
                                 0xd3 (size before relaxing)
 .debug_str     0x0005a447      0x1b4 ./SDK/platform/devices/S32K118/startup/system_S32K118.o
                              0x57fe7 (size before relaxing)
 .debug_str     0x0005a5fb      0x39e ./SDK/platform/devices/startup.o
                              0x581d5 (size before relaxing)
 .debug_str     0x0005a999     0x1f87 ./SDK/platform/drivers/src/clock/S32K1xx/clock_S32K1xx.o
                              0x5bdea (size before relaxing)
 .debug_str     0x0005c920      0x41f ./SDK/platform/drivers/src/interrupt/interrupt_manager.o
                              0x58572 (size before relaxing)
 .debug_str     0x0005cd3f      0x6c4 ./SDK/platform/drivers/src/lpit/lpit_driver.o
                              0x599f7 (size before relaxing)
 .debug_str     0x0005d403      0x5d5 ./SDK/platform/drivers/src/pins/pins_driver.o
                              0x592a3 (size before relaxing)
 .debug_str     0x0005d9d8       0x8f ./SDK/platform/drivers/src/pins/pins_port_hw_access.o
                              0x58612 (size before relaxing)
 .debug_str     0x0005da67       0x77 ./Sources/main.o
                              0x5a96f (size before relaxing)

.comment        0x00000000       0xa0
 .comment       0x00000000       0xa0 ./Generated_Code/clockMan1.o
                                 0xa1 (size before relaxing)
 .comment       0x000000a0       0xa1 ./Generated_Code/lpit1.o
 .comment       0x000000a0       0xa1 ./Generated_Code/pin_mux.o
 .comment       0x000000a0       0xa1 ./SDK/platform/devices/S32K118/startup/system_S32K118.o
 .comment       0x000000a0       0xa1 ./SDK/platform/devices/startup.o
 .comment       0x000000a0       0xa1 ./SDK/platform/drivers/src/clock/S32K1xx/clock_S32K1xx.o
 .comment       0x000000a0       0xa1 ./SDK/platform/drivers/src/interrupt/interrupt_manager.o
 .comment       0x000000a0       0xa1 ./SDK/platform/drivers/src/lpit/lpit_driver.o
 .comment       0x000000a0       0xa1 ./SDK/platform/drivers/src/pins/pins_driver.o
 .comment       0x000000a0       0xa1 ./SDK/platform/drivers/src/pins/pins_port_hw_access.o
 .comment       0x000000a0       0xa1 ./Sources/main.o

.debug_loc      0x00000000     0x6995
 .debug_loc     0x00000000       0xc0 ./SDK/platform/devices/S32K118/startup/system_S32K118.o
 .debug_loc     0x000000c0       0x32 ./SDK/platform/devices/startup.o
 .debug_loc     0x000000f2     0x4133 ./SDK/platform/drivers/src/clock/S32K1xx/clock_S32K1xx.o
 .debug_loc     0x00004225      0x677 ./SDK/platform/drivers/src/interrupt/interrupt_manager.o
 .debug_loc     0x0000489c     0x138d ./SDK/platform/drivers/src/lpit/lpit_driver.o
 .debug_loc     0x00005c29      0x9d7 ./SDK/platform/drivers/src/pins/pins_driver.o
 .debug_loc     0x00006600      0x395 ./SDK/platform/drivers/src/pins/pins_port_hw_access.o

.debug_ranges   0x00000000      0x640
 .debug_ranges  0x00000000       0x20 ./SDK/platform/devices/S32K118/startup/system_S32K118.o
 .debug_ranges  0x00000020       0x10 ./SDK/platform/devices/startup.o
 .debug_ranges  0x00000030      0x368 ./SDK/platform/drivers/src/clock/S32K1xx/clock_S32K1xx.o
 .debug_ranges  0x00000398       0x88 ./SDK/platform/drivers/src/interrupt/interrupt_manager.o
 .debug_ranges  0x00000420      0x108 ./SDK/platform/drivers/src/lpit/lpit_driver.o
 .debug_ranges  0x00000528       0xd8 ./SDK/platform/drivers/src/pins/pins_driver.o
 .debug_ranges  0x00000600       0x28 ./SDK/platform/drivers/src/pins/pins_port_hw_access.o
 .debug_ranges  0x00000628       0x18 ./Sources/main.o

.debug_frame    0x00000000      0x92c
 .debug_frame   0x00000000       0x48 ./SDK/platform/devices/S32K118/startup/system_S32K118.o
 .debug_frame   0x00000048       0x2c ./SDK/platform/devices/startup.o
 .debug_frame   0x00000074      0x31c ./SDK/platform/drivers/src/clock/S32K1xx/clock_S32K1xx.o
 .debug_frame   0x00000390       0xc8 ./SDK/platform/drivers/src/interrupt/interrupt_manager.o
 .debug_frame   0x00000458      0x1b4 ./SDK/platform/drivers/src/lpit/lpit_driver.o
 .debug_frame   0x0000060c      0x1dc ./SDK/platform/drivers/src/pins/pins_driver.o
 .debug_frame   0x000007e8       0x74 ./SDK/platform/drivers/src/pins/pins_port_hw_access.o
 .debug_frame   0x0000085c       0x40 ./Sources/main.o
 .debug_frame   0x0000089c       0x20 c:/nxp/s32ds_arm_v2.2/s32ds/build_tools/gcc_v6.3/gcc-6.3-arm32-eabi/bin/../lib/gcc/arm-none-eabi/6.3.1/thumb/v6-m\libgcc.a(_udivsi3.o)
 .debug_frame   0x000008bc       0x34 c:/nxp/s32ds_arm_v2.2/s32ds/build_tools/gcc_v6.3/gcc-6.3-arm32-eabi/bin/../lib/gcc/arm-none-eabi/6.3.1/thumb/v6-m\libgcc.a(_muldi3.o)
 .debug_frame   0x000008f0       0x3c c:/nxp/s32ds_arm_v2.2/s32ds/build_tools/gcc_v6.3/gcc-6.3-arm32-eabi/bin/../lib/gcc/arm-none-eabi/6.3.1/thumb/v6-m\libgcc.a(_udivmoddi4.o)
