Archive member included to satisfy reference by file (symbol)

c:/nxp/s32ds_arm_v2.2/s32ds/build_tools/gcc_v6.3/gcc-6.3-arm32-eabi/bin/../lib/gcc/arm-none-eabi/6.3.1/thumb/v6-m\libgcc.a(_udivsi3.o)
                              ./SDK/platform/devices/S32K118/startup/system_S32K118.o (__aeabi_uidiv)
c:/nxp/s32ds_arm_v2.2/s32ds/build_tools/gcc_v6.3/gcc-6.3-arm32-eabi/bin/../lib/gcc/arm-none-eabi/6.3.1/thumb/v6-m\libgcc.a(_dvmd_tls.o)
                              c:/nxp/s32ds_arm_v2.2/s32ds/build_tools/gcc_v6.3/gcc-6.3-arm32-eabi/bin/../lib/gcc/arm-none-eabi/6.3.1/thumb/v6-m\libgcc.a(_udivsi3.o) (__aeabi_idiv0)
C:/NXP/S32DS_ARM_v2.2/S32DS/build_tools/gcc_v6.3/gcc-6.3-arm32-eabi/arm-none-eabi/newlib/lib/thumb/v6-m\libc_nano.a(lib_a-exit.o)
                              C:/NXP/S32DS_ARM_v2.2/S32DS/build_tools/gcc_v6.3/gcc-6.3-arm32-eabi/arm-none-eabi/newlib/lib/thumb/v6-m/crt0.o (exit)
C:/NXP/S32DS_ARM_v2.2/S32DS/build_tools/gcc_v6.3/gcc-6.3-arm32-eabi/arm-none-eabi/newlib/lib/thumb/v6-m\libc_nano.a(lib_a-impure.o)
                              C:/NXP/S32DS_ARM_v2.2/S32DS/build_tools/gcc_v6.3/gcc-6.3-arm32-eabi/arm-none-eabi/newlib/lib/thumb/v6-m\libc_nano.a(lib_a-exit.o) (_global_impure_ptr)
C:/NXP/S32DS_ARM_v2.2/S32DS/build_tools/gcc_v6.3/gcc-6.3-arm32-eabi/arm-none-eabi/newlib/lib/thumb/v6-m\libc_nano.a(lib_a-init.o)
                              C:/NXP/S32DS_ARM_v2.2/S32DS/build_tools/gcc_v6.3/gcc-6.3-arm32-eabi/arm-none-eabi/newlib/lib/thumb/v6-m/crt0.o (__libc_init_array)
C:/NXP/S32DS_ARM_v2.2/S32DS/build_tools/gcc_v6.3/gcc-6.3-arm32-eabi/arm-none-eabi/newlib/lib/thumb/v6-m\libc_nano.a(lib_a-memcpy-stub.o)
                              ./Sources/main.o (memcpy)
C:/NXP/S32DS_ARM_v2.2/S32DS/build_tools/gcc_v6.3/gcc-6.3-arm32-eabi/arm-none-eabi/newlib/lib/thumb/v6-m\libc_nano.a(lib_a-memset.o)
                              C:/NXP/S32DS_ARM_v2.2/S32DS/build_tools/gcc_v6.3/gcc-6.3-arm32-eabi/arm-none-eabi/newlib/lib/thumb/v6-m/crt0.o (memset)
C:/NXP/S32DS_ARM_v2.2/S32DS/build_tools/gcc_v6.3/gcc-6.3-arm32-eabi/arm-none-eabi/newlib/lib/thumb/v6-m\libc_nano.a(lib_a-strcmp.o)
                              ./Sources/main.o (strcmp)
C:/NXP/S32DS_ARM_v2.2/S32DS/build_tools/gcc_v6.3/gcc-6.3-arm32-eabi/arm-none-eabi/newlib/lib/thumb/v6-m\libnosys.a(_exit.o)
                              C:/NXP/S32DS_ARM_v2.2/S32DS/build_tools/gcc_v6.3/gcc-6.3-arm32-eabi/arm-none-eabi/newlib/lib/thumb/v6-m\libc_nano.a(lib_a-exit.o) (_exit)

Allocating common symbols
Common symbol       size              file

lpuart1_State       0x34              ./Generated_Code/lpuart1.o
g_xtal0ClkFreq      0x4               ./SDK/platform/drivers/src/clock/S32K1xx/clock_S32K1xx.o
bufferIdx           0x1               ./Sources/main.o
buffer              0x100             ./Sources/main.o
g_RtcClkInFreq      0x4               ./SDK/platform/drivers/src/clock/S32K1xx/clock_S32K1xx.o
g_TClkFreq          0xc               ./SDK/platform/drivers/src/clock/S32K1xx/clock_S32K1xx.o
dmaController1_State
                    0x10              ./Generated_Code/dmaController1.o
dmaController1Chn0_State
                    0x10              ./Generated_Code/dmaController1.o

Discarded input sections

 .text          0x00000000        0x0 c:/nxp/s32ds_arm_v2.2/s32ds/build_tools/gcc_v6.3/gcc-6.3-arm32-eabi/bin/../lib/gcc/arm-none-eabi/6.3.1/thumb/v6-m/crti.o
 .data          0x00000000        0x0 c:/nxp/s32ds_arm_v2.2/s32ds/build_tools/gcc_v6.3/gcc-6.3-arm32-eabi/bin/../lib/gcc/arm-none-eabi/6.3.1/thumb/v6-m/crti.o
 .bss           0x00000000        0x0 c:/nxp/s32ds_arm_v2.2/s32ds/build_tools/gcc_v6.3/gcc-6.3-arm32-eabi/bin/../lib/gcc/arm-none-eabi/6.3.1/thumb/v6-m/crti.o
 .text          0x00000000       0xb4 c:/nxp/s32ds_arm_v2.2/s32ds/build_tools/gcc_v6.3/gcc-6.3-arm32-eabi/bin/../lib/gcc/arm-none-eabi/6.3.1/thumb/v6-m/crtbegin.o
 .data          0x00000000        0x4 c:/nxp/s32ds_arm_v2.2/s32ds/build_tools/gcc_v6.3/gcc-6.3-arm32-eabi/bin/../lib/gcc/arm-none-eabi/6.3.1/thumb/v6-m/crtbegin.o
 .bss           0x00000000       0x1c c:/nxp/s32ds_arm_v2.2/s32ds/build_tools/gcc_v6.3/gcc-6.3-arm32-eabi/bin/../lib/gcc/arm-none-eabi/6.3.1/thumb/v6-m/crtbegin.o
 .init_array    0x00000000        0x4 c:/nxp/s32ds_arm_v2.2/s32ds/build_tools/gcc_v6.3/gcc-6.3-arm32-eabi/bin/../lib/gcc/arm-none-eabi/6.3.1/thumb/v6-m/crtbegin.o
 .fini_array    0x00000000        0x4 c:/nxp/s32ds_arm_v2.2/s32ds/build_tools/gcc_v6.3/gcc-6.3-arm32-eabi/bin/../lib/gcc/arm-none-eabi/6.3.1/thumb/v6-m/crtbegin.o
 .eh_frame      0x00000000        0x0 c:/nxp/s32ds_arm_v2.2/s32ds/build_tools/gcc_v6.3/gcc-6.3-arm32-eabi/bin/../lib/gcc/arm-none-eabi/6.3.1/thumb/v6-m/crtbegin.o
 .jcr           0x00000000        0x0 c:/nxp/s32ds_arm_v2.2/s32ds/build_tools/gcc_v6.3/gcc-6.3-arm32-eabi/bin/../lib/gcc/arm-none-eabi/6.3.1/thumb/v6-m/crtbegin.o
 .tm_clone_table
[...]
Memory Configuration

Name             Origin             Length             Attributes
m_interrupts     0x00000000         0x000000c0         xr
m_flash_config   0x00000400         0x00000010         xr
m_text           0x00000410         0x0003fbf0         xr
m_custom         0x1ffffc00         0x00000400         rw
m_data           0x20000000         0x000030c0         rw
m_data_2         0x200030c0         0x00002740         rw
*default*        0x00000000         0xffffffff

Linker script and memory map

LOAD c:/nxp/s32ds_arm_v2.2/s32ds/build_tools/gcc_v6.3/gcc-6.3-arm32-eabi/bin/../lib/gcc/arm-none-eabi/6.3.1/thumb/v6-m/crti.o
LOAD c:/nxp/s32ds_arm_v2.2/s32ds/build_tools/gcc_v6.3/gcc-6.3-arm32-eabi/bin/../lib/gcc/arm-none-eabi/6.3.1/thumb/v6-m/crtbegin.o
LOAD C:/NXP/S32DS_ARM_v2.2/S32DS/build_tools/gcc_v6.3/gcc-6.3-arm32-eabi/arm-none-eabi/newlib/lib/thumb/v6-m/crt0.o
LOAD ./Generated_Code/Cpu.o
LOAD ./Generated_Code/clockMan1.o
LOAD ./Generated_Code/dmaController1.o
LOAD ./Generated_Code/lpuart1.o
LOAD ./Generated_Code/pin_mux.o
LOAD ./Project_Settings/Startup_Code/startup_S32K118.o
LOAD ./SDK/platform/devices/S32K118/startup/system_S32K118.o
LOAD ./SDK/platform/devices/startup.o
LOAD ./SDK/platform/drivers/src/clock/S32K1xx/clock_S32K1xx.o
LOAD ./SDK/platform/drivers/src/edma/edma_driver.o
LOAD ./SDK/platform/drivers/src/edma/edma_hw_access.o
LOAD ./SDK/platform/drivers/src/edma/edma_irq.o
LOAD ./SDK/platform/drivers/src/interrupt/interrupt_manager.o
LOAD ./SDK/platform/drivers/src/lpuart/lpuart_driver.o
LOAD ./SDK/platform/drivers/src/lpuart/lpuart_hw_access.o
LOAD ./SDK/platform/drivers/src/lpuart/lpuart_irq.o
LOAD ./SDK/platform/drivers/src/pins/pins_driver.o
LOAD ./SDK/platform/drivers/src/pins/pins_port_hw_access.o
LOAD ./SDK/rtos/osif/osif_baremetal.o
LOAD ./Sources/main.o
START GROUP
LOAD c:/nxp/s32ds_arm_v2.2/s32ds/build_tools/gcc_v6.3/gcc-6.3-arm32-eabi/bin/../lib/gcc/arm-none-eabi/6.3.1/thumb/v6-m\libgcc.a
LOAD C:/NXP/S32DS_ARM_v2.2/S32DS/build_tools/gcc_v6.3/gcc-6.3-arm32-eabi/arm-none-eabi/newlib/lib/thumb/v6-m\libc_nano.a
END GROUP
START GROUP
LOAD c:/nxp/s32ds_arm_v2.2/s32ds/build_tools/gcc_v6.3/gcc-6.3-arm32-eabi/bin/../lib/gcc/arm-none-eabi/6.3.1/thumb/v6-m\libgcc.a
LOAD C:/NXP/S32DS_ARM_v2.2/S32DS/build_tools/gcc_v6.3/gcc-6.3-arm32-eabi/arm-none-eabi/newlib/lib/thumb/v6-m\libc_nano.a
LOAD C:/NXP/S32DS_ARM_v2.2/S32DS/build_tools/gcc_v6.3/gcc-6.3-arm32-eabi/arm-none-eabi/newlib/lib/thumb/v6-m\libnosys.a
END GROUP
START GROUP
LOAD c:/nxp/s32ds_arm_v2.2/s32ds/build_tools/gcc_v6.3/gcc-6.3-arm32-eabi/bin/../lib/gcc/arm-none-eabi/6.3.1/thumb/v6-m\libgcc.a
LOAD C:/NXP/S32DS_ARM_v2.2/S32DS/build_tools/gcc_v6.3/gcc-6.3-arm32-eabi/arm-none-eabi/newlib/lib/thumb/v6-m\libc_nano.a
LOAD C:/NXP/S32DS_ARM_v2.2/S32DS/build_tools/gcc_v6.3/gcc-6.3-arm32-eabi/arm-none-eabi/newlib/lib/thumb/v6-m\libnosys.a
END GROUP
LOAD c:/nxp/s32ds_arm_v2.2/s32ds/build_tools/gcc_v6.3/gcc-6.3-arm32-eabi/bin/../lib/gcc/arm-none-eabi/6.3.1/thumb/v6-m/crtend.o
LOAD c:/nxp/s32ds_arm_v2.2/s32ds/build_tools/gcc_v6.3/gcc-6.3-arm32-eabi/bin/../lib/gcc/arm-none-eabi/6.3.1/thumb/v6-m/crtn.o
                0x00000200                HEAP_SIZE = DEFINED (__heap_size__)?__heap_size__:0x200
                0x00000200                STACK_SIZE = DEFINED (__stack_size__)?__stack_size__:0x200
                0x000000c0                M_VECTOR_RAM_SIZE = DEFINED (__flash_vector_table__)?0x0:0xc0

.interrupts     0x00000000       0xc0
                0x00000000                __VECTOR_TABLE = .
                0x00000000                __interrupts_start__ = .
                0x00000000                . = ALIGN (0x4)
 *(.isr_vector)
 .isr_vector    0x00000000       0xc0 ./Project_Settings/Startup_Code/startup_S32K118.o
                0x00000000                __isr_vector
                0x000000c0                __interrupts_end__ = .
                0x000000c0                . = ALIGN (0x4)

.flash_config   0x00000400       0x10
                0x00000400                . = ALIGN (0x4)
 *(.FlashConfig)
 .FlashConfig   0x00000400       0x10 ./Project_Settings/Startup_Code/startup_S32K118.o
                0x00000410                . = ALIGN (0x4)

.text           0x00000410     0x3220
                0x00000410                . = ALIGN (0x4)
 *(.text)
 .text          0x00000410       0x60 ./Project_Settings/Startup_Code/startup_S32K118.o
                0x00000410                Reset_Handler
                0x0000046c                ERM_fault_IRQHandler
                0x0000046c                PendSV_Handler
                0x0000046c                NMI_Handler
                0x0000046c                LPIT0_IRQHandler
                0x0000046c                ADC0_IRQHandler
                0x0000046c                FTM0_Ovf_Reload_IRQHandler
                0x0000046c                FTM1_Ch0_7_IRQHandler
                0x0000046c                DefaultISR
                0x0000046c                SCG_CMU_LVD_LVWSCG_IRQHandler
                0x0000046c                FTM0_Ch0_7_IRQHandler
                0x0000046c                RTC_IRQHandler
                0x0000046c                PDB0_IRQHandler
                0x0000046c                HardFault_Handler
                0x0000046c                CAN0_ORed_Err_Wakeup_IRQHandler
                0x0000046c                LPSPI1_IRQHandler
                0x0000046c                LPUART1_RxTx_IRQHandler
                0x0000046c                RTC_Seconds_IRQHandler
                0x0000046c                CAN0_ORed_0_31_MB_IRQHandler
                0x0000046c                FTFC_IRQHandler
                0x0000046c                LPSPI0_IRQHandler
                0x0000046c                FTM0_Fault_IRQHandler
                0x0000046c                SVC_Handler
                0x0000046c                RCM_IRQHandler
                0x0000046c                FTM1_Fault_IRQHandler
                0x0000046c                LPI2C0_Master_Slave_IRQHandler
                0x0000046c                LPUART0_RxTx_IRQHandler
                0x0000046c                WDOG_IRQHandler
                0x0000046c                LPTMR0_IRQHandler
                0x0000046c                FTM1_Ovf_Reload_IRQHandler
                0x0000046c                CMP0_IRQHandler
                0x0000046c                PORT_IRQHandler
                0x0000046c                FLEXIO_IRQHandler
 .text          0x00000470      0x114 c:/nxp/s32ds_arm_v2.2/s32ds/build_tools/gcc_v6.3/gcc-6.3-arm32-eabi/bin/../lib/gcc/arm-none-eabi/6.3.1/thumb/v6-m\libgcc.a(_udivsi3.o)
                0x00000470                __aeabi_uidiv
                0x00000470                __udivsi3
                0x0000057c                __aeabi_uidivmod
 .text          0x00000584        0x4 c:/nxp/s32ds_arm_v2.2/s32ds/build_tools/gcc_v6.3/gcc-6.3-arm32-eabi/bin/../lib/gcc/arm-none-eabi/6.3.1/thumb/v6-m\libgcc.a(_dvmd_tls.o)
                0x00000584                __aeabi_idiv0
                0x00000584                __aeabi_ldiv0
 .text          0x00000588       0x14 C:/NXP/S32DS_ARM_v2.2/S32DS/build_tools/gcc_v6.3/gcc-6.3-arm32-eabi/arm-none-eabi/newlib/lib/thumb/v6-m\libc_nano.a(lib_a-strcmp.o)
                0x00000588                strcmp
 *(.text*)
 .text.SystemInit
                0x0000059c       0x24 ./SDK/platform/devices/S32K118/startup/system_S32K118.o
                0x0000059c                SystemInit
 .text.init_data_bss
                0x000005c0       0xdc ./SDK/platform/devices/startup.o
                0x000005c0                init_data_bss
 .text.CLOCK_SYS_GetCurrentRunMode
                0x0000069c       0x28 ./SDK/platform/drivers/src/clock/S32K1xx/clock_S32K1xx.o
 .text.CLOCK_SYS_GetSysOscFreq
                0x000006c4       0x1c ./SDK/platform/drivers/src/clock/S32K1xx/clock_S32K1xx.o
 .text.CLOCK_SYS_ConfigureSOSC
                0x000006e0      0x128 ./SDK/platform/drivers/src/clock/S32K1xx/clock_S32K1xx.o
 .text.CLOCK_SYS_GetSircFreq
                0x00000808       0x28 ./SDK/platform/drivers/src/clock/S32K1xx/clock_S32K1xx.o
 .text.CLOCK_SYS_ConfigureSIRC
                0x00000830       0xc4 ./SDK/platform/drivers/src/clock/S32K1xx/clock_S32K1xx.o
 .text.CLOCK_SYS_GetFircFreq
                0x000008f4       0x24 ./SDK/platform/drivers/src/clock/S32K1xx/clock_S32K1xx.o
 .text.CLOCK_SYS_ConfigureFIRC
                0x00000918       0xb4 ./SDK/platform/drivers/src/clock/S32K1xx/clock_S32K1xx.o
 .text.CLOCK_SYS_SetSystemClockConfig
                0x000009cc      0x140 ./SDK/platform/drivers/src/clock/S32K1xx/clock_S32K1xx.o
 .text.CLOCK_SYS_TransitionSystemClock
                0x00000b0c       0x54 ./SDK/platform/drivers/src/clock/S32K1xx/clock_S32K1xx.o
 .text.CLOCK_SYS_GetSystemClockFreq
                0x00000b60       0x80 ./SDK/platform/drivers/src/clock/S32K1xx/clock_S32K1xx.o
 .text.CLOCK_SYS_GetScgClkOutFreq
                0x00000be0       0x3c ./SDK/platform/drivers/src/clock/S32K1xx/clock_S32K1xx.o
 .text.CLOCK_SYS_GetSysAsyncFreq
                0x00000c1c       0xac ./SDK/platform/drivers/src/clock/S32K1xx/clock_S32K1xx.o
 .text.CLOCK_SYS_GetSimRtcClkFreq
                0x00000cc8       0x50 ./SDK/platform/drivers/src/clock/S32K1xx/clock_S32K1xx.o
 .text.CLOCK_SYS_GetPeripheralClock
                0x00000d18       0x68 ./SDK/platform/drivers/src/clock/S32K1xx/clock_S32K1xx.o
 .text.CLOCK_SYS_GetLpoFreq
                0x00000d80       0x54 ./SDK/platform/drivers/src/clock/S32K1xx/clock_S32K1xx.o
 .text.CLOCK_SYS_GetSimClkOutFreq
                0x00000dd4       0x80 ./SDK/platform/drivers/src/clock/S32K1xx/clock_S32K1xx.o
 .text.CLOCK_DRV_Init
                0x00000e54      0x530 ./SDK/platform/drivers/src/clock/S32K1xx/clock_S32K1xx.o
                0x00000e54                CLOCK_DRV_Init
 .text.CLOCK_DRV_GetFreq
                0x00001384      0x2f8 ./SDK/platform/drivers/src/clock/S32K1xx/clock_S32K1xx.o
                0x00001384                CLOCK_DRV_GetFreq
 .text.CLOCK_SYS_Init
                0x0000167c       0x28 ./SDK/platform/drivers/src/clock/S32K1xx/clock_S32K1xx.o
                0x0000167c                CLOCK_SYS_Init
 .text.CLOCK_SYS_UpdateConfiguration
                0x000016a4      0x100 ./SDK/platform/drivers/src/clock/S32K1xx/clock_S32K1xx.o
                0x000016a4                CLOCK_SYS_UpdateConfiguration
 .text.CLOCK_SYS_GetFreq
                0x000017a4        0x8 ./SDK/platform/drivers/src/clock/S32K1xx/clock_S32K1xx.o
                0x000017a4                CLOCK_SYS_GetFreq
 .text.EDMA_DRV_ClearIntStatus
                0x000017ac       0x24 ./SDK/platform/drivers/src/edma/edma_driver.o
 .text.EDMA_DRV_InstallCallback
                0x000017d0       0x38 ./SDK/platform/drivers/src/edma/edma_driver.o
                0x000017d0                EDMA_DRV_InstallCallback
 .text.EDMA_DRV_IRQHandler
                0x00001808       0x28 ./SDK/platform/drivers/src/edma/edma_driver.o
                0x00001808                EDMA_DRV_IRQHandler
 .text.EDMA_DRV_ErrorIRQHandler
                0x00001830       0x44 ./SDK/platform/drivers/src/edma/edma_driver.o
                0x00001830                EDMA_DRV_ErrorIRQHandler
 .text.EDMA_DRV_ConfigSingleBlockTransfer
                0x00001874      0x1fc ./SDK/platform/drivers/src/edma/edma_driver.o
                0x00001874                EDMA_DRV_ConfigSingleBlockTransfer
 .text.EDMA_DRV_ConfigMultiBlockTransfer
                0x00001a70       0x78 ./SDK/platform/drivers/src/edma/edma_driver.o
                0x00001a70                EDMA_DRV_ConfigMultiBlockTransfer
 .text.EDMA_DRV_StartChannel
                0x00001ae8       0x44 ./SDK/platform/drivers/src/edma/edma_driver.o
                0x00001ae8                EDMA_DRV_StartChannel
 .text.EDMA_DRV_StopChannel
                0x00001b2c       0x44 ./SDK/platform/drivers/src/edma/edma_driver.o
                0x00001b2c                EDMA_DRV_StopChannel
 .text.EDMA_DRV_SetSrcAddr
                0x00001b70       0x40 ./SDK/platform/drivers/src/edma/edma_driver.o
                0x00001b70                EDMA_DRV_SetSrcAddr
 .text.EDMA_DRV_SetDestAddr
                0x00001bb0       0x44 ./SDK/platform/drivers/src/edma/edma_driver.o
                0x00001bb0                EDMA_DRV_SetDestAddr
 .text.EDMA_DRV_SetMajorLoopIterationCount
                0x00001bf4       0x44 ./SDK/platform/drivers/src/edma/edma_driver.o
                0x00001bf4                EDMA_DRV_SetMajorLoopIterationCount
 .text.EDMA_DRV_GetRemainingMajorIterationsCount
                0x00001c38       0x40 ./SDK/platform/drivers/src/edma/edma_driver.o
                0x00001c38                EDMA_DRV_GetRemainingMajorIterationsCount
 .text.EDMA_DRV_GetDmaRegBaseAddr
                0x00001c78       0x10 ./SDK/platform/drivers/src/edma/edma_driver.o
                0x00001c78                EDMA_DRV_GetDmaRegBaseAddr
 .text.EDMA_SetDmaRequestCmd
                0x00001c88        0xc ./SDK/platform/drivers/src/edma/edma_hw_access.o
                0x00001c88                EDMA_SetDmaRequestCmd
 .text.EDMA_TCDClearReg
                0x00001c94       0x70 ./SDK/platform/drivers/src/edma/edma_hw_access.o
                0x00001c94                EDMA_TCDClearReg
 .text.EDMA_TCDSetAttribute
                0x00001d04       0x44 ./SDK/platform/drivers/src/edma/edma_hw_access.o
                0x00001d04                EDMA_TCDSetAttribute
 .text.EDMA_TCDSetNbytes
                0x00001d48       0x74 ./SDK/platform/drivers/src/edma/edma_hw_access.o
                0x00001d48                EDMA_TCDSetNbytes
 .text.EDMA_TCDSetMajorCount
                0x00001dbc       0x7c ./SDK/platform/drivers/src/edma/edma_hw_access.o
                0x00001dbc                EDMA_TCDSetMajorCount
 .text.EDMA_TCDGetCurrentMajorCount
                0x00001e38       0x50 ./SDK/platform/drivers/src/edma/edma_hw_access.o
                0x00001e38                EDMA_TCDGetCurrentMajorCount
 .text.DMA0_IRQHandler
                0x00001e88        0xa ./SDK/platform/drivers/src/edma/edma_irq.o
                0x00001e88                DMA0_IRQHandler
 .text.DMA1_IRQHandler
                0x00001e92        0xa ./SDK/platform/drivers/src/edma/edma_irq.o
                0x00001e92                DMA1_IRQHandler
 .text.DMA2_IRQHandler
                0x00001e9c        0xa ./SDK/platform/drivers/src/edma/edma_irq.o
                0x00001e9c                DMA2_IRQHandler
 .text.DMA3_IRQHandler
                0x00001ea6        0xa ./SDK/platform/drivers/src/edma/edma_irq.o
                0x00001ea6                DMA3_IRQHandler
 .text.DMA_Error_IRQHandler
                0x00001eb0       0x28 ./SDK/platform/drivers/src/edma/edma_irq.o
                0x00001eb0                DMA_Error_IRQHandler
 .text.INT_SYS_InstallHandler
                0x00001ed8       0x78 ./SDK/platform/drivers/src/interrupt/interrupt_manager.o
                0x00001ed8                INT_SYS_InstallHandler
 .text.INT_SYS_EnableIRQ
                0x00001f50       0x34 ./SDK/platform/drivers/src/interrupt/interrupt_manager.o
                0x00001f50                INT_SYS_EnableIRQ
 .text.INT_SYS_EnableIRQGlobal
                0x00001f84       0x1c ./SDK/platform/drivers/src/interrupt/interrupt_manager.o
                0x00001f84                INT_SYS_EnableIRQGlobal
 .text.INT_SYS_DisableIRQGlobal
                0x00001fa0       0x10 ./SDK/platform/drivers/src/interrupt/interrupt_manager.o
                0x00001fa0                INT_SYS_DisableIRQGlobal
 .text.LPUART_DRV_StartSendDataUsingInt
                0x00001fb0       0x90 ./SDK/platform/drivers/src/lpuart/lpuart_driver.o
 .text.LPUART_DRV_StartSendDataUsingDma
                0x00002040       0xc8 ./SDK/platform/drivers/src/lpuart/lpuart_driver.o
 .text.LPUART_DRV_CompleteSendDataUsingInt
                0x00002108       0x7c ./SDK/platform/drivers/src/lpuart/lpuart_driver.o
 .text.LPUART_DRV_StopTxDma
                0x00002184       0x70 ./SDK/platform/drivers/src/lpuart/lpuart_driver.o
 .text.LPUART_DRV_TxDmaCallback
                0x000021f4       0x74 ./SDK/platform/drivers/src/lpuart/lpuart_driver.o
 .text.LPUART_DRV_PutData
                0x00002268       0x44 ./SDK/platform/drivers/src/lpuart/lpuart_driver.o
 .text.LPUART_DRV_StartReceiveDataUsingInt
                0x000022ac       0x98 ./SDK/platform/drivers/src/lpuart/lpuart_driver.o
 .text.LPUART_DRV_StartReceiveDataUsingDma
                0x00002344       0xdc ./SDK/platform/drivers/src/lpuart/lpuart_driver.o
 .text.LPUART_DRV_CompleteReceiveDataUsingInt
                0x00002420       0x78 ./SDK/platform/drivers/src/lpuart/lpuart_driver.o
 .text.LPUART_DRV_StopRxDma
                0x00002498       0x70 ./SDK/platform/drivers/src/lpuart/lpuart_driver.o
 .text.LPUART_DRV_RxDmaCallback
                0x00002508       0xa4 ./SDK/platform/drivers/src/lpuart/lpuart_driver.o
 .text.LPUART_DRV_GetData
                0x000025ac       0x60 ./SDK/platform/drivers/src/lpuart/lpuart_driver.o
 .text.LPUART_DRV_InstallRxCallback
                0x0000260c       0x28 ./SDK/platform/drivers/src/lpuart/lpuart_driver.o
                0x0000260c                LPUART_DRV_InstallRxCallback
 .text.LPUART_DRV_SendDataBlocking
                0x00002634       0x90 ./SDK/platform/drivers/src/lpuart/lpuart_driver.o
                0x00002634                LPUART_DRV_SendDataBlocking
 .text.LPUART_DRV_ReceiveData
                0x000026c4       0x50 ./SDK/platform/drivers/src/lpuart/lpuart_driver.o
                0x000026c4                LPUART_DRV_ReceiveData
 .text.LPUART_DRV_GetReceiveStatus
                0x00002714       0x50 ./SDK/platform/drivers/src/lpuart/lpuart_driver.o
                0x00002714                LPUART_DRV_GetReceiveStatus
 .text.LPUART_DRV_SetBaudRate
                0x00002764      0x16c ./SDK/platform/drivers/src/lpuart/lpuart_driver.o
                0x00002764                LPUART_DRV_SetBaudRate
 .text.LPUART_DRV_Init
                0x000028d0      0x150 ./SDK/platform/drivers/src/lpuart/lpuart_driver.o
                0x000028d0                LPUART_DRV_Init
 .text.LPUART_DRV_SetRxBuffer
                0x00002a20       0x38 ./SDK/platform/drivers/src/lpuart/lpuart_driver.o
                0x00002a20                LPUART_DRV_SetRxBuffer
 .text.LPUART_DRV_IRQHandler
                0x00002a58      0x2c0 ./SDK/platform/drivers/src/lpuart/lpuart_driver.o
                0x00002a58                LPUART_DRV_IRQHandler
 .text.LPUART_Init
                0x00002d18       0x24 ./SDK/platform/drivers/src/lpuart/lpuart_hw_access.o
                0x00002d18                LPUART_Init
 .text.LPUART_SetBitCountPerChar
                0x00002d3c       0x34 ./SDK/platform/drivers/src/lpuart/lpuart_hw_access.o
                0x00002d3c                LPUART_SetBitCountPerChar
 .text.LPUART_SetParityMode
                0x00002d70       0x1e ./SDK/platform/drivers/src/lpuart/lpuart_hw_access.o
                0x00002d70                LPUART_SetParityMode
 *fill*         0x00002d8e        0x2 
 .text.LPUART_Putchar9
                0x00002d90       0x1c ./SDK/platform/drivers/src/lpuart/lpuart_hw_access.o
                0x00002d90                LPUART_Putchar9
 .text.LPUART_Putchar10
                0x00002dac       0x2c ./SDK/platform/drivers/src/lpuart/lpuart_hw_access.o
                0x00002dac                LPUART_Putchar10
 .text.LPUART_Getchar9
                0x00002dd8       0x1a ./SDK/platform/drivers/src/lpuart/lpuart_hw_access.o
                0x00002dd8                LPUART_Getchar9
 .text.LPUART_Getchar10
                0x00002df2       0x28 ./SDK/platform/drivers/src/lpuart/lpuart_hw_access.o
                0x00002df2                LPUART_Getchar10
 *fill*         0x00002e1a        0x2 
 .text.LPUART_SetIntMode
                0x00002e1c       0x64 ./SDK/platform/drivers/src/lpuart/lpuart_hw_access.o
                0x00002e1c                LPUART_SetIntMode
 .text.LPUART_GetIntMode
                0x00002e80       0x50 ./SDK/platform/drivers/src/lpuart/lpuart_hw_access.o
                0x00002e80                LPUART_GetIntMode
 .text.LPUART_GetStatusFlag
                0x00002ed0       0x50 ./SDK/platform/drivers/src/lpuart/lpuart_hw_access.o
                0x00002ed0                LPUART_GetStatusFlag
 .text.LPUART_SetErrorInterrupts
                0x00002f20       0x40 ./SDK/platform/drivers/src/lpuart/lpuart_hw_access.o
                0x00002f20                LPUART_SetErrorInterrupts
 .text.LPUART0_IrqHandler
                0x00002f60        0xa ./SDK/platform/drivers/src/lpuart/lpuart_irq.o
                0x00002f60                LPUART0_IrqHandler
 .text.LPUART1_IrqHandler
                0x00002f6a        0xa ./SDK/platform/drivers/src/lpuart/lpuart_irq.o
                0x00002f6a                LPUART1_IrqHandler
 .text.PINS_DRV_Init
                0x00002f74       0x1c ./SDK/platform/drivers/src/pins/pins_driver.o
                0x00002f74                PINS_DRV_Init
 .text.PINS_Init
                0x00002f90      0x12c ./SDK/platform/drivers/src/pins/pins_port_hw_access.o
                0x00002f90                PINS_Init
 .text.SysTick_Handler
                0x000030bc       0x10 ./SDK/rtos/osif/osif_baremetal.o
                0x000030bc                SysTick_Handler
 .text.OSIF_SemaWait
                0x000030cc       0x94 ./SDK/rtos/osif/osif_baremetal.o
                0x000030cc                OSIF_SemaWait
 .text.OSIF_SemaPost
                0x00003160       0x2c ./SDK/rtos/osif/osif_baremetal.o
                0x00003160                OSIF_SemaPost
 .text.OSIF_SemaCreate
                0x0000318c       0x1c ./SDK/rtos/osif/osif_baremetal.o
                0x0000318c                OSIF_SemaCreate
 .text.rxCallback
                0x000031a8       0x34 ./Sources/main.o
                0x000031a8                rxCallback
 .text.main     0x000031dc       0xf0 ./Sources/main.o
                0x000031dc                main
 .text.memcpy   0x000032cc       0x12 C:/NXP/S32DS_ARM_v2.2/S32DS/build_tools/gcc_v6.3/gcc-6.3-arm32-eabi/arm-none-eabi/newlib/lib/thumb/v6-m\libc_nano.a(lib_a-memcpy-stub.o)
                0x000032cc                memcpy
 *(.rodata)
 *(.rodata*)
 *fill*         0x000032de        0x2 
 .rodata.lpuart1_InitConfig0
                0x000032e0        0xc ./Generated_Code/lpuart1.o
                0x000032e0                lpuart1_InitConfig0
 .rodata.CLOCK_SYS_GetSimClkOutFreq
                0x000032ec       0x3c ./SDK/platform/drivers/src/clock/S32K1xx/clock_S32K1xx.o
 .rodata.CLOCK_DRV_GetFreq
                0x00003328       0x74 ./SDK/platform/drivers/src/clock/S32K1xx/clock_S32K1xx.o
 .rodata.clockNameMappings
                0x0000339c       0x8c ./SDK/platform/drivers/src/clock/S32K1xx/clock_S32K1xx.o
                0x0000339c                clockNameMappings
 .rodata.maxSysClksInRUN.6114
                0x00003428       0x54 ./SDK/platform/drivers/src/clock/S32K1xx/clock_S32K1xx.o
 .rodata.maxSysClksInVLPR.6113
                0x0000347c       0x54 ./SDK/platform/drivers/src/clock/S32K1xx/clock_S32K1xx.o
 .rodata.peripheralFeaturesList
                0x000034d0       0x46 ./SDK/platform/drivers/src/clock/S32K1xx/clock_S32K1xx.o
                0x000034d0                peripheralFeaturesList
 *fill*         0x00003516        0x2 
 .rodata.s_lpuartBase
                0x00003518        0x8 ./SDK/platform/drivers/src/lpuart/lpuart_driver.o
 .rodata.s_lpuartClkNames
                0x00003520        0x2 ./SDK/platform/drivers/src/lpuart/lpuart_driver.o
 *fill*         0x00003522        0x2 
 .rodata.s_lpuartRxTxIrqId
                0x00003524        0x2 ./SDK/platform/drivers/src/lpuart/lpuart_driver.o
 *fill*         0x00003526        0x2 
 .rodata.main.str1.4
                0x00003528      0x100 ./Sources/main.o
                                 0xfd (size before relaxing)
 *(.init)
 .init          0x00003628        0x4 c:/nxp/s32ds_arm_v2.2/s32ds/build_tools/gcc_v6.3/gcc-6.3-arm32-eabi/bin/../lib/gcc/arm-none-eabi/6.3.1/thumb/v6-m/crti.o
                0x00003628                _init
 *(.fini)
 .fini          0x0000362c        0x4 c:/nxp/s32ds_arm_v2.2/s32ds/build_tools/gcc_v6.3/gcc-6.3-arm32-eabi/bin/../lib/gcc/arm-none-eabi/6.3.1/thumb/v6-m/crti.o
                0x0000362c                _fini
 *(.eh_frame)
                0x00003630                . = ALIGN (0x4)

.glue_7         0x00003630        0x0
 .glue_7        0x00003630        0x0 linker stubs

.glue_7t        0x00003630        0x0
 .glue_7t       0x00003630        0x0 linker stubs

.vfp11_veneer   0x00003630        0x0
 .vfp11_veneer  0x00003630        0x0 linker stubs

.v4_bx          0x00003630        0x0
 .v4_bx         0x00003630        0x0 linker stubs

.iplt           0x00003630        0x0
 .iplt          0x00003630        0x0 c:/nxp/s32ds_arm_v2.2/s32ds/build_tools/gcc_v6.3/gcc-6.3-arm32-eabi/bin/../lib/gcc/arm-none-eabi/6.3.1/thumb/v6-m/crtbegin.o

.rel.dyn        0x00003630        0x0
 .rel.iplt      0x00003630        0x0 c:/nxp/s32ds_arm_v2.2/s32ds/build_tools/gcc_v6.3/gcc-6.3-arm32-eabi/bin/../lib/gcc/arm-none-eabi/6.3.1/thumb/v6-m/crtbegin.o

.ARM            0x00003630        0x0
                0x00003630                __exidx_start = .
 *(.ARM.exidx*)
                0x00003630                __exidx_end = .
                0x00003630                __etext = .
                0x00003630                __DATA_ROM = .

.interrupts_ram
                0x20000000       0xc0
                0x20000000                . = ALIGN (0x4)
                0x20000000                __VECTOR_RAM__ = .
                0x20000000                __RAM_START = .
                0x20000000                __interrupts_ram_start__ = .
 *(.m_interrupts_ram)
                0x200000c0                . = (. + M_VECTOR_RAM_SIZE)
 *fill*         0x20000000       0xc0 
                0x200000c0                . = ALIGN (0x4)
                0x200000c0                __interrupts_ram_end__ = .
                0x20000000                __VECTOR_RAM = DEFINED (__flash_vector_table__)?ORIGIN (m_interrupts):__VECTOR_RAM__
                0x000000c0                __RAM_VECTOR_TABLE_SIZE = DEFINED (__flash_vector_table__)?0x0:(__interrupts_ram_end__ - __interrupts_ram_start__)

.data           0x200000c0      0x180 load address 0x00003630
                0x200000c0                . = ALIGN (0x4)
                0x200000c0                __DATA_RAM = .
                0x200000c0                __data_start__ = .
 *(.data)
 *(.data*)
 .data.clockMan1_InitConfig0
                0x200000c0       0x78 ./Generated_Code/clockMan1.o
                0x200000c0                clockMan1_InitConfig0
 .data.g_clockManConfigsArr
                0x20000138        0x4 ./Generated_Code/clockMan1.o
                0x20000138                g_clockManConfigsArr
 .data.peripheralClockConfig0
                0x2000013c       0x28 ./Generated_Code/clockMan1.o
                0x2000013c                peripheralClockConfig0
 .data.g_pin_mux_InitConfigArr
                0x20000164       0x60 ./Generated_Code/pin_mux.o
                0x20000164                g_pin_mux_InitConfigArr
 .data.peripheralClockConfig.5905
                0x200001c4       0x73 ./SDK/platform/drivers/src/clock/S32K1xx/clock_S32K1xx.o
 *fill*         0x20000237        0x1 
 .data.g_lpuartIsr
                0x20000238        0x8 ./SDK/platform/drivers/src/lpuart/lpuart_irq.o
                0x20000238                g_lpuartIsr
                0x20000240                . = ALIGN (0x4)
                0x20000240                __data_end__ = .
                0x000037b0                __DATA_END = (__DATA_ROM + (__data_end__ - __data_start__))
                0x000037b0                __CODE_ROM = __DATA_END

.igot.plt       0x20000240        0x0 load address 0x000037b0
 .igot.plt      0x20000240        0x0 c:/nxp/s32ds_arm_v2.2/s32ds/build_tools/gcc_v6.3/gcc-6.3-arm32-eabi/bin/../lib/gcc/arm-none-eabi/6.3.1/thumb/v6-m/crtbegin.o

.code           0x20000240        0x0 load address 0x000037b0
                0x20000240                . = ALIGN (0x4)
                0x20000240                __CODE_RAM = .
                0x20000240                __code_start__ = .
                0x20000240                __code_ram_start__ = .
 *(.code_ram)
                0x20000240                . = ALIGN (0x4)
                0x20000240                __code_end__ = .
                0x20000240                __code_ram_end__ = .
                0x000037b0                __CODE_END = (__CODE_ROM + (__code_end__ - __code_start__))
                0x000037b0                __CUSTOM_ROM = __CODE_END

.customSectionBlock
                0x1ffffc00        0x0 load address 0x000037b0
                0x1ffffc00                __customSectionStart = .
                0x1ffffc00                __customSection_start__ = .
 *(.customSection)
                0x1ffffc00                __customSection_end__ = .
                0x000037b0                __CUSTOM_END = (__CUSTOM_ROM + (__customSection_end__ - __customSection_start__))
                0x000037b0                __rom_end = __CUSTOM_END

.bss            0x200030c0      0x178
                0x200030c0                . = ALIGN (0x4)
                0x200030c0                __BSS_START = .
                0x200030c0                __bss_start__ = .
 *(.bss)
 *(.bss*)
 .bss.g_clockManCallbacksArr
                0x200030c0        0x4 ./Generated_Code/clockMan1.o
                0x200030c0                g_clockManCallbacksArr
 .bss.g_clockState
                0x200030c4       0x10 ./SDK/platform/drivers/src/clock/S32K1xx/clock_S32K1xx.o
 .bss.s_virtEdmaState
                0x200030d4        0x4 ./SDK/platform/drivers/src/edma/edma_driver.o
 .bss.g_interruptDisableCount
                0x200030d8        0x4 ./SDK/platform/drivers/src/interrupt/interrupt_manager.o
 .bss.s_lpuartStatePtr
                0x200030dc        0x8 ./SDK/platform/drivers/src/lpuart/lpuart_driver.o
 .bss.s_osif_tick_cnt
                0x200030e4        0x4 ./SDK/rtos/osif/osif_baremetal.o
 .bss.exit_code
                0x200030e8        0x4 ./Sources/main.o
                0x200030e8                exit_code
 *(COMMON)
 COMMON         0x200030ec       0x34 ./Generated_Code/lpuart1.o
                0x200030ec                lpuart1_State
 COMMON         0x20003120       0x14 ./SDK/platform/drivers/src/clock/S32K1xx/clock_S32K1xx.o
                0x20003120                g_xtal0ClkFreq
                0x20003124                g_RtcClkInFreq
                0x20003128                g_TClkFreq
 COMMON         0x20003134      0x104 ./Sources/main.o
                0x20003134                bufferIdx
                0x20003138                buffer
                0x20003238                . = ALIGN (0x4)
                0x20003238                __bss_end__ = .
                0x20003238                __BSS_END = .

.heap           0x20003238      0x200
                0x20003238                . = ALIGN (0x8)
                0x20003238                __end__ = .
                0x20003238                __heap_start__ = .
                [!provide]                PROVIDE (end, .)
                [!provide]                PROVIDE (_end, .)
                [!provide]                PROVIDE (__end, .)
                0x20003238                __HeapBase = .
                0x20003438                . = (. + HEAP_SIZE)
 *fill*         0x20003238      0x200 
                0x20003438                __HeapLimit = .
                0x20003438                __heap_limit = .
                0x20003438                __heap_end__ = .
                0x20005800                __StackTop = (ORIGIN (m_data_2) + LENGTH (m_data_2))
                0x20005600                __StackLimit = (__StackTop - STACK_SIZE)
                0x20005800                PROVIDE (__stack, __StackTop)
                0x20005800                __RAM_END = __StackTop

.stack          0x20005600      0x200
                0x20005600                . = ALIGN (0x8)
                0x20005600                __stack_start__ = .
                0x20005800                . = (. + STACK_SIZE)
 *fill*         0x20005600      0x200 
                0x20005800                __stack_end__ = .

.ARM.attributes
                0x00000000       0x28
 *(.ARM.attributes)
 .ARM.attributes
                0x00000000       0x1e c:/nxp/s32ds_arm_v2.2/s32ds/build_tools/gcc_v6.3/gcc-6.3-arm32-eabi/bin/../lib/gcc/arm-none-eabi/6.3.1/thumb/v6-m/crti.o
 .ARM.attributes
                0x0000001e       0x32 ./Generated_Code/clockMan1.o
 .ARM.attributes
                0x00000050       0x32 ./Generated_Code/lpuart1.o
 .ARM.attributes
                0x00000082       0x32 ./Generated_Code/pin_mux.o
 .ARM.attributes
                0x000000b4       0x1b ./Project_Settings/Startup_Code/startup_S32K118.o
 .ARM.attributes
                0x000000cf       0x32 ./SDK/platform/devices/S32K118/startup/system_S32K118.o
 .ARM.attributes
                0x00000101       0x32 ./SDK/platform/devices/startup.o
 .ARM.attributes
                0x00000133       0x32 ./SDK/platform/drivers/src/clock/S32K1xx/clock_S32K1xx.o
 .ARM.attributes
                0x00000165       0x32 ./SDK/platform/drivers/src/edma/edma_driver.o
 .ARM.attributes
                0x00000197       0x32 ./SDK/platform/drivers/src/edma/edma_hw_access.o
 .ARM.attributes
                0x000001c9       0x32 ./SDK/platform/drivers/src/edma/edma_irq.o
 .ARM.attributes
                0x000001fb       0x32 ./SDK/platform/drivers/src/interrupt/interrupt_manager.o
 .ARM.attributes
                0x0000022d       0x32 ./SDK/platform/drivers/src/lpuart/lpuart_driver.o
 .ARM.attributes
                0x0000025f       0x32 ./SDK/platform/drivers/src/lpuart/lpuart_hw_access.o
 .ARM.attributes
                0x00000291       0x32 ./SDK/platform/drivers/src/lpuart/lpuart_irq.o
 .ARM.attributes
                0x000002c3       0x32 ./SDK/platform/drivers/src/pins/pins_driver.o
 .ARM.attributes
                0x000002f5       0x32 ./SDK/platform/drivers/src/pins/pins_port_hw_access.o
 .ARM.attributes
                0x00000327       0x32 ./SDK/rtos/osif/osif_baremetal.o
 .ARM.attributes
                0x00000359       0x32 ./Sources/main.o
 .ARM.attributes
                0x0000038b       0x1e c:/nxp/s32ds_arm_v2.2/s32ds/build_tools/gcc_v6.3/gcc-6.3-arm32-eabi/bin/../lib/gcc/arm-none-eabi/6.3.1/thumb/v6-m\libgcc.a(_udivsi3.o)
 .ARM.attributes
                0x000003a9       0x1e c:/nxp/s32ds_arm_v2.2/s32ds/build_tools/gcc_v6.3/gcc-6.3-arm32-eabi/bin/../lib/gcc/arm-none-eabi/6.3.1/thumb/v6-m\libgcc.a(_dvmd_tls.o)
 .ARM.attributes
                0x000003c7       0x2c C:/NXP/S32DS_ARM_v2.2/S32DS/build_tools/gcc_v6.3/gcc-6.3-arm32-eabi/arm-none-eabi/newlib/lib/thumb/v6-m\libc_nano.a(lib_a-memcpy-stub.o)
 .ARM.attributes
                0x000003f3       0x1c C:/NXP/S32DS_ARM_v2.2/S32DS/build_tools/gcc_v6.3/gcc-6.3-arm32-eabi/arm-none-eabi/newlib/lib/thumb/v6-m\libc_nano.a(lib_a-strcmp.o)
                0x00000001                ASSERT ((__rom_end <= (ORIGIN (m_text) + LENGTH (m_text))), Region m_text overflowed!)
                0x00000001                ASSERT ((__StackLimit >= __HeapLimit), region m_data_2 overflowed with stack and heap)
OUTPUT(lpuart_echo_s32k118.elf elf32-littlearm)

.debug_info     0x00000000    0x1825a
 .debug_info    0x00000000     0x1a66 ./Generated_Code/clockMan1.o
 .debug_info    0x00001a66     0x1a4a ./Generated_Code/lpuart1.o
 .debug_info    0x000034b0      0x404 ./Generated_Code/pin_mux.o
 .debug_info    0x000038b4       0x26 ./Project_Settings/Startup_Code/startup_S32K118.o
 .debug_info    0x000038da      0x3f3 ./SDK/platform/devices/S32K118/startup/system_S32K118.o
 .debug_info    0x00003ccd      0x295 ./SDK/platform/devices/startup.o
 .debug_info    0x00003f62     0x565c ./SDK/platform/drivers/src/clock/S32K1xx/clock_S32K1xx.o
 .debug_info    0x000095be     0x46a5 ./SDK/platform/drivers/src/edma/edma_driver.o
 .debug_info    0x0000dc63      0xa51 ./SDK/platform/drivers/src/edma/edma_hw_access.o
 .debug_info    0x0000e6b4      0x515 ./SDK/platform/drivers/src/edma/edma_irq.o
 .debug_info    0x0000ebc9      0xa7c ./SDK/platform/drivers/src/interrupt/interrupt_manager.o
 .debug_info    0x0000f645     0x35d1 ./SDK/platform/drivers/src/lpuart/lpuart_driver.o
 .debug_info    0x00012c16      0x9bd ./SDK/platform/drivers/src/lpuart/lpuart_hw_access.o
 .debug_info    0x000135d3      0x102 ./SDK/platform/drivers/src/lpuart/lpuart_irq.o
 .debug_info    0x000136d5     0x13f0 ./SDK/platform/drivers/src/pins/pins_driver.o
 .debug_info    0x00014ac5      0x72c ./SDK/platform/drivers/src/pins/pins_port_hw_access.o
 .debug_info    0x000151f1      0xb57 ./SDK/rtos/osif/osif_baremetal.o
 .debug_info    0x00015d48     0x2512 ./Sources/main.o

.debug_abbrev   0x00000000     0x2541
 .debug_abbrev  0x00000000      0x146 ./Generated_Code/clockMan1.o
 .debug_abbrev  0x00000146      0x139 ./Generated_Code/lpuart1.o
 .debug_abbrev  0x0000027f       0xcd ./Generated_Code/pin_mux.o
 .debug_abbrev  0x0000034c       0x14 ./Project_Settings/Startup_Code/startup_S32K118.o
 .debug_abbrev  0x00000360      0x14c ./SDK/platform/devices/S32K118/startup/system_S32K118.o
 .debug_abbrev  0x000004ac       0xe1 ./SDK/platform/devices/startup.o
 .debug_abbrev  0x0000058d      0x423 ./SDK/platform/drivers/src/clock/S32K1xx/clock_S32K1xx.o
 .debug_abbrev  0x000009b0      0x437 ./SDK/platform/drivers/src/edma/edma_driver.o
 .debug_abbrev  0x00000de7      0x240 ./SDK/platform/drivers/src/edma/edma_hw_access.o
 .debug_abbrev  0x00001027      0x1aa ./SDK/platform/drivers/src/edma/edma_irq.o
 .debug_abbrev  0x000011d1      0x269 ./SDK/platform/drivers/src/interrupt/interrupt_manager.o
 .debug_abbrev  0x0000143a      0x3f2 ./SDK/platform/drivers/src/lpuart/lpuart_driver.o
 .debug_abbrev  0x0000182c      0x1ed ./SDK/platform/drivers/src/lpuart/lpuart_hw_access.o
 .debug_abbrev  0x00001a19       0xba ./SDK/platform/drivers/src/lpuart/lpuart_irq.o
 .debug_abbrev  0x00001ad3      0x2fc ./SDK/platform/drivers/src/pins/pins_driver.o
 .debug_abbrev  0x00001dcf      0x1f1 ./SDK/platform/drivers/src/pins/pins_port_hw_access.o
 .debug_abbrev  0x00001fc0      0x315 ./SDK/rtos/osif/osif_baremetal.o
 .debug_abbrev  0x000022d5      0x26c ./Sources/main.o

.debug_aranges  0x00000000      0x790
 .debug_aranges
                0x00000000       0x18 ./Generated_Code/clockMan1.o
 .debug_aranges
                0x00000018       0x18 ./Generated_Code/lpuart1.o
 .debug_aranges
                0x00000030       0x18 ./Generated_Code/pin_mux.o
 .debug_aranges
                0x00000048       0x20 ./Project_Settings/Startup_Code/startup_S32K118.o
 .debug_aranges
                0x00000068       0x30 ./SDK/platform/devices/S32K118/startup/system_S32K118.o
 .debug_aranges
                0x00000098       0x20 ./SDK/platform/devices/startup.o
 .debug_aranges
                0x000000b8      0x110 ./SDK/platform/drivers/src/clock/S32K1xx/clock_S32K1xx.o
 .debug_aranges
                0x000001c8      0x140 ./SDK/platform/drivers/src/edma/edma_driver.o
 .debug_aranges
                0x00000308       0x88 ./SDK/platform/drivers/src/edma/edma_hw_access.o
 .debug_aranges
                0x00000390       0x40 ./SDK/platform/drivers/src/edma/edma_irq.o
 .debug_aranges
                0x000003d0       0x68 ./SDK/platform/drivers/src/interrupt/interrupt_manager.o
 .debug_aranges
                0x00000438      0x118 ./SDK/platform/drivers/src/lpuart/lpuart_driver.o
 .debug_aranges
                0x00000550       0x78 ./SDK/platform/drivers/src/lpuart/lpuart_hw_access.o
 .debug_aranges
                0x000005c8       0x28 ./SDK/platform/drivers/src/lpuart/lpuart_irq.o
 .debug_aranges
                0x000005f0       0xd0 ./SDK/platform/drivers/src/pins/pins_driver.o
 .debug_aranges
                0x000006c0       0x38 ./SDK/platform/drivers/src/pins/pins_port_hw_access.o
 .debug_aranges
                0x000006f8       0x70 ./SDK/rtos/osif/osif_baremetal.o
 .debug_aranges
                0x00000768       0x28 ./Sources/main.o

.debug_macro    0x00000000     0xe2af
 .debug_macro   0x00000000      0x172 ./Generated_Code/clockMan1.o
 .debug_macro   0x00000172     0xc804 ./Generated_Code/clockMan1.o
 .debug_macro   0x0000c976       0x10 ./Generated_Code/clockMan1.o
 .debug_macro   0x0000c986       0x10 ./Generated_Code/clockMan1.o
 .debug_macro   0x0000c996      0x176 ./Generated_Code/lpuart1.o
 .debug_macro   0x0000cb0c       0xdc ./Generated_Code/pin_mux.o
 .debug_macro   0x0000cbe8       0xb5 ./SDK/platform/devices/S32K118/startup/system_S32K118.o
 .debug_macro   0x0000cc9d       0xb6 ./SDK/platform/devices/startup.o
 .debug_macro   0x0000cd53       0x40 ./SDK/platform/devices/startup.o
 .debug_macro   0x0000cd93      0x284 ./SDK/platform/drivers/src/clock/S32K1xx/clock_S32K1xx.o
 .debug_macro   0x0000d017       0xf7 ./SDK/platform/drivers/src/edma/edma_driver.o
 .debug_macro   0x0000d10e       0xcc ./SDK/platform/drivers/src/edma/edma_hw_access.o
 .debug_macro   0x0000d1da       0xd0 ./SDK/platform/drivers/src/edma/edma_irq.o
 .debug_macro   0x0000d2aa       0xc9 ./SDK/platform/drivers/src/interrupt/interrupt_manager.o
 .debug_macro   0x0000d373      0x130 ./SDK/platform/drivers/src/lpuart/lpuart_driver.o
 .debug_macro   0x0000d4a3       0x34 ./SDK/platform/drivers/src/lpuart/lpuart_driver.o
 .debug_macro   0x0000d4d7      0x108 ./SDK/platform/drivers/src/lpuart/lpuart_hw_access.o
 .debug_macro   0x0000d5df       0xc0 ./SDK/platform/drivers/src/lpuart/lpuart_irq.o
 .debug_macro   0x0000d69f       0xdd ./SDK/platform/drivers/src/pins/pins_driver.o
 .debug_macro   0x0000d77c       0xdd ./SDK/platform/drivers/src/pins/pins_port_hw_access.o
 .debug_macro   0x0000d859       0xfb ./SDK/rtos/osif/osif_baremetal.o
 .debug_macro   0x0000d954      0x245 ./Sources/main.o
 .debug_macro   0x0000db99       0x52 ./Sources/main.o
 .debug_macro   0x0000dbeb       0x3c ./Sources/main.o
 .debug_macro   0x0000dc27       0x9c ./Sources/main.o
 .debug_macro   0x0000dcc3       0x52 ./Sources/main.o
 .debug_macro   0x0000dd15       0x1f ./Sources/main.o
 .debug_macro   0x0000dd34       0x43 ./Sources/main.o
 .debug_macro   0x0000dd77       0x20 ./Sources/main.o
 .debug_macro   0x0000dd97      0x1a3 ./Sources/main.o
 .debug_macro   0x0000df3a      0x330 ./Sources/main.o
 .debug_macro   0x0000e26a       0x10 ./Sources/main.o
 .debug_macro   0x0000e27a       0x35 ./Sources/main.o

.debug_line     0x00000000     0x82e7
 .debug_line    0x00000000      0x5e4 ./Generated_Code/clockMan1.o
 .debug_line    0x000005e4      0x5e2 ./Generated_Code/lpuart1.o
 .debug_line    0x00000bc6      0x41b ./Generated_Code/pin_mux.o
 .debug_line    0x00000fe1       0xd4 ./Project_Settings/Startup_Code/startup_S32K118.o
 .debug_line    0x000010b5      0x448 ./SDK/platform/devices/S32K118/startup/system_S32K118.o
 .debug_line    0x000014fd      0x3cd ./SDK/platform/devices/startup.o
 .debug_line    0x000018ca     0x131a ./SDK/platform/drivers/src/clock/S32K1xx/clock_S32K1xx.o
 .debug_line    0x00002be4     0x1131 ./SDK/platform/drivers/src/edma/edma_driver.o
 .debug_line    0x00003d15      0x652 ./SDK/platform/drivers/src/edma/edma_hw_access.o
 .debug_line    0x00004367      0x4e5 ./SDK/platform/drivers/src/edma/edma_irq.o
 .debug_line    0x0000484c      0x649 ./SDK/platform/drivers/src/interrupt/interrupt_manager.o
 .debug_line    0x00004e95      0xed5 ./SDK/platform/drivers/src/lpuart/lpuart_driver.o
 .debug_line    0x00005d6a      0x6af ./SDK/platform/drivers/src/lpuart/lpuart_hw_access.o
 .debug_line    0x00006419      0x479 ./SDK/platform/drivers/src/lpuart/lpuart_irq.o
 .debug_line    0x00006892      0x763 ./SDK/platform/drivers/src/pins/pins_driver.o
 .debug_line    0x00006ff5      0x5a2 ./SDK/platform/drivers/src/pins/pins_port_hw_access.o
 .debug_line    0x00007597      0x65e ./SDK/rtos/osif/osif_baremetal.o
 .debug_line    0x00007bf5      0x6f2 ./Sources/main.o

.debug_str      0x00000000    0x62f3d
 .debug_str     0x00000000    0x5a9de ./Generated_Code/clockMan1.o
                              0x5ac9f (size before relaxing)
 .debug_str     0x0005a9de       0x1c ./Generated_Code/lpuart1.o
                              0x5ac9d (size before relaxing)
 .debug_str     0x0005a9fa       0x1c ./Generated_Code/pin_mux.o
                              0x584c8 (size before relaxing)
 .debug_str     0x0005aa16       0x81 ./Project_Settings/Startup_Code/startup_S32K118.o
                                 0xc7 (size before relaxing)
 .debug_str     0x0005aa97      0x1b4 ./SDK/platform/devices/S32K118/startup/system_S32K118.o
                              0x57fe7 (size before relaxing)
 .debug_str     0x0005ac4b      0x39e ./SDK/platform/devices/startup.o
                              0x581d5 (size before relaxing)
 .debug_str     0x0005afe9     0x1f73 ./SDK/platform/drivers/src/clock/S32K1xx/clock_S32K1xx.o
                              0x5bdea (size before relaxing)
 .debug_str     0x0005cf5c     0x14be ./SDK/platform/drivers/src/edma/edma_driver.o
                              0x5a925 (size before relaxing)
 .debug_str     0x0005e41a       0x7d ./SDK/platform/drivers/src/edma/edma_hw_access.o
                              0x58706 (size before relaxing)
 .debug_str     0x0005e497       0xd3 ./SDK/platform/drivers/src/edma/edma_irq.o
                              0x58379 (size before relaxing)
 .debug_str     0x0005e56a      0x1c2 ./SDK/platform/drivers/src/interrupt/interrupt_manager.o
                              0x58572 (size before relaxing)
 .debug_str     0x0005e72c      0xc11 ./SDK/platform/drivers/src/lpuart/lpuart_driver.o
                              0x5a2b2 (size before relaxing)
 .debug_str     0x0005f33d       0xfb ./SDK/platform/drivers/src/lpuart/lpuart_hw_access.o
                              0x590e3 (size before relaxing)
 .debug_str     0x0005f438       0x8d ./SDK/platform/drivers/src/lpuart/lpuart_irq.o
                              0x57e3b (size before relaxing)
 .debug_str     0x0005f4c5      0x5d5 ./SDK/platform/drivers/src/pins/pins_driver.o
                              0x592a3 (size before relaxing)
 .debug_str     0x0005fa9a       0x8f ./SDK/platform/drivers/src/pins/pins_port_hw_access.o
                              0x58612 (size before relaxing)
 .debug_str     0x0005fb29      0x1e3 ./SDK/rtos/osif/osif_baremetal.o
                              0x590de (size before relaxing)
 .debug_str     0x0005fd0c     0x3231 ./Sources/main.o
                              0x5e009 (size before relaxing)

.comment        0x00000000       0xa0
 .comment       0x00000000       0xa0 ./Generated_Code/clockMan1.o
                                 0xa1 (size before relaxing)
 .comment       0x000000a0       0xa1 ./Generated_Code/lpuart1.o
 .comment       0x000000a0       0xa1 ./Generated_Code/pin_mux.o
 .comment       0x000000a0       0xa1 ./SDK/platform/devices/S32K118/startup/system_S32K118.o
 .comment       0x000000a0       0xa1 ./SDK/platform/devices/startup.o
 .comment       0x000000a0       0xa1 ./SDK/platform/drivers/src/clock/S32K1xx/clock_S32K1xx.o
 .comment       0x000000a0       0xa1 ./SDK/platform/drivers/src/edma/edma_driver.o
 .comment       0x000000a0       0xa1 ./SDK/platform/drivers/src/edma/edma_hw_access.o
 .comment       0x000000a0       0xa1 ./SDK/platform/drivers/src/edma/edma_irq.o
 .comment       0x000000a0       0xa1 ./SDK/platform/drivers/src/interrupt/interrupt_manager.o
 .comment       0x000000a0       0xa1 ./SDK/platform/drivers/src/lpuart/lpuart_driver.o
 .comment       0x000000a0       0xa1 ./SDK/platform/drivers/src/lpuart/lpuart_hw_access.o
 .comment       0x000000a0       0xa1 ./SDK/platform/drivers/src/lpuart/lpuart_irq.o
 .comment       0x000000a0       0xa1 ./SDK/platform/drivers/src/pins/pins_driver.o
 .comment       0x000000a0       0xa1 ./SDK/platform/drivers/src/pins/pins_port_hw_access.o
 .comment       0x000000a0       0xa1 ./SDK/rtos/osif/osif_baremetal.o
 .comment       0x000000a0       0xa1 ./Sources/main.o

.debug_loc      0x00000000     0xc5b6
 .debug_loc     0x00000000       0xc0 ./SDK/platform/devices/S32K118/startup/system_S32K118.o
 .debug_loc     0x000000c0       0x32 ./SDK/platform/devices/startup.o
 .debug_loc     0x000000f2     0x4133 ./SDK/platform/drivers/src/clock/S32K1xx/clock_S32K1xx.o
 .debug_loc     0x00004225     0x3213 ./SDK/platform/drivers/src/edma/edma_driver.o
 .debug_loc     0x00007438      0x894 ./SDK/platform/drivers/src/edma/edma_hw_access.o
 .debug_loc     0x00007ccc       0x63 ./SDK/platform/drivers/src/edma/edma_irq.o
 .debug_loc     0x00007d2f      0x677 ./SDK/platform/drivers/src/interrupt/interrupt_manager.o
 .debug_loc     0x000083a6     0x27b1 ./SDK/platform/drivers/src/lpuart/lpuart_driver.o
 .debug_loc     0x0000ab57      0x8e7 ./SDK/platform/drivers/src/lpuart/lpuart_hw_access.o
 .debug_loc     0x0000b43e      0x9d7 ./SDK/platform/drivers/src/pins/pins_driver.o
 .debug_loc     0x0000be15      0x395 ./SDK/platform/drivers/src/pins/pins_port_hw_access.o
 .debug_loc     0x0000c1aa      0x38b ./SDK/rtos/osif/osif_baremetal.o
 .debug_loc     0x0000c535       0x81 ./Sources/main.o

.debug_ranges   0x00000000      0xa68
 .debug_ranges  0x00000000       0x20 ./SDK/platform/devices/S32K118/startup/system_S32K118.o
 .debug_ranges  0x00000020       0x10 ./SDK/platform/devices/startup.o
 .debug_ranges  0x00000030      0x368 ./SDK/platform/drivers/src/clock/S32K1xx/clock_S32K1xx.o
 .debug_ranges  0x00000398      0x1a8 ./SDK/platform/drivers/src/edma/edma_driver.o
 .debug_ranges  0x00000540       0x90 ./SDK/platform/drivers/src/edma/edma_hw_access.o
 .debug_ranges  0x000005d0       0x30 ./SDK/platform/drivers/src/edma/edma_irq.o
 .debug_ranges  0x00000600       0x88 ./SDK/platform/drivers/src/interrupt/interrupt_manager.o
 .debug_ranges  0x00000688      0x1b0 ./SDK/platform/drivers/src/lpuart/lpuart_driver.o
 .debug_ranges  0x00000838       0x68 ./SDK/platform/drivers/src/lpuart/lpuart_hw_access.o
 .debug_ranges  0x000008a0       0x18 ./SDK/platform/drivers/src/lpuart/lpuart_irq.o
 .debug_ranges  0x000008b8       0xd8 ./SDK/platform/drivers/src/pins/pins_driver.o
 .debug_ranges  0x00000990       0x28 ./SDK/platform/drivers/src/pins/pins_port_hw_access.o
 .debug_ranges  0x000009b8       0x98 ./SDK/rtos/osif/osif_baremetal.o
 .debug_ranges  0x00000a50       0x18 ./Sources/main.o

.debug_frame    0x00000000     0x1294
 .debug_frame   0x00000000       0x48 ./SDK/platform/devices/S32K118/startup/system_S32K118.o
 .debug_frame   0x00000048       0x2c ./SDK/platform/devices/startup.o
 .debug_frame   0x00000074      0x31c ./SDK/platform/drivers/src/clock/S32K1xx/clock_S32K1xx.o
 .debug_frame   0x00000390      0x384 ./SDK/platform/drivers/src/edma/edma_driver.o
 .debug_frame   0x00000714      0x138 ./SDK/platform/drivers/src/edma/edma_hw_access.o
 .debug_frame   0x0000084c       0x8c ./SDK/platform/drivers/src/edma/edma_irq.o
 .debug_frame   0x000008d8       0xc8 ./SDK/platform/drivers/src/interrupt/interrupt_manager.o
 .debug_frame   0x000009a0      0x3c0 ./SDK/platform/drivers/src/lpuart/lpuart_driver.o
 .debug_frame   0x00000d60      0x100 ./SDK/platform/drivers/src/lpuart/lpuart_hw_access.o
 .debug_frame   0x00000e60       0x40 ./SDK/platform/drivers/src/lpuart/lpuart_irq.o
 .debug_frame   0x00000ea0      0x1dc ./SDK/platform/drivers/src/pins/pins_driver.o
 .debug_frame   0x0000107c       0x74 ./SDK/platform/drivers/src/pins/pins_port_hw_access.o
 .debug_frame   0x000010f0       0xf4 ./SDK/rtos/osif/osif_baremetal.o
 .debug_frame   0x000011e4       0x48 ./Sources/main.o
 .debug_frame   0x0000122c       0x20 c:/nxp/s32ds_arm_v2.2/s32ds/build_tools/gcc_v6.3/gcc-6.3-arm32-eabi/bin/../lib/gcc/arm-none-eabi/6.3.1/thumb/v6-m\libgcc.a(_udivsi3.o)
 .debug_frame   0x0000124c       0x28 C:/NXP/S32DS_ARM_v2.2/S32DS/build_tools/gcc_v6.3/gcc-6.3-arm32-eabi/arm-none-eabi/newlib/lib/thumb/v6-m\libc_nano.a(lib_a-memcpy-stub.o)
 .debug_frame   0x00001274       0x20 C:/NXP/S32DS_ARM_v2.2/S32DS/build_tools/gcc_v6.3/gcc-6.3-arm32-eabi/arm-none-eabi/newlib/lib/thumb/v6-m\libc_nano.a(lib_a-strcmp.o)
