Archive member included to satisfy reference by file (symbol)

c:/nxp/s32ds_arm_v2.2/s32ds/build_tools/gcc_v6.3/gcc-6.3-arm32-eabi/bin/../lib/gcc/arm-none-eabi/6.3.1/thumb/v6-m\libgcc.a(_udivsi3.o)
                              ./SDK/platform/devices/S32K118/startup/system_S32K118.o (__aeabi_uidiv)
c:/nxp/s32ds_arm_v2.2/s32ds/build_tools/gcc_v6.3/gcc-6.3-arm32-eabi/bin/../lib/gcc/arm-none-eabi/6.3.1/thumb/v6-m\libgcc.a(_divsi3.o)
                              ./SDK/platform/drivers/src/lpspi/lpspi_shared_function.o (__aeabi_idivmod)
c:/nxp/s32ds_arm_v2.2/s32ds/build_tools/gcc_v6.3/gcc-6.3-arm32-eabi/bin/../lib/gcc/arm-none-eabi/6.3.1/thumb/v6-m\libgcc.a(_dvmd_tls.o)
                              c:/nxp/s32ds_arm_v2.2/s32ds/build_tools/gcc_v6.3/gcc-6.3-arm32-eabi/bin/../lib/gcc/arm-none-eabi/6.3.1/thumb/v6-m\libgcc.a(_udivsi3.o) (__aeabi_idiv0)
C:/NXP/S32DS_ARM_v2.2/S32DS/build_tools/gcc_v6.3/gcc-6.3-arm32-eabi/arm-none-eabi/newlib/lib/thumb/v6-m\libc_nano.a(lib_a-exit.o)
                              C:/NXP/S32DS_ARM_v2.2/S32DS/build_tools/gcc_v6.3/gcc-6.3-arm32-eabi/arm-none-eabi/newlib/lib/thumb/v6-m/crt0.o (exit)
C:/NXP/S32DS_ARM_v2.2/S32DS/build_tools/gcc_v6.3/gcc-6.3-arm32-eabi/arm-none-eabi/newlib/lib/thumb/v6-m\libc_nano.a(lib_a-impure.o)
                              C:/NXP/S32DS_ARM_v2.2/S32DS/build_tools/gcc_v6.3/gcc-6.3-arm32-eabi/arm-none-eabi/newlib/lib/thumb/v6-m\libc_nano.a(lib_a-exit.o) (_global_impure_ptr)
C:/NXP/S32DS_ARM_v2.2/S32DS/build_tools/gcc_v6.3/gcc-6.3-arm32-eabi/arm-none-eabi/newlib/lib/thumb/v6-m\libc_nano.a(lib_a-init.o)
                              C:/NXP/S32DS_ARM_v2.2/S32DS/build_tools/gcc_v6.3/gcc-6.3-arm32-eabi/arm-none-eabi/newlib/lib/thumb/v6-m/crt0.o (__libc_init_array)
C:/NXP/S32DS_ARM_v2.2/S32DS/build_tools/gcc_v6.3/gcc-6.3-arm32-eabi/arm-none-eabi/newlib/lib/thumb/v6-m\libc_nano.a(lib_a-memset.o)
                              C:/NXP/S32DS_ARM_v2.2/S32DS/build_tools/gcc_v6.3/gcc-6.3-arm32-eabi/arm-none-eabi/newlib/lib/thumb/v6-m/crt0.o (memset)
C:/NXP/S32DS_ARM_v2.2/S32DS/build_tools/gcc_v6.3/gcc-6.3-arm32-eabi/arm-none-eabi/newlib/lib/thumb/v6-m\libnosys.a(_exit.o)
                              C:/NXP/S32DS_ARM_v2.2/S32DS/build_tools/gcc_v6.3/gcc-6.3-arm32-eabi/arm-none-eabi/newlib/lib/thumb/v6-m\libc_nano.a(lib_a-exit.o) (_exit)

Allocating common symbols
Common symbol       size              file

ReceiveState        0x34              ./Generated_Code/Receive.o
dmaController1Chn1_State
                    0x10              ./Generated_Code/dmaController1.o
dmaController1Chn3_State
                    0x10              ./Generated_Code/dmaController1.o
g_xtal0ClkFreq      0x4               ./SDK/platform/drivers/src/clock/S32K1xx/clock_S32K1xx.o
g_RtcClkInFreq      0x4               ./SDK/platform/drivers/src/clock/S32K1xx/clock_S32K1xx.o
g_TClkFreq          0xc               ./SDK/platform/drivers/src/clock/S32K1xx/clock_S32K1xx.o
dmaController1Chn2_State
                    0x10              ./Generated_Code/dmaController1.o
SendState           0x34              ./Generated_Code/Send.o
dmaController1_State
                    0x10              ./Generated_Code/dmaController1.o
dmaController1Chn0_State
                    0x10              ./Generated_Code/dmaController1.o

Discarded input sections

 .text          0x00000000        0x0 c:/nxp/s32ds_arm_v2.2/s32ds/build_tools/gcc_v6.3/gcc-6.3-arm32-eabi/bin/../lib/gcc/arm-none-eabi/6.3.1/thumb/v6-m/crti.o
 .data          0x00000000        0x0 c:/nxp/s32ds_arm_v2.2/s32ds/build_tools/gcc_v6.3/gcc-6.3-arm32-eabi/bin/../lib/gcc/arm-none-eabi/6.3.1/thumb/v6-m/crti.o
 .bss           0x00000000        0x0 c:/nxp/s32ds_arm_v2.2/s32ds/build_tools/gcc_v6.3/gcc-6.3-arm32-eabi/bin/../lib/gcc/arm-none-eabi/6.3.1/thumb/v6-m/crti.o
 .text          0x00000000       0xb4 c:/nxp/s32ds_arm_v2.2/s32ds/build_tools/gcc_v6.3/gcc-6.3-arm32-eabi/bin/../lib/gcc/arm-none-eabi/6.3.1/thumb/v6-m/crtbegin.o
 .data          0x00000000        0x4 c:/nxp/s32ds_arm_v2.2/s32ds/build_tools/gcc_v6.3/gcc-6.3-arm32-eabi/bin/../lib/gcc/arm-none-eabi/6.3.1/thumb/v6-m/crtbegin.o
 .bss           0x00000000       0x1c c:/nxp/s32ds_arm_v2.2/s32ds/build_tools/gcc_v6.3/gcc-6.3-arm32-eabi/bin/../lib/gcc/arm-none-eabi/6.3.1/thumb/v6-m/crtbegin.o
 .init_array    0x00000000        0x4 c:/nxp/s32ds_arm_v2.2/s32ds/build_tools/gcc_v6.3/gcc-6.3-arm32-eabi/bin/../lib/gcc/arm-none-eabi/6.3.1/thumb/v6-m/crtbegin.o
 .fini_array    0x00000000        0x4 c:/nxp/s32ds_arm_v2.2/s32ds/build_tools/gcc_v6.3/gcc-6.3-arm32-eabi/bin/../lib/gcc/arm-none-eabi/6.3.1/thumb/v6-m/crtbegin.o
 .eh_frame      0x00000000        0x0 c:/nxp/s32ds_arm_v2.2/s32ds/build_tools/gcc_v6.3/gcc-6.3-arm32-eabi/bin/../lib/gcc/arm-none-eabi/6.3.1/thumb/v6-m/crtbegin.o
 .jcr           0x00000000        0x0 c:/nxp/s32ds_arm_v2.2/s32ds/build_tools/gcc_v6.3/gcc-6.3-arm32-eabi/bin/../lib/gcc/arm-none-eabi/6.3.1/thumb/v6-m/crtbegin.o
 .tm_clone_table
[...]
Memory Configuration

Name             Origin             Length             Attributes
m_interrupts     0x00000000         0x000000c0         xr
m_flash_config   0x00000400         0x00000010         xr
m_text           0x00000410         0x0003fbf0         xr
m_custom         0x1ffffc00         0x00000400         rw
m_data           0x20000000         0x000030c0         rw
m_data_2         0x200030c0         0x00002740         rw
*default*        0x00000000         0xffffffff

Linker script and memory map

LOAD c:/nxp/s32ds_arm_v2.2/s32ds/build_tools/gcc_v6.3/gcc-6.3-arm32-eabi/bin/../lib/gcc/arm-none-eabi/6.3.1/thumb/v6-m/crti.o
LOAD c:/nxp/s32ds_arm_v2.2/s32ds/build_tools/gcc_v6.3/gcc-6.3-arm32-eabi/bin/../lib/gcc/arm-none-eabi/6.3.1/thumb/v6-m/crtbegin.o
LOAD C:/NXP/S32DS_ARM_v2.2/S32DS/build_tools/gcc_v6.3/gcc-6.3-arm32-eabi/arm-none-eabi/newlib/lib/thumb/v6-m/crt0.o
LOAD ./Generated_Code/Cpu.o
LOAD ./Generated_Code/Receive.o
LOAD ./Generated_Code/Send.o
LOAD ./Generated_Code/clockMan1.o
LOAD ./Generated_Code/dmaController1.o
LOAD ./Generated_Code/pin_mux.o
LOAD ./Project_Settings/Startup_Code/startup_S32K118.o
LOAD ./SDK/platform/devices/S32K118/startup/system_S32K118.o
LOAD ./SDK/platform/devices/startup.o
LOAD ./SDK/platform/drivers/src/clock/S32K1xx/clock_S32K1xx.o
LOAD ./SDK/platform/drivers/src/edma/edma_driver.o
LOAD ./SDK/platform/drivers/src/edma/edma_hw_access.o
LOAD ./SDK/platform/drivers/src/edma/edma_irq.o
LOAD ./SDK/platform/drivers/src/interrupt/interrupt_manager.o
LOAD ./SDK/platform/drivers/src/lpspi/lpspi_hw_access.o
LOAD ./SDK/platform/drivers/src/lpspi/lpspi_irq.o
LOAD ./SDK/platform/drivers/src/lpspi/lpspi_master_driver.o
LOAD ./SDK/platform/drivers/src/lpspi/lpspi_shared_function.o
LOAD ./SDK/platform/drivers/src/lpspi/lpspi_slave_driver.o
LOAD ./SDK/platform/drivers/src/pins/pins_driver.o
LOAD ./SDK/platform/drivers/src/pins/pins_port_hw_access.o
LOAD ./SDK/rtos/osif/osif_baremetal.o
LOAD ./Sources/main.o
START GROUP
LOAD c:/nxp/s32ds_arm_v2.2/s32ds/build_tools/gcc_v6.3/gcc-6.3-arm32-eabi/bin/../lib/gcc/arm-none-eabi/6.3.1/thumb/v6-m\libgcc.a
LOAD C:/NXP/S32DS_ARM_v2.2/S32DS/build_tools/gcc_v6.3/gcc-6.3-arm32-eabi/arm-none-eabi/newlib/lib/thumb/v6-m\libc_nano.a
END GROUP
START GROUP
LOAD c:/nxp/s32ds_arm_v2.2/s32ds/build_tools/gcc_v6.3/gcc-6.3-arm32-eabi/bin/../lib/gcc/arm-none-eabi/6.3.1/thumb/v6-m\libgcc.a
LOAD C:/NXP/S32DS_ARM_v2.2/S32DS/build_tools/gcc_v6.3/gcc-6.3-arm32-eabi/arm-none-eabi/newlib/lib/thumb/v6-m\libc_nano.a
LOAD C:/NXP/S32DS_ARM_v2.2/S32DS/build_tools/gcc_v6.3/gcc-6.3-arm32-eabi/arm-none-eabi/newlib/lib/thumb/v6-m\libnosys.a
END GROUP
START GROUP
LOAD c:/nxp/s32ds_arm_v2.2/s32ds/build_tools/gcc_v6.3/gcc-6.3-arm32-eabi/bin/../lib/gcc/arm-none-eabi/6.3.1/thumb/v6-m\libgcc.a
LOAD C:/NXP/S32DS_ARM_v2.2/S32DS/build_tools/gcc_v6.3/gcc-6.3-arm32-eabi/arm-none-eabi/newlib/lib/thumb/v6-m\libc_nano.a
LOAD C:/NXP/S32DS_ARM_v2.2/S32DS/build_tools/gcc_v6.3/gcc-6.3-arm32-eabi/arm-none-eabi/newlib/lib/thumb/v6-m\libnosys.a
END GROUP
LOAD c:/nxp/s32ds_arm_v2.2/s32ds/build_tools/gcc_v6.3/gcc-6.3-arm32-eabi/bin/../lib/gcc/arm-none-eabi/6.3.1/thumb/v6-m/crtend.o
LOAD c:/nxp/s32ds_arm_v2.2/s32ds/build_tools/gcc_v6.3/gcc-6.3-arm32-eabi/bin/../lib/gcc/arm-none-eabi/6.3.1/thumb/v6-m/crtn.o
                0x00000200                HEAP_SIZE = DEFINED (__heap_size__)?__heap_size__:0x200
                0x00000200                STACK_SIZE = DEFINED (__stack_size__)?__stack_size__:0x200
                0x000000c0                M_VECTOR_RAM_SIZE = DEFINED (__flash_vector_table__)?0x0:0xc0

.interrupts     0x00000000       0xc0
                0x00000000                __VECTOR_TABLE = .
                0x00000000                __interrupts_start__ = .
                0x00000000                . = ALIGN (0x4)
 *(.isr_vector)
 .isr_vector    0x00000000       0xc0 ./Project_Settings/Startup_Code/startup_S32K118.o
                0x00000000                __isr_vector
                0x000000c0                __interrupts_end__ = .
                0x000000c0                . = ALIGN (0x4)

.flash_config   0x00000400       0x10
                0x00000400                . = ALIGN (0x4)
 *(.FlashConfig)
 .FlashConfig   0x00000400       0x10 ./Project_Settings/Startup_Code/startup_S32K118.o
                0x00000410                . = ALIGN (0x4)

.text           0x00000410     0x35e8
                0x00000410                . = ALIGN (0x4)
 *(.text)
 .text          0x00000410       0x60 ./Project_Settings/Startup_Code/startup_S32K118.o
                0x00000410                Reset_Handler
                0x0000046c                ERM_fault_IRQHandler
                0x0000046c                PendSV_Handler
                0x0000046c                NMI_Handler
                0x0000046c                LPIT0_IRQHandler
                0x0000046c                ADC0_IRQHandler
                0x0000046c                FTM0_Ovf_Reload_IRQHandler
                0x0000046c                FTM1_Ch0_7_IRQHandler
                0x0000046c                DefaultISR
                0x0000046c                SCG_CMU_LVD_LVWSCG_IRQHandler
                0x0000046c                FTM0_Ch0_7_IRQHandler
                0x0000046c                RTC_IRQHandler
                0x0000046c                PDB0_IRQHandler
                0x0000046c                HardFault_Handler
                0x0000046c                CAN0_ORed_Err_Wakeup_IRQHandler
                0x0000046c                LPUART1_RxTx_IRQHandler
                0x0000046c                RTC_Seconds_IRQHandler
                0x0000046c                CAN0_ORed_0_31_MB_IRQHandler
                0x0000046c                FTFC_IRQHandler
                0x0000046c                FTM0_Fault_IRQHandler
                0x0000046c                SVC_Handler
                0x0000046c                RCM_IRQHandler
                0x0000046c                FTM1_Fault_IRQHandler
                0x0000046c                LPI2C0_Master_Slave_IRQHandler
                0x0000046c                LPUART0_RxTx_IRQHandler
                0x0000046c                WDOG_IRQHandler
                0x0000046c                LPTMR0_IRQHandler
                0x0000046c                FTM1_Ovf_Reload_IRQHandler
                0x0000046c                CMP0_IRQHandler
                0x0000046c                PORT_IRQHandler
                0x0000046c                FLEXIO_IRQHandler
 .text          0x00000470      0x114 c:/nxp/s32ds_arm_v2.2/s32ds/build_tools/gcc_v6.3/gcc-6.3-arm32-eabi/bin/../lib/gcc/arm-none-eabi/6.3.1/thumb/v6-m\libgcc.a(_udivsi3.o)
                0x00000470                __aeabi_uidiv
                0x00000470                __udivsi3
                0x0000057c                __aeabi_uidivmod
 .text          0x00000584      0x1d4 c:/nxp/s32ds_arm_v2.2/s32ds/build_tools/gcc_v6.3/gcc-6.3-arm32-eabi/bin/../lib/gcc/arm-none-eabi/6.3.1/thumb/v6-m\libgcc.a(_divsi3.o)
                0x00000584                __divsi3
                0x00000584                __aeabi_idiv
                0x00000750                __aeabi_idivmod
 .text          0x00000758        0x4 c:/nxp/s32ds_arm_v2.2/s32ds/build_tools/gcc_v6.3/gcc-6.3-arm32-eabi/bin/../lib/gcc/arm-none-eabi/6.3.1/thumb/v6-m\libgcc.a(_dvmd_tls.o)
                0x00000758                __aeabi_idiv0
                0x00000758                __aeabi_ldiv0
 *(.text*)
 .text.SystemInit
                0x0000075c       0x24 ./SDK/platform/devices/S32K118/startup/system_S32K118.o
                0x0000075c                SystemInit
 .text.init_data_bss
                0x00000780       0xdc ./SDK/platform/devices/startup.o
                0x00000780                init_data_bss
 .text.CLOCK_SYS_GetCurrentRunMode
                0x0000085c       0x28 ./SDK/platform/drivers/src/clock/S32K1xx/clock_S32K1xx.o
 .text.CLOCK_SYS_GetSysOscFreq
                0x00000884       0x1c ./SDK/platform/drivers/src/clock/S32K1xx/clock_S32K1xx.o
 .text.CLOCK_SYS_ConfigureSOSC
                0x000008a0      0x128 ./SDK/platform/drivers/src/clock/S32K1xx/clock_S32K1xx.o
 .text.CLOCK_SYS_GetSircFreq
                0x000009c8       0x28 ./SDK/platform/drivers/src/clock/S32K1xx/clock_S32K1xx.o
 .text.CLOCK_SYS_ConfigureSIRC
                0x000009f0       0xc4 ./SDK/platform/drivers/src/clock/S32K1xx/clock_S32K1xx.o
 .text.CLOCK_SYS_GetFircFreq
                0x00000ab4       0x24 ./SDK/platform/drivers/src/clock/S32K1xx/clock_S32K1xx.o
 .text.CLOCK_SYS_ConfigureFIRC
                0x00000ad8       0xb4 ./SDK/platform/drivers/src/clock/S32K1xx/clock_S32K1xx.o
 .text.CLOCK_SYS_SetSystemClockConfig
                0x00000b8c      0x140 ./SDK/platform/drivers/src/clock/S32K1xx/clock_S32K1xx.o
 .text.CLOCK_SYS_TransitionSystemClock
                0x00000ccc       0x54 ./SDK/platform/drivers/src/clock/S32K1xx/clock_S32K1xx.o
 .text.CLOCK_SYS_GetSystemClockFreq
                0x00000d20       0x80 ./SDK/platform/drivers/src/clock/S32K1xx/clock_S32K1xx.o
 .text.CLOCK_SYS_GetScgClkOutFreq
                0x00000da0       0x3c ./SDK/platform/drivers/src/clock/S32K1xx/clock_S32K1xx.o
 .text.CLOCK_SYS_GetSysAsyncFreq
                0x00000ddc       0xac ./SDK/platform/drivers/src/clock/S32K1xx/clock_S32K1xx.o
 .text.CLOCK_SYS_GetSimRtcClkFreq
                0x00000e88       0x50 ./SDK/platform/drivers/src/clock/S32K1xx/clock_S32K1xx.o
 .text.CLOCK_SYS_GetPeripheralClock
                0x00000ed8       0x68 ./SDK/platform/drivers/src/clock/S32K1xx/clock_S32K1xx.o
 .text.CLOCK_SYS_GetLpoFreq
                0x00000f40       0x54 ./SDK/platform/drivers/src/clock/S32K1xx/clock_S32K1xx.o
 .text.CLOCK_SYS_GetSimClkOutFreq
                0x00000f94       0x80 ./SDK/platform/drivers/src/clock/S32K1xx/clock_S32K1xx.o
 .text.CLOCK_DRV_Init
                0x00001014      0x530 ./SDK/platform/drivers/src/clock/S32K1xx/clock_S32K1xx.o
                0x00001014                CLOCK_DRV_Init
 .text.CLOCK_DRV_GetFreq
                0x00001544      0x2f8 ./SDK/platform/drivers/src/clock/S32K1xx/clock_S32K1xx.o
                0x00001544                CLOCK_DRV_GetFreq
 .text.CLOCK_SYS_Init
                0x0000183c       0x28 ./SDK/platform/drivers/src/clock/S32K1xx/clock_S32K1xx.o
                0x0000183c                CLOCK_SYS_Init
 .text.CLOCK_SYS_UpdateConfiguration
                0x00001864      0x100 ./SDK/platform/drivers/src/clock/S32K1xx/clock_S32K1xx.o
                0x00001864                CLOCK_SYS_UpdateConfiguration
 .text.CLOCK_SYS_GetFreq
                0x00001964        0x8 ./SDK/platform/drivers/src/clock/S32K1xx/clock_S32K1xx.o
                0x00001964                CLOCK_SYS_GetFreq
 .text.EDMA_DRV_ClearIntStatus
                0x0000196c       0x24 ./SDK/platform/drivers/src/edma/edma_driver.o
 .text.EDMA_DRV_ClearStructure
                0x00001990       0x12 ./SDK/platform/drivers/src/edma/edma_driver.o
 *fill*         0x000019a2        0x2 
 .text.EDMA_DRV_InstallCallback
                0x000019a4       0x38 ./SDK/platform/drivers/src/edma/edma_driver.o
                0x000019a4                EDMA_DRV_InstallCallback
 .text.EDMA_DRV_IRQHandler
                0x000019dc       0x28 ./SDK/platform/drivers/src/edma/edma_driver.o
                0x000019dc                EDMA_DRV_IRQHandler
 .text.EDMA_DRV_ErrorIRQHandler
                0x00001a04       0x44 ./SDK/platform/drivers/src/edma/edma_driver.o
                0x00001a04                EDMA_DRV_ErrorIRQHandler
 .text.EDMA_DRV_ConfigSingleBlockTransfer
                0x00001a48      0x1fc ./SDK/platform/drivers/src/edma/edma_driver.o
                0x00001a48                EDMA_DRV_ConfigSingleBlockTransfer
 .text.EDMA_DRV_ConfigMultiBlockTransfer
                0x00001c44       0x78 ./SDK/platform/drivers/src/edma/edma_driver.o
                0x00001c44                EDMA_DRV_ConfigMultiBlockTransfer
 .text.EDMA_DRV_StartChannel
                0x00001cbc       0x44 ./SDK/platform/drivers/src/edma/edma_driver.o
                0x00001cbc                EDMA_DRV_StartChannel
 .text.EDMA_DRV_SetChannelRequestAndTrigger
                0x00001d00       0x88 ./SDK/platform/drivers/src/edma/edma_driver.o
                0x00001d00                EDMA_DRV_SetChannelRequestAndTrigger
 .text.EDMA_DRV_ChannelInit
                0x00001d88       0xd4 ./SDK/platform/drivers/src/edma/edma_driver.o
                0x00001d88                EDMA_DRV_ChannelInit
 .text.EDMA_DRV_Init
                0x00001e5c       0xf8 ./SDK/platform/drivers/src/edma/edma_driver.o
                0x00001e5c                EDMA_DRV_Init
 .text.EDMA_DRV_SetSrcOffset
                0x00001f54       0x44 ./SDK/platform/drivers/src/edma/edma_driver.o
                0x00001f54                EDMA_DRV_SetSrcOffset
 .text.EDMA_DRV_SetDestOffset
                0x00001f98       0x44 ./SDK/platform/drivers/src/edma/edma_driver.o
                0x00001f98                EDMA_DRV_SetDestOffset
 .text.EDMA_DRV_GetChannelStatus
                0x00001fdc       0x38 ./SDK/platform/drivers/src/edma/edma_driver.o
                0x00001fdc                EDMA_DRV_GetChannelStatus
 .text.EDMA_DRV_GetDmaRegBaseAddr
                0x00002014       0x10 ./SDK/platform/drivers/src/edma/edma_driver.o
                0x00002014                EDMA_DRV_GetDmaRegBaseAddr
 .text.EDMA_SetErrorIntCmd
                0x00002024        0xc ./SDK/platform/drivers/src/edma/edma_hw_access.o
                0x00002024                EDMA_SetErrorIntCmd
 .text.EDMA_SetDmaRequestCmd
                0x00002030        0xc ./SDK/platform/drivers/src/edma/edma_hw_access.o
                0x00002030                EDMA_SetDmaRequestCmd
 .text.EDMA_TCDClearReg
                0x0000203c       0x70 ./SDK/platform/drivers/src/edma/edma_hw_access.o
                0x0000203c                EDMA_TCDClearReg
 .text.EDMA_Init
                0x000020ac       0x24 ./SDK/platform/drivers/src/edma/edma_hw_access.o
                0x000020ac                EDMA_Init
 .text.EDMA_TCDSetAttribute
                0x000020d0       0x44 ./SDK/platform/drivers/src/edma/edma_hw_access.o
                0x000020d0                EDMA_TCDSetAttribute
 .text.EDMA_TCDSetNbytes
                0x00002114       0x74 ./SDK/platform/drivers/src/edma/edma_hw_access.o
                0x00002114                EDMA_TCDSetNbytes
 .text.EDMA_TCDSetMajorCount
                0x00002188       0x7c ./SDK/platform/drivers/src/edma/edma_hw_access.o
                0x00002188                EDMA_TCDSetMajorCount
 .text.DMAMUX_Init
                0x00002204        0xc ./SDK/platform/drivers/src/edma/edma_hw_access.o
                0x00002204                DMAMUX_Init
 .text.DMA0_IRQHandler
                0x00002210        0xa ./SDK/platform/drivers/src/edma/edma_irq.o
                0x00002210                DMA0_IRQHandler
 .text.DMA1_IRQHandler
                0x0000221a        0xa ./SDK/platform/drivers/src/edma/edma_irq.o
                0x0000221a                DMA1_IRQHandler
 .text.DMA2_IRQHandler
                0x00002224        0xa ./SDK/platform/drivers/src/edma/edma_irq.o
                0x00002224                DMA2_IRQHandler
 .text.DMA3_IRQHandler
                0x0000222e        0xa ./SDK/platform/drivers/src/edma/edma_irq.o
                0x0000222e                DMA3_IRQHandler
 .text.DMA_Error_IRQHandler
                0x00002238       0x28 ./SDK/platform/drivers/src/edma/edma_irq.o
                0x00002238                DMA_Error_IRQHandler
 .text.INT_SYS_EnableIRQ
                0x00002260       0x34 ./SDK/platform/drivers/src/interrupt/interrupt_manager.o
                0x00002260                INT_SYS_EnableIRQ
 .text.INT_SYS_EnableIRQGlobal
                0x00002294       0x1c ./SDK/platform/drivers/src/interrupt/interrupt_manager.o
                0x00002294                INT_SYS_EnableIRQGlobal
 .text.INT_SYS_DisableIRQGlobal
                0x000022b0       0x10 ./SDK/platform/drivers/src/interrupt/interrupt_manager.o
                0x000022b0                INT_SYS_DisableIRQGlobal
 .text.LPSPI_Init
                0x000022c0        0xa ./SDK/platform/drivers/src/lpspi/lpspi_hw_access.o
                0x000022c0                LPSPI_Init
 .text.LPSPI_Disable
                0x000022ca       0x18 ./SDK/platform/drivers/src/lpspi/lpspi_hw_access.o
                0x000022ca                LPSPI_Disable
 .text.LPSPI_SetMasterSlaveMode
                0x000022e2        0xe ./SDK/platform/drivers/src/lpspi/lpspi_hw_access.o
                0x000022e2                LPSPI_SetMasterSlaveMode
 .text.LPSPI_SetFlushFifoCmd
                0x000022f0        0xe ./SDK/platform/drivers/src/lpspi/lpspi_hw_access.o
                0x000022f0                LPSPI_SetFlushFifoCmd
 .text.LPSPI_ClearStatusFlag
                0x000022fe       0x1e ./SDK/platform/drivers/src/lpspi/lpspi_hw_access.o
                0x000022fe                LPSPI_ClearStatusFlag
 .text.LPSPI_SetPcsPolarityMode
                0x0000231c       0x16 ./SDK/platform/drivers/src/lpspi/lpspi_hw_access.o
                0x0000231c                LPSPI_SetPcsPolarityMode
 *fill*         0x00002332        0x2 
 .text.LPSPI_SetPinConfigMode
                0x00002334       0x24 ./SDK/platform/drivers/src/lpspi/lpspi_hw_access.o
                0x00002334                LPSPI_SetPinConfigMode
 .text.LPSPI_SetBaudRateDivisor
                0x00002358       0x10 ./SDK/platform/drivers/src/lpspi/lpspi_hw_access.o
                0x00002358                LPSPI_SetBaudRateDivisor
 .text.LPSPI_SetBaudRate
                0x00002368      0x140 ./SDK/platform/drivers/src/lpspi/lpspi_hw_access.o
                0x00002368                LPSPI_SetBaudRate
 .text.LPSPI_SetTxCommandReg
                0x000024a8       0x4a ./SDK/platform/drivers/src/lpspi/lpspi_hw_access.o
                0x000024a8                LPSPI_SetTxCommandReg
 .text.LPSPI0_IRQHandler
                0x000024f2        0xa ./SDK/platform/drivers/src/lpspi/lpspi_irq.o
                0x000024f2                LPSPI0_IRQHandler
 .text.LPSPI1_IRQHandler
                0x000024fc        0xa ./SDK/platform/drivers/src/lpspi/lpspi_irq.o
                0x000024fc                LPSPI1_IRQHandler
 *fill*         0x00002506        0x2 
 .text.LPSPI_DRV_MasterStartTransfer
                0x00002508      0x208 ./SDK/platform/drivers/src/lpspi/lpspi_master_driver.o
 .text.LPSPI_DRV_MasterCompleteTransfer
                0x00002710       0x80 ./SDK/platform/drivers/src/lpspi/lpspi_master_driver.o
 .text.LPSPI_DRV_MasterSetDelay
                0x00002790      0x110 ./SDK/platform/drivers/src/lpspi/lpspi_master_driver.o
                0x00002790                LPSPI_DRV_MasterSetDelay
 .text.LPSPI_DRV_MasterConfigureBus
                0x000028a0      0x128 ./SDK/platform/drivers/src/lpspi/lpspi_master_driver.o
                0x000028a0                LPSPI_DRV_MasterConfigureBus
 .text.LPSPI_DRV_MasterInit
                0x000029c8       0xa8 ./SDK/platform/drivers/src/lpspi/lpspi_master_driver.o
                0x000029c8                LPSPI_DRV_MasterInit
 .text.LPSPI_DRV_MasterTransferBlocking
                0x00002a70       0xd8 ./SDK/platform/drivers/src/lpspi/lpspi_master_driver.o
                0x00002a70                LPSPI_DRV_MasterTransferBlocking
 .text.LPSPI_DRV_MasterAbortTransfer
                0x00002b48       0x4c ./SDK/platform/drivers/src/lpspi/lpspi_master_driver.o
                0x00002b48                LPSPI_DRV_MasterAbortTransfer
 .text.LPSPI_DRV_MasterCompleteDMATransfer
                0x00002b94       0x48 ./SDK/platform/drivers/src/lpspi/lpspi_master_driver.o
 .text.LPSPI_DRV_MasterCompleteRX
                0x00002bdc       0x20 ./SDK/platform/drivers/src/lpspi/lpspi_master_driver.o
 .text.LPSPI_DRV_MasterIRQHandler
                0x00002bfc       0xb4 ./SDK/platform/drivers/src/lpspi/lpspi_master_driver.o
                0x00002bfc                LPSPI_DRV_MasterIRQHandler
 .text.LPSPI_DRV_IRQHandler
                0x00002cb0       0x24 ./SDK/platform/drivers/src/lpspi/lpspi_shared_function.o
                0x00002cb0                LPSPI_DRV_IRQHandler
 .text.LPSPI_DRV_FillupTxBuffer
                0x00002cd4       0xb8 ./SDK/platform/drivers/src/lpspi/lpspi_shared_function.o
                0x00002cd4                LPSPI_DRV_FillupTxBuffer
 .text.LPSPI_DRV_ReadRXBuffer
                0x00002d8c       0x7c ./SDK/platform/drivers/src/lpspi/lpspi_shared_function.o
                0x00002d8c                LPSPI_DRV_ReadRXBuffer
 .text.LPSPI_DRV_DisableTEIEInterrupts
                0x00002e08       0x38 ./SDK/platform/drivers/src/lpspi/lpspi_shared_function.o
                0x00002e08                LPSPI_DRV_DisableTEIEInterrupts
 .text.LPSPI_DRV_SlaveInit
                0x00002e40      0x128 ./SDK/platform/drivers/src/lpspi/lpspi_slave_driver.o
                0x00002e40                LPSPI_DRV_SlaveInit
 .text.LPSPI_DRV_SlaveTransfer
                0x00002f68      0x28c ./SDK/platform/drivers/src/lpspi/lpspi_slave_driver.o
                0x00002f68                LPSPI_DRV_SlaveTransfer
 .text.LPSPI_DRV_SlaveAbortTransfer
                0x000031f4       0x8c ./SDK/platform/drivers/src/lpspi/lpspi_slave_driver.o
                0x000031f4                LPSPI_DRV_SlaveAbortTransfer
 .text.LPSPI_DRV_SlaveCompleteDMATransfer
                0x00003280       0x44 ./SDK/platform/drivers/src/lpspi/lpspi_slave_driver.o
 .text.LPSPI_DRV_SlaveIRQHandler
                0x000032c4       0xe4 ./SDK/platform/drivers/src/lpspi/lpspi_slave_driver.o
                0x000032c4                LPSPI_DRV_SlaveIRQHandler
 .text.PINS_DRV_Init
                0x000033a8       0x1c ./SDK/platform/drivers/src/pins/pins_driver.o
                0x000033a8                PINS_DRV_Init
 .text.PINS_Init
                0x000033c4      0x12c ./SDK/platform/drivers/src/pins/pins_port_hw_access.o
                0x000033c4                PINS_Init
 .text.SysTick_Handler
                0x000034f0       0x10 ./SDK/rtos/osif/osif_baremetal.o
                0x000034f0                SysTick_Handler
 .text.OSIF_SemaWait
                0x00003500       0x94 ./SDK/rtos/osif/osif_baremetal.o
                0x00003500                OSIF_SemaWait
 .text.OSIF_SemaPost
                0x00003594       0x2c ./SDK/rtos/osif/osif_baremetal.o
                0x00003594                OSIF_SemaPost
 .text.OSIF_SemaCreate
                0x000035c0       0x1c ./SDK/rtos/osif/osif_baremetal.o
                0x000035c0                OSIF_SemaCreate
 .text.InitSPIBuffer
                0x000035dc       0x2a ./Sources/main.o
                0x000035dc                InitSPIBuffer
 *fill*         0x00003606        0x2 
 .text.main     0x00003608      0x114 ./Sources/main.o
                0x00003608                main
 .text.memset   0x0000371c       0x10 C:/NXP/S32DS_ARM_v2.2/S32DS/build_tools/gcc_v6.3/gcc-6.3-arm32-eabi/arm-none-eabi/newlib/lib/thumb/v6-m\libc_nano.a(lib_a-memset.o)
                0x0000371c                memset
 *(.rodata)
 *(.rodata*)
 .rodata.Receive_SlaveConfig0
                0x0000372c       0x14 ./Generated_Code/Receive.o
                0x0000372c                Receive_SlaveConfig0
 .rodata.Send_MasterConfig0
                0x00003740       0x20 ./Generated_Code/Send.o
                0x00003740                Send_MasterConfig0
 .rodata.dmaController1_InitConfig0
                0x00003760        0x2 ./Generated_Code/dmaController1.o
                0x00003760                dmaController1_InitConfig0
 *fill*         0x00003762        0x2 
 .rodata.edmaChnConfigArray
                0x00003764       0x10 ./Generated_Code/dmaController1.o
                0x00003764                edmaChnConfigArray
 .rodata.edmaChnStateArray
                0x00003774       0x10 ./Generated_Code/dmaController1.o
                0x00003774                edmaChnStateArray
 .rodata.CLOCK_SYS_GetSimClkOutFreq
                0x00003784       0x3c ./SDK/platform/drivers/src/clock/S32K1xx/clock_S32K1xx.o
 .rodata.CLOCK_DRV_GetFreq
                0x000037c0       0x74 ./SDK/platform/drivers/src/clock/S32K1xx/clock_S32K1xx.o
 .rodata.clockNameMappings
                0x00003834       0x8c ./SDK/platform/drivers/src/clock/S32K1xx/clock_S32K1xx.o
                0x00003834                clockNameMappings
 .rodata.maxSysClksInRUN.6114
                0x000038c0       0x54 ./SDK/platform/drivers/src/clock/S32K1xx/clock_S32K1xx.o
 .rodata.maxSysClksInVLPR.6113
                0x00003914       0x54 ./SDK/platform/drivers/src/clock/S32K1xx/clock_S32K1xx.o
 .rodata.peripheralFeaturesList
                0x00003968       0x46 ./SDK/platform/drivers/src/clock/S32K1xx/clock_S32K1xx.o
                0x00003968                peripheralFeaturesList
 *fill*         0x000039ae        0x2 
 .rodata.s_baudratePrescaler
                0x000039b0       0x20 ./SDK/platform/drivers/src/lpspi/lpspi_hw_access.o
 .rodata.s_baudratePrescaler
                0x000039d0       0x20 ./SDK/platform/drivers/src/lpspi/lpspi_master_driver.o
 *(.init)
 .init          0x000039f0        0x4 c:/nxp/s32ds_arm_v2.2/s32ds/build_tools/gcc_v6.3/gcc-6.3-arm32-eabi/bin/../lib/gcc/arm-none-eabi/6.3.1/thumb/v6-m/crti.o
                0x000039f0                _init
 *(.fini)
 .fini          0x000039f4        0x4 c:/nxp/s32ds_arm_v2.2/s32ds/build_tools/gcc_v6.3/gcc-6.3-arm32-eabi/bin/../lib/gcc/arm-none-eabi/6.3.1/thumb/v6-m/crti.o
                0x000039f4                _fini
 *(.eh_frame)
                0x000039f8                . = ALIGN (0x4)

.glue_7         0x000039f8        0x0
 .glue_7        0x000039f8        0x0 linker stubs

.glue_7t        0x000039f8        0x0
 .glue_7t       0x000039f8        0x0 linker stubs

.vfp11_veneer   0x000039f8        0x0
 .vfp11_veneer  0x000039f8        0x0 linker stubs

.v4_bx          0x000039f8        0x0
 .v4_bx         0x000039f8        0x0 linker stubs

.iplt           0x000039f8        0x0
 .iplt          0x000039f8        0x0 c:/nxp/s32ds_arm_v2.2/s32ds/build_tools/gcc_v6.3/gcc-6.3-arm32-eabi/bin/../lib/gcc/arm-none-eabi/6.3.1/thumb/v6-m/crtbegin.o

.rel.dyn        0x000039f8        0x0
 .rel.iplt      0x000039f8        0x0 c:/nxp/s32ds_arm_v2.2/s32ds/build_tools/gcc_v6.3/gcc-6.3-arm32-eabi/bin/../lib/gcc/arm-none-eabi/6.3.1/thumb/v6-m/crtbegin.o

.ARM            0x000039f8        0x0
                0x000039f8                __exidx_start = .
 *(.ARM.exidx*)
                0x000039f8                __exidx_end = .
                0x000039f8                __etext = .
                0x000039f8                __DATA_ROM = .

.interrupts_ram
                0x20000000       0xc0
                0x20000000                . = ALIGN (0x4)
                0x20000000                __VECTOR_RAM__ = .
                0x20000000                __RAM_START = .
                0x20000000                __interrupts_ram_start__ = .
 *(.m_interrupts_ram)
                0x200000c0                . = (. + M_VECTOR_RAM_SIZE)
 *fill*         0x20000000       0xc0 
                0x200000c0                . = ALIGN (0x4)
                0x200000c0                __interrupts_ram_end__ = .
                0x20000000                __VECTOR_RAM = DEFINED (__flash_vector_table__)?ORIGIN (m_interrupts):__VECTOR_RAM__
                0x000000c0                __RAM_VECTOR_TABLE_SIZE = DEFINED (__flash_vector_table__)?0x0:(__interrupts_ram_end__ - __interrupts_ram_start__)

.data           0x200000c0      0x254 load address 0x000039f8
                0x200000c0                . = ALIGN (0x4)
                0x200000c0                __DATA_RAM = .
                0x200000c0                __data_start__ = .
 *(.data)
 *(.data*)
 .data.clockMan1_InitConfig0
                0x200000c0       0x78 ./Generated_Code/clockMan1.o
                0x200000c0                clockMan1_InitConfig0
 .data.g_clockManConfigsArr
                0x20000138        0x4 ./Generated_Code/clockMan1.o
                0x20000138                g_clockManConfigsArr
 .data.peripheralClockConfig0
                0x2000013c       0x28 ./Generated_Code/clockMan1.o
                0x2000013c                peripheralClockConfig0
 .data.dmaController1Chn0_Config
                0x20000164       0x10 ./Generated_Code/dmaController1.o
                0x20000164                dmaController1Chn0_Config
 .data.dmaController1Chn1_Config
                0x20000174       0x10 ./Generated_Code/dmaController1.o
                0x20000174                dmaController1Chn1_Config
 .data.dmaController1Chn2_Config
                0x20000184       0x10 ./Generated_Code/dmaController1.o
                0x20000184                dmaController1Chn2_Config
 .data.dmaController1Chn3_Config
                0x20000194       0x10 ./Generated_Code/dmaController1.o
                0x20000194                dmaController1Chn3_Config
 .data.g_pin_mux_InitConfigArr
                0x200001a4       0xf0 ./Generated_Code/pin_mux.o
                0x200001a4                g_pin_mux_InitConfigArr
 .data.peripheralClockConfig.5905
                0x20000294       0x73 ./SDK/platform/drivers/src/clock/S32K1xx/clock_S32K1xx.o
 *fill*         0x20000307        0x1 
 .data.g_lpspiBase
                0x20000308        0x8 ./SDK/platform/drivers/src/lpspi/lpspi_shared_function.o
                0x20000308                g_lpspiBase
 .data.g_lpspiIrqId
                0x20000310        0x2 ./SDK/platform/drivers/src/lpspi/lpspi_shared_function.o
                0x20000310                g_lpspiIrqId
                0x20000314                . = ALIGN (0x4)
 *fill*         0x20000312        0x2 
                0x20000314                __data_end__ = .
                0x00003c4c                __DATA_END = (__DATA_ROM + (__data_end__ - __data_start__))
                0x00003c4c                __CODE_ROM = __DATA_END

.igot.plt       0x20000314        0x0 load address 0x00003c4c
 .igot.plt      0x20000314        0x0 c:/nxp/s32ds_arm_v2.2/s32ds/build_tools/gcc_v6.3/gcc-6.3-arm32-eabi/bin/../lib/gcc/arm-none-eabi/6.3.1/thumb/v6-m/crtbegin.o

.code           0x20000314        0x0 load address 0x00003c4c
                0x20000314                . = ALIGN (0x4)
                0x20000314                __CODE_RAM = .
                0x20000314                __code_start__ = .
                0x20000314                __code_ram_start__ = .
 *(.code_ram)
                0x20000314                . = ALIGN (0x4)
                0x20000314                __code_end__ = .
                0x20000314                __code_ram_end__ = .
                0x00003c4c                __CODE_END = (__CODE_ROM + (__code_end__ - __code_start__))
                0x00003c4c                __CUSTOM_ROM = __CODE_END

.customSectionBlock
                0x1ffffc00        0x0 load address 0x00003c4c
                0x1ffffc00                __customSectionStart = .
                0x1ffffc00                __customSection_start__ = .
 *(.customSection)
                0x1ffffc00                __customSection_end__ = .
                0x00003c4c                __CUSTOM_END = (__CUSTOM_ROM + (__customSection_end__ - __customSection_start__))
                0x00003c4c                __rom_end = __CUSTOM_END

.bss            0x200030c0       0xf8
                0x200030c0                . = ALIGN (0x4)
                0x200030c0                __BSS_START = .
                0x200030c0                __bss_start__ = .
 *(.bss)
 *(.bss*)
 .bss.g_clockManCallbacksArr
                0x200030c0        0x4 ./Generated_Code/clockMan1.o
                0x200030c0                g_clockManCallbacksArr
 .bss.g_clockState
                0x200030c4       0x10 ./SDK/platform/drivers/src/clock/S32K1xx/clock_S32K1xx.o
 .bss.s_virtEdmaState
                0x200030d4        0x4 ./SDK/platform/drivers/src/edma/edma_driver.o
 .bss.g_interruptDisableCount
                0x200030d8        0x4 ./SDK/platform/drivers/src/interrupt/interrupt_manager.o
 .bss.g_lpspiStatePtr
                0x200030dc        0x8 ./SDK/platform/drivers/src/lpspi/lpspi_shared_function.o
                0x200030dc                g_lpspiStatePtr
 .bss.s_osif_tick_cnt
                0x200030e4        0x4 ./SDK/rtos/osif/osif_baremetal.o
 .bss.exit_code
                0x200030e8        0x4 ./Sources/main.o
                0x200030e8                exit_code
 *(COMMON)
 COMMON         0x200030ec       0x34 ./Generated_Code/Receive.o
                0x200030ec                ReceiveState
 COMMON         0x20003120       0x34 ./Generated_Code/Send.o
                0x20003120                SendState
 COMMON         0x20003154       0x50 ./Generated_Code/dmaController1.o
                0x20003154                dmaController1Chn1_State
                0x20003164                dmaController1Chn3_State
                0x20003174                dmaController1Chn2_State
                0x20003184                dmaController1_State
                0x20003194                dmaController1Chn0_State
 COMMON         0x200031a4       0x14 ./SDK/platform/drivers/src/clock/S32K1xx/clock_S32K1xx.o
                0x200031a4                g_xtal0ClkFreq
                0x200031a8                g_RtcClkInFreq
                0x200031ac                g_TClkFreq
                0x200031b8                . = ALIGN (0x4)
                0x200031b8                __bss_end__ = .
                0x200031b8                __BSS_END = .

.heap           0x200031b8      0x200
                0x200031b8                . = ALIGN (0x8)
                0x200031b8                __end__ = .
                0x200031b8                __heap_start__ = .
                [!provide]                PROVIDE (end, .)
                [!provide]                PROVIDE (_end, .)
                [!provide]                PROVIDE (__end, .)
                0x200031b8                __HeapBase = .
                0x200033b8                . = (. + HEAP_SIZE)
 *fill*         0x200031b8      0x200 
                0x200033b8                __HeapLimit = .
                0x200033b8                __heap_limit = .
                0x200033b8                __heap_end__ = .
                0x20005800                __StackTop = (ORIGIN (m_data_2) + LENGTH (m_data_2))
                0x20005600                __StackLimit = (__StackTop - STACK_SIZE)
                0x20005800                PROVIDE (__stack, __StackTop)
                0x20005800                __RAM_END = __StackTop

.stack          0x20005600      0x200
                0x20005600                . = ALIGN (0x8)
                0x20005600                __stack_start__ = .
                0x20005800                . = (. + STACK_SIZE)
 *fill*         0x20005600      0x200 
                0x20005800                __stack_end__ = .

.ARM.attributes
                0x00000000       0x28
 *(.ARM.attributes)
 .ARM.attributes
                0x00000000       0x1e c:/nxp/s32ds_arm_v2.2/s32ds/build_tools/gcc_v6.3/gcc-6.3-arm32-eabi/bin/../lib/gcc/arm-none-eabi/6.3.1/thumb/v6-m/crti.o
 .ARM.attributes
                0x0000001e       0x32 ./Generated_Code/Receive.o
 .ARM.attributes
                0x00000050       0x32 ./Generated_Code/Send.o
 .ARM.attributes
                0x00000082       0x32 ./Generated_Code/clockMan1.o
 .ARM.attributes
                0x000000b4       0x32 ./Generated_Code/dmaController1.o
 .ARM.attributes
                0x000000e6       0x32 ./Generated_Code/pin_mux.o
 .ARM.attributes
                0x00000118       0x1b ./Project_Settings/Startup_Code/startup_S32K118.o
 .ARM.attributes
                0x00000133       0x32 ./SDK/platform/devices/S32K118/startup/system_S32K118.o
 .ARM.attributes
                0x00000165       0x32 ./SDK/platform/devices/startup.o
 .ARM.attributes
                0x00000197       0x32 ./SDK/platform/drivers/src/clock/S32K1xx/clock_S32K1xx.o
 .ARM.attributes
                0x000001c9       0x32 ./SDK/platform/drivers/src/edma/edma_driver.o
 .ARM.attributes
                0x000001fb       0x32 ./SDK/platform/drivers/src/edma/edma_hw_access.o
 .ARM.attributes
                0x0000022d       0x32 ./SDK/platform/drivers/src/edma/edma_irq.o
 .ARM.attributes
                0x0000025f       0x32 ./SDK/platform/drivers/src/interrupt/interrupt_manager.o
 .ARM.attributes
                0x00000291       0x32 ./SDK/platform/drivers/src/lpspi/lpspi_hw_access.o
 .ARM.attributes
                0x000002c3       0x32 ./SDK/platform/drivers/src/lpspi/lpspi_irq.o
 .ARM.attributes
                0x000002f5       0x32 ./SDK/platform/drivers/src/lpspi/lpspi_master_driver.o
 .ARM.attributes
                0x00000327       0x32 ./SDK/platform/drivers/src/lpspi/lpspi_shared_function.o
 .ARM.attributes
                0x00000359       0x32 ./SDK/platform/drivers/src/lpspi/lpspi_slave_driver.o
 .ARM.attributes
                0x0000038b       0x32 ./SDK/platform/drivers/src/pins/pins_driver.o
 .ARM.attributes
                0x000003bd       0x32 ./SDK/platform/drivers/src/pins/pins_port_hw_access.o
 .ARM.attributes
                0x000003ef       0x32 ./SDK/rtos/osif/osif_baremetal.o
 .ARM.attributes
                0x00000421       0x32 ./Sources/main.o
 .ARM.attributes
                0x00000453       0x1e c:/nxp/s32ds_arm_v2.2/s32ds/build_tools/gcc_v6.3/gcc-6.3-arm32-eabi/bin/../lib/gcc/arm-none-eabi/6.3.1/thumb/v6-m\libgcc.a(_udivsi3.o)
 .ARM.attributes
                0x00000471       0x1e c:/nxp/s32ds_arm_v2.2/s32ds/build_tools/gcc_v6.3/gcc-6.3-arm32-eabi/bin/../lib/gcc/arm-none-eabi/6.3.1/thumb/v6-m\libgcc.a(_divsi3.o)
 .ARM.attributes
                0x0000048f       0x1e c:/nxp/s32ds_arm_v2.2/s32ds/build_tools/gcc_v6.3/gcc-6.3-arm32-eabi/bin/../lib/gcc/arm-none-eabi/6.3.1/thumb/v6-m\libgcc.a(_dvmd_tls.o)
 .ARM.attributes
                0x000004ad       0x2c C:/NXP/S32DS_ARM_v2.2/S32DS/build_tools/gcc_v6.3/gcc-6.3-arm32-eabi/arm-none-eabi/newlib/lib/thumb/v6-m\libc_nano.a(lib_a-memset.o)
                0x00000001                ASSERT ((__rom_end <= (ORIGIN (m_text) + LENGTH (m_text))), Region m_text overflowed!)
                0x00000001                ASSERT ((__StackLimit >= __HeapLimit), region m_data_2 overflowed with stack and heap)
OUTPUT(lpspi_dma_s32k118.elf elf32-littlearm)

.debug_info     0x00000000    0x1f904
 .debug_info    0x00000000     0x1ea9 ./Generated_Code/Receive.o
 .debug_info    0x00001ea9     0x1ea9 ./Generated_Code/Send.o
 .debug_info    0x00003d52     0x1ec5 ./Generated_Code/clockMan1.o
 .debug_info    0x00005c17     0x1f2b ./Generated_Code/dmaController1.o
 .debug_info    0x00007b42      0x404 ./Generated_Code/pin_mux.o
 .debug_info    0x00007f46       0x26 ./Project_Settings/Startup_Code/startup_S32K118.o
 .debug_info    0x00007f6c      0x3f3 ./SDK/platform/devices/S32K118/startup/system_S32K118.o
 .debug_info    0x0000835f      0x295 ./SDK/platform/devices/startup.o
 .debug_info    0x000085f4     0x565c ./SDK/platform/drivers/src/clock/S32K1xx/clock_S32K1xx.o
 .debug_info    0x0000dc50     0x46a5 ./SDK/platform/drivers/src/edma/edma_driver.o
 .debug_info    0x000122f5      0xa51 ./SDK/platform/drivers/src/edma/edma_hw_access.o
 .debug_info    0x00012d46      0x515 ./SDK/platform/drivers/src/edma/edma_irq.o
 .debug_info    0x0001325b      0xa7c ./SDK/platform/drivers/src/interrupt/interrupt_manager.o
 .debug_info    0x00013cd7     0x11e3 ./SDK/platform/drivers/src/lpspi/lpspi_hw_access.o
 .debug_info    0x00014eba      0x5f3 ./SDK/platform/drivers/src/lpspi/lpspi_irq.o
 .debug_info    0x000154ad     0x2ddf ./SDK/platform/drivers/src/lpspi/lpspi_master_driver.o
 .debug_info    0x0001828c      0xa27 ./SDK/platform/drivers/src/lpspi/lpspi_shared_function.o
 .debug_info    0x00018cb3     0x24c3 ./SDK/platform/drivers/src/lpspi/lpspi_slave_driver.o
 .debug_info    0x0001b176     0x13f0 ./SDK/platform/drivers/src/pins/pins_driver.o
 .debug_info    0x0001c566      0x72c ./SDK/platform/drivers/src/pins/pins_port_hw_access.o
 .debug_info    0x0001cc92      0xb57 ./SDK/rtos/osif/osif_baremetal.o
 .debug_info    0x0001d7e9     0x211b ./Sources/main.o

.debug_abbrev   0x00000000     0x2f96
 .debug_abbrev  0x00000000      0x151 ./Generated_Code/Receive.o
 .debug_abbrev  0x00000151      0x151 ./Generated_Code/Send.o
 .debug_abbrev  0x000002a2      0x15e ./Generated_Code/clockMan1.o
 .debug_abbrev  0x00000400      0x151 ./Generated_Code/dmaController1.o
 .debug_abbrev  0x00000551       0xcd ./Generated_Code/pin_mux.o
 .debug_abbrev  0x0000061e       0x14 ./Project_Settings/Startup_Code/startup_S32K118.o
 .debug_abbrev  0x00000632      0x14c ./SDK/platform/devices/S32K118/startup/system_S32K118.o
 .debug_abbrev  0x0000077e       0xe1 ./SDK/platform/devices/startup.o
 .debug_abbrev  0x0000085f      0x423 ./SDK/platform/drivers/src/clock/S32K1xx/clock_S32K1xx.o
 .debug_abbrev  0x00000c82      0x437 ./SDK/platform/drivers/src/edma/edma_driver.o
 .debug_abbrev  0x000010b9      0x240 ./SDK/platform/drivers/src/edma/edma_hw_access.o
 .debug_abbrev  0x000012f9      0x1aa ./SDK/platform/drivers/src/edma/edma_irq.o
 .debug_abbrev  0x000014a3      0x269 ./SDK/platform/drivers/src/interrupt/interrupt_manager.o
 .debug_abbrev  0x0000170c      0x2c4 ./SDK/platform/drivers/src/lpspi/lpspi_hw_access.o
 .debug_abbrev  0x000019d0      0x14f ./SDK/platform/drivers/src/lpspi/lpspi_irq.o
 .debug_abbrev  0x00001b1f      0x41a ./SDK/platform/drivers/src/lpspi/lpspi_master_driver.o
 .debug_abbrev  0x00001f39      0x252 ./SDK/platform/drivers/src/lpspi/lpspi_shared_function.o
 .debug_abbrev  0x0000218b      0x407 ./SDK/platform/drivers/src/lpspi/lpspi_slave_driver.o
 .debug_abbrev  0x00002592      0x2fc ./SDK/platform/drivers/src/pins/pins_driver.o
 .debug_abbrev  0x0000288e      0x1f1 ./SDK/platform/drivers/src/pins/pins_port_hw_access.o
 .debug_abbrev  0x00002a7f      0x315 ./SDK/rtos/osif/osif_baremetal.o
 .debug_abbrev  0x00002d94      0x202 ./Sources/main.o

.debug_aranges  0x00000000      0x7c8
 .debug_aranges
                0x00000000       0x18 ./Generated_Code/Receive.o
 .debug_aranges
                0x00000018       0x18 ./Generated_Code/Send.o
 .debug_aranges
                0x00000030       0x18 ./Generated_Code/clockMan1.o
 .debug_aranges
                0x00000048       0x18 ./Generated_Code/dmaController1.o
 .debug_aranges
                0x00000060       0x18 ./Generated_Code/pin_mux.o
 .debug_aranges
                0x00000078       0x20 ./Project_Settings/Startup_Code/startup_S32K118.o
 .debug_aranges
                0x00000098       0x30 ./SDK/platform/devices/S32K118/startup/system_S32K118.o
 .debug_aranges
                0x000000c8       0x20 ./SDK/platform/devices/startup.o
 .debug_aranges
                0x000000e8      0x110 ./SDK/platform/drivers/src/clock/S32K1xx/clock_S32K1xx.o
 .debug_aranges
                0x000001f8      0x140 ./SDK/platform/drivers/src/edma/edma_driver.o
 .debug_aranges
                0x00000338       0x88 ./SDK/platform/drivers/src/edma/edma_hw_access.o
 .debug_aranges
                0x000003c0       0x40 ./SDK/platform/drivers/src/edma/edma_irq.o
 .debug_aranges
                0x00000400       0x68 ./SDK/platform/drivers/src/interrupt/interrupt_manager.o
 .debug_aranges
                0x00000468       0x70 ./SDK/platform/drivers/src/lpspi/lpspi_hw_access.o
 .debug_aranges
                0x000004d8       0x28 ./SDK/platform/drivers/src/lpspi/lpspi_irq.o
 .debug_aranges
                0x00000500       0x90 ./SDK/platform/drivers/src/lpspi/lpspi_master_driver.o
 .debug_aranges
                0x00000590       0x38 ./SDK/platform/drivers/src/lpspi/lpspi_shared_function.o
 .debug_aranges
                0x000005c8       0x60 ./SDK/platform/drivers/src/lpspi/lpspi_slave_driver.o
 .debug_aranges
                0x00000628       0xd0 ./SDK/platform/drivers/src/pins/pins_driver.o
 .debug_aranges
                0x000006f8       0x38 ./SDK/platform/drivers/src/pins/pins_port_hw_access.o
 .debug_aranges
                0x00000730       0x70 ./SDK/rtos/osif/osif_baremetal.o
 .debug_aranges
                0x000007a0       0x28 ./Sources/main.o

.debug_macro    0x00000000     0xea7c
 .debug_macro   0x00000000      0x1a4 ./Generated_Code/Receive.o
 .debug_macro   0x000001a4     0xc804 ./Generated_Code/Receive.o
 .debug_macro   0x0000c9a8       0x10 ./Generated_Code/Receive.o
 .debug_macro   0x0000c9b8       0x22 ./Generated_Code/Receive.o
 .debug_macro   0x0000c9da      0x1a4 ./Generated_Code/Send.o
 .debug_macro   0x0000cb7e      0x199 ./Generated_Code/clockMan1.o
 .debug_macro   0x0000cd17      0x19d ./Generated_Code/dmaController1.o
 .debug_macro   0x0000ceb4       0xdc ./Generated_Code/pin_mux.o
 .debug_macro   0x0000cf90       0xb5 ./SDK/platform/devices/S32K118/startup/system_S32K118.o
 .debug_macro   0x0000d045       0xb6 ./SDK/platform/devices/startup.o
 .debug_macro   0x0000d0fb       0x40 ./SDK/platform/devices/startup.o
 .debug_macro   0x0000d13b      0x284 ./SDK/platform/drivers/src/clock/S32K1xx/clock_S32K1xx.o
 .debug_macro   0x0000d3bf       0xf7 ./SDK/platform/drivers/src/edma/edma_driver.o
 .debug_macro   0x0000d4b6       0xcc ./SDK/platform/drivers/src/edma/edma_hw_access.o
 .debug_macro   0x0000d582       0xd0 ./SDK/platform/drivers/src/edma/edma_irq.o
 .debug_macro   0x0000d652       0xc9 ./SDK/platform/drivers/src/interrupt/interrupt_manager.o
 .debug_macro   0x0000d71b      0x10a ./SDK/platform/drivers/src/lpspi/lpspi_hw_access.o
 .debug_macro   0x0000d825      0x135 ./SDK/platform/drivers/src/lpspi/lpspi_irq.o
 .debug_macro   0x0000d95a       0x4c ./SDK/platform/drivers/src/lpspi/lpspi_irq.o
 .debug_macro   0x0000d9a6       0x55 ./SDK/platform/drivers/src/lpspi/lpspi_irq.o
 .debug_macro   0x0000d9fb       0x3c ./SDK/platform/drivers/src/lpspi/lpspi_irq.o
 .debug_macro   0x0000da37       0x9c ./SDK/platform/drivers/src/lpspi/lpspi_irq.o
 .debug_macro   0x0000dad3       0x16 ./SDK/platform/drivers/src/lpspi/lpspi_irq.o
 .debug_macro   0x0000dae9       0x57 ./SDK/platform/drivers/src/lpspi/lpspi_irq.o
 .debug_macro   0x0000db40      0x1d4 ./SDK/platform/drivers/src/lpspi/lpspi_master_driver.o
 .debug_macro   0x0000dd14       0x52 ./SDK/platform/drivers/src/lpspi/lpspi_master_driver.o
 .debug_macro   0x0000dd66       0x1f ./SDK/platform/drivers/src/lpspi/lpspi_master_driver.o
 .debug_macro   0x0000dd85       0x43 ./SDK/platform/drivers/src/lpspi/lpspi_master_driver.o
 .debug_macro   0x0000ddc8       0x20 ./SDK/platform/drivers/src/lpspi/lpspi_master_driver.o
 .debug_macro   0x0000dde8      0x1a3 ./SDK/platform/drivers/src/lpspi/lpspi_master_driver.o
 .debug_macro   0x0000df8b      0x330 ./SDK/platform/drivers/src/lpspi/lpspi_master_driver.o
 .debug_macro   0x0000e2bb       0x10 ./SDK/platform/drivers/src/lpspi/lpspi_master_driver.o
 .debug_macro   0x0000e2cb       0x35 ./SDK/platform/drivers/src/lpspi/lpspi_master_driver.o
 .debug_macro   0x0000e300      0x13e ./SDK/platform/drivers/src/lpspi/lpspi_shared_function.o
 .debug_macro   0x0000e43e      0x1ce ./SDK/platform/drivers/src/lpspi/lpspi_slave_driver.o
 .debug_macro   0x0000e60c       0xdd ./SDK/platform/drivers/src/pins/pins_driver.o
 .debug_macro   0x0000e6e9       0xdd ./SDK/platform/drivers/src/pins/pins_port_hw_access.o
 .debug_macro   0x0000e7c6       0xfb ./SDK/rtos/osif/osif_baremetal.o
 .debug_macro   0x0000e8c1      0x1bb ./Sources/main.o

.debug_line     0x00000000     0x9da3
 .debug_line    0x00000000      0x638 ./Generated_Code/Receive.o
 .debug_line    0x00000638      0x635 ./Generated_Code/Send.o
 .debug_line    0x00000c6d      0x63a ./Generated_Code/clockMan1.o
 .debug_line    0x000012a7      0x63f ./Generated_Code/dmaController1.o
 .debug_line    0x000018e6      0x41b ./Generated_Code/pin_mux.o
 .debug_line    0x00001d01       0xd4 ./Project_Settings/Startup_Code/startup_S32K118.o
 .debug_line    0x00001dd5      0x448 ./SDK/platform/devices/S32K118/startup/system_S32K118.o
 .debug_line    0x0000221d      0x3cd ./SDK/platform/devices/startup.o
 .debug_line    0x000025ea     0x131a ./SDK/platform/drivers/src/clock/S32K1xx/clock_S32K1xx.o
 .debug_line    0x00003904     0x1131 ./SDK/platform/drivers/src/edma/edma_driver.o
 .debug_line    0x00004a35      0x652 ./SDK/platform/drivers/src/edma/edma_hw_access.o
 .debug_line    0x00005087      0x4e5 ./SDK/platform/drivers/src/edma/edma_irq.o
 .debug_line    0x0000556c      0x649 ./SDK/platform/drivers/src/interrupt/interrupt_manager.o
 .debug_line    0x00005bb5      0x6f6 ./SDK/platform/drivers/src/lpspi/lpspi_hw_access.o
 .debug_line    0x000062ab      0x5c4 ./SDK/platform/drivers/src/lpspi/lpspi_irq.o
 .debug_line    0x0000686f      0xad5 ./SDK/platform/drivers/src/lpspi/lpspi_master_driver.o
 .debug_line    0x00007344      0x6b7 ./SDK/platform/drivers/src/lpspi/lpspi_shared_function.o
 .debug_line    0x000079fb      0x969 ./SDK/platform/drivers/src/lpspi/lpspi_slave_driver.o
 .debug_line    0x00008364      0x763 ./SDK/platform/drivers/src/pins/pins_driver.o
 .debug_line    0x00008ac7      0x5a2 ./SDK/platform/drivers/src/pins/pins_port_hw_access.o
 .debug_line    0x00009069      0x65e ./SDK/rtos/osif/osif_baremetal.o
 .debug_line    0x000096c7      0x6dc ./Sources/main.o

.debug_str      0x00000000    0x63136
 .debug_str     0x00000000    0x5ae0e ./Generated_Code/Receive.o
                              0x5b0d8 (size before relaxing)
 .debug_str     0x0005ae0e       0x19 ./Generated_Code/Send.o
                              0x5b0d5 (size before relaxing)
 .debug_str     0x0005ae27       0x1e ./Generated_Code/clockMan1.o
                              0x5b0da (size before relaxing)
 .debug_str     0x0005ae45       0x23 ./Generated_Code/dmaController1.o
                              0x5b0df (size before relaxing)
 .debug_str     0x0005ae68       0x1c ./Generated_Code/pin_mux.o
                              0x584c7 (size before relaxing)
 .debug_str     0x0005ae84       0x81 ./Project_Settings/Startup_Code/startup_S32K118.o
                                 0xc5 (size before relaxing)
 .debug_str     0x0005af05      0x187 ./SDK/platform/devices/S32K118/startup/system_S32K118.o
                              0x57fe7 (size before relaxing)
 .debug_str     0x0005b08c      0x39e ./SDK/platform/devices/startup.o
                              0x581d5 (size before relaxing)
 .debug_str     0x0005b42a     0x1f68 ./SDK/platform/drivers/src/clock/S32K1xx/clock_S32K1xx.o
                              0x5bdea (size before relaxing)
 .debug_str     0x0005d392     0x127d ./SDK/platform/drivers/src/edma/edma_driver.o
                              0x5a925 (size before relaxing)
 .debug_str     0x0005e60f       0x7d ./SDK/platform/drivers/src/edma/edma_hw_access.o
                              0x58706 (size before relaxing)
 .debug_str     0x0005e68c       0xd3 ./SDK/platform/drivers/src/edma/edma_irq.o
                              0x58379 (size before relaxing)
 .debug_str     0x0005e75f      0x1c2 ./SDK/platform/drivers/src/interrupt/interrupt_manager.o
                              0x58572 (size before relaxing)
 .debug_str     0x0005e921      0x53b ./SDK/platform/drivers/src/lpspi/lpspi_hw_access.o
                              0x599fe (size before relaxing)
 .debug_str     0x0005ee5c      0x522 ./SDK/platform/drivers/src/lpspi/lpspi_irq.o
                              0x58d0d (size before relaxing)
 .debug_str     0x0005f37e     0x3239 ./SDK/platform/drivers/src/lpspi/lpspi_master_driver.o
                              0x5d0f2 (size before relaxing)
 .debug_str     0x000625b7      0x11b ./SDK/platform/drivers/src/lpspi/lpspi_shared_function.o
                              0x58f76 (size before relaxing)
 .debug_str     0x000626d2      0x18b ./SDK/platform/drivers/src/lpspi/lpspi_slave_driver.o
                              0x5cb5f (size before relaxing)
 .debug_str     0x0006285d      0x5cf ./SDK/platform/drivers/src/pins/pins_driver.o
                              0x592a3 (size before relaxing)
 .debug_str     0x00062e2c       0x94 ./SDK/platform/drivers/src/pins/pins_port_hw_access.o
                              0x58612 (size before relaxing)
 .debug_str     0x00062ec0      0x1dd ./SDK/rtos/osif/osif_baremetal.o
                              0x590de (size before relaxing)
 .debug_str     0x0006309d       0x99 ./Sources/main.o
                              0x5b219 (size before relaxing)

.comment        0x00000000       0xa0
 .comment       0x00000000       0xa0 ./Generated_Code/Receive.o
                                 0xa1 (size before relaxing)
 .comment       0x000000a0       0xa1 ./Generated_Code/Send.o
 .comment       0x000000a0       0xa1 ./Generated_Code/clockMan1.o
 .comment       0x000000a0       0xa1 ./Generated_Code/dmaController1.o
 .comment       0x000000a0       0xa1 ./Generated_Code/pin_mux.o
 .comment       0x000000a0       0xa1 ./SDK/platform/devices/S32K118/startup/system_S32K118.o
 .comment       0x000000a0       0xa1 ./SDK/platform/devices/startup.o
 .comment       0x000000a0       0xa1 ./SDK/platform/drivers/src/clock/S32K1xx/clock_S32K1xx.o
 .comment       0x000000a0       0xa1 ./SDK/platform/drivers/src/edma/edma_driver.o
 .comment       0x000000a0       0xa1 ./SDK/platform/drivers/src/edma/edma_hw_access.o
 .comment       0x000000a0       0xa1 ./SDK/platform/drivers/src/edma/edma_irq.o
 .comment       0x000000a0       0xa1 ./SDK/platform/drivers/src/interrupt/interrupt_manager.o
 .comment       0x000000a0       0xa1 ./SDK/platform/drivers/src/lpspi/lpspi_hw_access.o
 .comment       0x000000a0       0xa1 ./SDK/platform/drivers/src/lpspi/lpspi_irq.o
 .comment       0x000000a0       0xa1 ./SDK/platform/drivers/src/lpspi/lpspi_master_driver.o
 .comment       0x000000a0       0xa1 ./SDK/platform/drivers/src/lpspi/lpspi_shared_function.o
 .comment       0x000000a0       0xa1 ./SDK/platform/drivers/src/lpspi/lpspi_slave_driver.o
 .comment       0x000000a0       0xa1 ./SDK/platform/drivers/src/pins/pins_driver.o
 .comment       0x000000a0       0xa1 ./SDK/platform/drivers/src/pins/pins_port_hw_access.o
 .comment       0x000000a0       0xa1 ./SDK/rtos/osif/osif_baremetal.o
 .comment       0x000000a0       0xa1 ./Sources/main.o

.debug_loc      0x00000000     0xc3d5
 .debug_loc     0x00000000       0xc0 ./SDK/platform/devices/S32K118/startup/system_S32K118.o
 .debug_loc     0x000000c0       0x32 ./SDK/platform/devices/startup.o
 .debug_loc     0x000000f2     0x4133 ./SDK/platform/drivers/src/clock/S32K1xx/clock_S32K1xx.o
 .debug_loc     0x00004225     0x3213 ./SDK/platform/drivers/src/edma/edma_driver.o
 .debug_loc     0x00007438      0x894 ./SDK/platform/drivers/src/edma/edma_hw_access.o
 .debug_loc     0x00007ccc       0x63 ./SDK/platform/drivers/src/edma/edma_irq.o
 .debug_loc     0x00007d2f      0x677 ./SDK/platform/drivers/src/interrupt/interrupt_manager.o
 .debug_loc     0x000083a6      0x8bb ./SDK/platform/drivers/src/lpspi/lpspi_hw_access.o
 .debug_loc     0x00008c61     0x151e ./SDK/platform/drivers/src/lpspi/lpspi_master_driver.o
 .debug_loc     0x0000a17f      0x3a7 ./SDK/platform/drivers/src/lpspi/lpspi_shared_function.o
 .debug_loc     0x0000a526      0xd25 ./SDK/platform/drivers/src/lpspi/lpspi_slave_driver.o
 .debug_loc     0x0000b24b      0x9d7 ./SDK/platform/drivers/src/pins/pins_driver.o
 .debug_loc     0x0000bc22      0x395 ./SDK/platform/drivers/src/pins/pins_port_hw_access.o
 .debug_loc     0x0000bfb7      0x38b ./SDK/rtos/osif/osif_baremetal.o
 .debug_loc     0x0000c342       0x93 ./Sources/main.o

.debug_ranges   0x00000000      0xab0
 .debug_ranges  0x00000000       0x20 ./SDK/platform/devices/S32K118/startup/system_S32K118.o
 .debug_ranges  0x00000020       0x10 ./SDK/platform/devices/startup.o
 .debug_ranges  0x00000030      0x368 ./SDK/platform/drivers/src/clock/S32K1xx/clock_S32K1xx.o
 .debug_ranges  0x00000398      0x1a8 ./SDK/platform/drivers/src/edma/edma_driver.o
 .debug_ranges  0x00000540       0x90 ./SDK/platform/drivers/src/edma/edma_hw_access.o
 .debug_ranges  0x000005d0       0x30 ./SDK/platform/drivers/src/edma/edma_irq.o
 .debug_ranges  0x00000600       0x88 ./SDK/platform/drivers/src/interrupt/interrupt_manager.o
 .debug_ranges  0x00000688       0xf0 ./SDK/platform/drivers/src/lpspi/lpspi_hw_access.o
 .debug_ranges  0x00000778       0x18 ./SDK/platform/drivers/src/lpspi/lpspi_irq.o
 .debug_ranges  0x00000790       0xe0 ./SDK/platform/drivers/src/lpspi/lpspi_master_driver.o
 .debug_ranges  0x00000870       0x40 ./SDK/platform/drivers/src/lpspi/lpspi_shared_function.o
 .debug_ranges  0x000008b0       0x50 ./SDK/platform/drivers/src/lpspi/lpspi_slave_driver.o
 .debug_ranges  0x00000900       0xd8 ./SDK/platform/drivers/src/pins/pins_driver.o
 .debug_ranges  0x000009d8       0x28 ./SDK/platform/drivers/src/pins/pins_port_hw_access.o
 .debug_ranges  0x00000a00       0x98 ./SDK/rtos/osif/osif_baremetal.o
 .debug_ranges  0x00000a98       0x18 ./Sources/main.o

.debug_frame    0x00000000     0x121c
 .debug_frame   0x00000000       0x48 ./SDK/platform/devices/S32K118/startup/system_S32K118.o
 .debug_frame   0x00000048       0x2c ./SDK/platform/devices/startup.o
 .debug_frame   0x00000074      0x31c ./SDK/platform/drivers/src/clock/S32K1xx/clock_S32K1xx.o
 .debug_frame   0x00000390      0x384 ./SDK/platform/drivers/src/edma/edma_driver.o
 .debug_frame   0x00000714      0x138 ./SDK/platform/drivers/src/edma/edma_hw_access.o
 .debug_frame   0x0000084c       0x8c ./SDK/platform/drivers/src/edma/edma_irq.o
 .debug_frame   0x000008d8       0xc8 ./SDK/platform/drivers/src/interrupt/interrupt_manager.o
 .debug_frame   0x000009a0       0xf0 ./SDK/platform/drivers/src/lpspi/lpspi_hw_access.o
 .debug_frame   0x00000a90       0x40 ./SDK/platform/drivers/src/lpspi/lpspi_irq.o
 .debug_frame   0x00000ad0      0x1c4 ./SDK/platform/drivers/src/lpspi/lpspi_master_driver.o
 .debug_frame   0x00000c94       0x84 ./SDK/platform/drivers/src/lpspi/lpspi_shared_function.o
 .debug_frame   0x00000d18      0x110 ./SDK/platform/drivers/src/lpspi/lpspi_slave_driver.o
 .debug_frame   0x00000e28      0x1dc ./SDK/platform/drivers/src/pins/pins_driver.o
 .debug_frame   0x00001004       0x74 ./SDK/platform/drivers/src/pins/pins_port_hw_access.o
 .debug_frame   0x00001078       0xf4 ./SDK/rtos/osif/osif_baremetal.o
 .debug_frame   0x0000116c       0x50 ./Sources/main.o
 .debug_frame   0x000011bc       0x20 c:/nxp/s32ds_arm_v2.2/s32ds/build_tools/gcc_v6.3/gcc-6.3-arm32-eabi/bin/../lib/gcc/arm-none-eabi/6.3.1/thumb/v6-m\libgcc.a(_udivsi3.o)
 .debug_frame   0x000011dc       0x20 c:/nxp/s32ds_arm_v2.2/s32ds/build_tools/gcc_v6.3/gcc-6.3-arm32-eabi/bin/../lib/gcc/arm-none-eabi/6.3.1/thumb/v6-m\libgcc.a(_divsi3.o)
 .debug_frame   0x000011fc       0x20 C:/NXP/S32DS_ARM_v2.2/S32DS/build_tools/gcc_v6.3/gcc-6.3-arm32-eabi/arm-none-eabi/newlib/lib/thumb/v6-m\libc_nano.a(lib_a-memset.o)
